Archive member included to satisfy reference by file (symbol)

c:/program files (x86)/gnu arm embedded toolchain/10 2021.10/bin/../lib/gcc/arm-none-eabi/10.3.1/../../../../arm-none-eabi/lib/thumb/v8-m.main+fp/hard\libm.a(lib_a-wf_sqrt.o)
                              ./src/main_thread_entry.o (sqrtf)
c:/program files (x86)/gnu arm embedded toolchain/10 2021.10/bin/../lib/gcc/arm-none-eabi/10.3.1/../../../../arm-none-eabi/lib/thumb/v8-m.main+fp/hard\libm.a(lib_a-ef_sqrt.o)
                              c:/program files (x86)/gnu arm embedded toolchain/10 2021.10/bin/../lib/gcc/arm-none-eabi/10.3.1/../../../../arm-none-eabi/lib/thumb/v8-m.main+fp/hard\libm.a(lib_a-wf_sqrt.o) (__ieee754_sqrtf)
c:/program files (x86)/gnu arm embedded toolchain/10 2021.10/bin/../lib/gcc/arm-none-eabi/10.3.1/thumb/v8-m.main+fp/hard\libgcc.a(_arm_muldf3.o)
                              ./src/main_thread_entry.o (__aeabi_dmul)
c:/program files (x86)/gnu arm embedded toolchain/10 2021.10/bin/../lib/gcc/arm-none-eabi/10.3.1/thumb/v8-m.main+fp/hard\libgcc.a(_arm_addsubdf3.o)
                              ./src/main_thread_entry.o (__aeabi_f2d)
c:/program files (x86)/gnu arm embedded toolchain/10 2021.10/bin/../lib/gcc/arm-none-eabi/10.3.1/thumb/v8-m.main+fp/hard\libgcc.a(_aeabi_ldivmod.o)
                              ./ra/fsp/src/r_sci_uart/r_sci_uart.o (__aeabi_ldivmod)
c:/program files (x86)/gnu arm embedded toolchain/10 2021.10/bin/../lib/gcc/arm-none-eabi/10.3.1/thumb/v8-m.main+fp/hard\libgcc.a(_udivmoddi4.o)
                              c:/program files (x86)/gnu arm embedded toolchain/10 2021.10/bin/../lib/gcc/arm-none-eabi/10.3.1/thumb/v8-m.main+fp/hard\libgcc.a(_aeabi_ldivmod.o) (__udivmoddi4)
c:/program files (x86)/gnu arm embedded toolchain/10 2021.10/bin/../lib/gcc/arm-none-eabi/10.3.1/thumb/v8-m.main+fp/hard\libgcc.a(unwind-arm.o)
                              ./src/main_thread_entry.o (__aeabi_unwind_cpp_pr1)
c:/program files (x86)/gnu arm embedded toolchain/10 2021.10/bin/../lib/gcc/arm-none-eabi/10.3.1/thumb/v8-m.main+fp/hard\libgcc.a(libunwind.o)
                              c:/program files (x86)/gnu arm embedded toolchain/10 2021.10/bin/../lib/gcc/arm-none-eabi/10.3.1/thumb/v8-m.main+fp/hard\libgcc.a(unwind-arm.o) (restore_core_regs)
c:/program files (x86)/gnu arm embedded toolchain/10 2021.10/bin/../lib/gcc/arm-none-eabi/10.3.1/thumb/v8-m.main+fp/hard\libgcc.a(pr-support.o)
                              c:/program files (x86)/gnu arm embedded toolchain/10 2021.10/bin/../lib/gcc/arm-none-eabi/10.3.1/thumb/v8-m.main+fp/hard\libgcc.a(unwind-arm.o) (__gnu_unwind_execute)
c:/program files (x86)/gnu arm embedded toolchain/10 2021.10/bin/../lib/gcc/arm-none-eabi/10.3.1/thumb/v8-m.main+fp/hard\libgcc.a(_dvmd_tls.o)
                              c:/program files (x86)/gnu arm embedded toolchain/10 2021.10/bin/../lib/gcc/arm-none-eabi/10.3.1/thumb/v8-m.main+fp/hard\libgcc.a(_aeabi_ldivmod.o) (__aeabi_ldiv0)
c:/program files (x86)/gnu arm embedded toolchain/10 2021.10/bin/../lib/gcc/arm-none-eabi/10.3.1/../../../../arm-none-eabi/lib/thumb/v8-m.main+fp/hard\libg_nano.a(lib_a-abort.o)
                              c:/program files (x86)/gnu arm embedded toolchain/10 2021.10/bin/../lib/gcc/arm-none-eabi/10.3.1/thumb/v8-m.main+fp/hard\libgcc.a(unwind-arm.o) (abort)
c:/program files (x86)/gnu arm embedded toolchain/10 2021.10/bin/../lib/gcc/arm-none-eabi/10.3.1/../../../../arm-none-eabi/lib/thumb/v8-m.main+fp/hard\libg_nano.a(lib_a-errno.o)
                              ./ra/fsp/src/bsp/mcu/all/bsp_sbrk.o (__errno)
c:/program files (x86)/gnu arm embedded toolchain/10 2021.10/bin/../lib/gcc/arm-none-eabi/10.3.1/../../../../arm-none-eabi/lib/thumb/v8-m.main+fp/hard\libg_nano.a(lib_a-exit.o)
                              c:/program files (x86)/gnu arm embedded toolchain/10 2021.10/bin/../lib/gcc/arm-none-eabi/10.3.1/../../../../arm-none-eabi/lib/thumb/v8-m.main+fp/hard/rdimon-crt0.o (exit)
c:/program files (x86)/gnu arm embedded toolchain/10 2021.10/bin/../lib/gcc/arm-none-eabi/10.3.1/../../../../arm-none-eabi/lib/thumb/v8-m.main+fp/hard\libg_nano.a(lib_a-impure.o)
                              c:/program files (x86)/gnu arm embedded toolchain/10 2021.10/bin/../lib/gcc/arm-none-eabi/10.3.1/../../../../arm-none-eabi/lib/thumb/v8-m.main+fp/hard\libg_nano.a(lib_a-exit.o) (_global_impure_ptr)
c:/program files (x86)/gnu arm embedded toolchain/10 2021.10/bin/../lib/gcc/arm-none-eabi/10.3.1/../../../../arm-none-eabi/lib/thumb/v8-m.main+fp/hard\libg_nano.a(lib_a-init.o)
                              c:/program files (x86)/gnu arm embedded toolchain/10 2021.10/bin/../lib/gcc/arm-none-eabi/10.3.1/../../../../arm-none-eabi/lib/thumb/v8-m.main+fp/hard/rdimon-crt0.o (__libc_init_array)
c:/program files (x86)/gnu arm embedded toolchain/10 2021.10/bin/../lib/gcc/arm-none-eabi/10.3.1/../../../../arm-none-eabi/lib/thumb/v8-m.main+fp/hard\libg_nano.a(lib_a-memcpy-stub.o)
[...]
Memory Configuration

Name             Origin             Length             Attributes
FLASH            0x00000000         0x00100000         xr
RAM              0x20000000         0x00080000         xrw
DATA_FLASH       0x08000000         0x00002000         xr
QSPI_FLASH       0x60000000         0x04000000         xr
OSPI_DEVICE_0    0x68000000         0x08000000         xr
OSPI_DEVICE_1    0x70000000         0x10000000         xr
OSPI_DEVICE_0_RAM 0x68000000         0x08000000         xrw
OSPI_DEVICE_1_RAM 0x70000000         0x10000000         xrw
SDRAM            0x90000000         0x00000000         xrw
OPTION_SETTING   0x0100a100         0x00000100         r
OPTION_SETTING_S 0x0100a200         0x00000100         r
ID_CODE          0x00000000         0x00000000         xr
*default*        0x00000000         0xffffffff

Linker script and memory map

LOAD c:/program files (x86)/gnu arm embedded toolchain/10 2021.10/bin/../lib/gcc/arm-none-eabi/10.3.1/thumb/v8-m.main+fp/hard/crti.o
LOAD c:/program files (x86)/gnu arm embedded toolchain/10 2021.10/bin/../lib/gcc/arm-none-eabi/10.3.1/thumb/v8-m.main+fp/hard/crtbegin.o
LOAD c:/program files (x86)/gnu arm embedded toolchain/10 2021.10/bin/../lib/gcc/arm-none-eabi/10.3.1/../../../../arm-none-eabi/lib/thumb/v8-m.main+fp/hard/rdimon-crt0.o
START GROUP
LOAD ./src/serial/comms/usb/r_usb_pcdc_descriptor.o
LOAD ./src/serial/comms/usb/usb_comms.o
LOAD ./src/serial/comms/uart/comms.o
LOAD ./src/serial/serial.o
LOAD ./src/hal_entry.o
LOAD ./src/main_thread_entry.o
LOAD ./ra_gen/common_data.o
LOAD ./ra_gen/hal_data.o
LOAD ./ra_gen/main.o
LOAD ./ra_gen/main_thread.o
LOAD ./ra_gen/pin_data.o
LOAD ./ra_gen/vector_data.o
LOAD ./ra/fsp/src/rm_freertos_port/port.o
LOAD ./ra/fsp/src/r_usb_pcdc/src/r_usb_pcdc_driver.o
LOAD ./ra/fsp/src/r_usb_basic/src/hw/r_usb_creg_abs.o
LOAD ./ra/fsp/src/r_usb_basic/src/hw/r_usb_creg_access.o
LOAD ./ra/fsp/src/r_usb_basic/src/hw/r_usb_dma.o
LOAD ./ra/fsp/src/r_usb_basic/src/hw/r_usb_hostelectrical.o
LOAD ./ra/fsp/src/r_usb_basic/src/hw/r_usb_hreg_abs.o
LOAD ./ra/fsp/src/r_usb_basic/src/hw/r_usb_hreg_access.o
LOAD ./ra/fsp/src/r_usb_basic/src/hw/r_usb_mcu.o
LOAD ./ra/fsp/src/r_usb_basic/src/hw/r_usb_preg_abs.o
LOAD ./ra/fsp/src/r_usb_basic/src/hw/r_usb_preg_access.o
LOAD ./ra/fsp/src/r_usb_basic/src/driver/r_usb_cdataio.o
LOAD ./ra/fsp/src/r_usb_basic/src/driver/r_usb_clibusbip.o
LOAD ./ra/fsp/src/r_usb_basic/src/driver/r_usb_cstd_rtos.o
LOAD ./ra/fsp/src/r_usb_basic/src/driver/r_usb_hbc.o
LOAD ./ra/fsp/src/r_usb_basic/src/driver/r_usb_hcontrolrw.o
LOAD ./ra/fsp/src/r_usb_basic/src/driver/r_usb_hdriver.o
LOAD ./ra/fsp/src/r_usb_basic/src/driver/r_usb_hhubsys.o
LOAD ./ra/fsp/src/r_usb_basic/src/driver/r_usb_hintfifo.o
LOAD ./ra/fsp/src/r_usb_basic/src/driver/r_usb_hinthandler_usbip0.o
LOAD ./ra/fsp/src/r_usb_basic/src/driver/r_usb_hinthandler_usbip1.o
LOAD ./ra/fsp/src/r_usb_basic/src/driver/r_usb_hlibusbip.o
LOAD ./ra/fsp/src/r_usb_basic/src/driver/r_usb_hmanager.o
LOAD ./ra/fsp/src/r_usb_basic/src/driver/r_usb_hscheduler.o
LOAD ./ra/fsp/src/r_usb_basic/src/driver/r_usb_hsignal.o
LOAD ./ra/fsp/src/r_usb_basic/src/driver/r_usb_hstdfunction.o
LOAD ./ra/fsp/src/r_usb_basic/src/driver/r_usb_pbc.o
LOAD ./ra/fsp/src/r_usb_basic/src/driver/r_usb_pcontrolrw.o
LOAD ./ra/fsp/src/r_usb_basic/src/driver/r_usb_pdriver.o
LOAD ./ra/fsp/src/r_usb_basic/src/driver/r_usb_pintfifo.o
LOAD ./ra/fsp/src/r_usb_basic/src/driver/r_usb_pinthandler_usbip0.o
LOAD ./ra/fsp/src/r_usb_basic/src/driver/r_usb_plibusbip.o
LOAD ./ra/fsp/src/r_usb_basic/src/driver/r_usb_psignal.o
LOAD ./ra/fsp/src/r_usb_basic/src/driver/r_usb_pstdfunction.o
LOAD ./ra/fsp/src/r_usb_basic/src/driver/r_usb_pstdrequest.o
LOAD ./ra/fsp/src/r_usb_basic/r_usb_basic.o
LOAD ./ra/fsp/src/r_sci_uart/r_sci_uart.o
LOAD ./ra/fsp/src/r_ioport/r_ioport.o
LOAD ./ra/fsp/src/r_iic_master/r_iic_master.o
LOAD ./ra/fsp/src/r_gpt/r_gpt.o
LOAD ./ra/fsp/src/r_crc/r_crc.o
LOAD ./ra/fsp/src/r_adc/r_adc.o
LOAD ./ra/fsp/src/bsp/mcu/all/bsp_clocks.o
LOAD ./ra/fsp/src/bsp/mcu/all/bsp_common.o
LOAD ./ra/fsp/src/bsp/mcu/all/bsp_delay.o
LOAD ./ra/fsp/src/bsp/mcu/all/bsp_group_irq.o
LOAD ./ra/fsp/src/bsp/mcu/all/bsp_guard.o
LOAD ./ra/fsp/src/bsp/mcu/all/bsp_io.o
LOAD ./ra/fsp/src/bsp/mcu/all/bsp_irq.o
LOAD ./ra/fsp/src/bsp/mcu/all/bsp_register_protection.o
LOAD ./ra/fsp/src/bsp/mcu/all/bsp_rom_registers.o
LOAD ./ra/fsp/src/bsp/mcu/all/bsp_sbrk.o
LOAD ./ra/fsp/src/bsp/mcu/all/bsp_security.o
LOAD ./ra/fsp/src/bsp/cmsis/Device/RENESAS/Source/startup.o
LOAD ./ra/fsp/src/bsp/cmsis/Device/RENESAS/Source/system.o
LOAD ./ra/aws/FreeRTOS/FreeRTOS/Source/portable/MemMang/heap_4.o
LOAD ./ra/aws/FreeRTOS/FreeRTOS/Source/event_groups.o
LOAD ./ra/aws/FreeRTOS/FreeRTOS/Source/list.o
LOAD ./ra/aws/FreeRTOS/FreeRTOS/Source/queue.o
LOAD ./ra/aws/FreeRTOS/FreeRTOS/Source/stream_buffer.o
LOAD ./ra/aws/FreeRTOS/FreeRTOS/Source/tasks.o
LOAD ./ra/aws/FreeRTOS/FreeRTOS/Source/timers.o
END GROUP
LOAD c:/program files (x86)/gnu arm embedded toolchain/10 2021.10/bin/../lib/gcc/arm-none-eabi/10.3.1/../../../../arm-none-eabi/lib/thumb/v8-m.main+fp/hard\libstdc++_nano.a
LOAD c:/program files (x86)/gnu arm embedded toolchain/10 2021.10/bin/../lib/gcc/arm-none-eabi/10.3.1/../../../../arm-none-eabi/lib/thumb/v8-m.main+fp/hard\libm.a
START GROUP
LOAD c:/program files (x86)/gnu arm embedded toolchain/10 2021.10/bin/../lib/gcc/arm-none-eabi/10.3.1/thumb/v8-m.main+fp/hard\libgcc.a
LOAD c:/program files (x86)/gnu arm embedded toolchain/10 2021.10/bin/../lib/gcc/arm-none-eabi/10.3.1/../../../../arm-none-eabi/lib/thumb/v8-m.main+fp/hard\libg_nano.a
LOAD c:/program files (x86)/gnu arm embedded toolchain/10 2021.10/bin/../lib/gcc/arm-none-eabi/10.3.1/../../../../arm-none-eabi/lib/thumb/v8-m.main+fp/hard\libc_nano.a
END GROUP
START GROUP
LOAD c:/program files (x86)/gnu arm embedded toolchain/10 2021.10/bin/../lib/gcc/arm-none-eabi/10.3.1/thumb/v8-m.main+fp/hard\libgcc.a
LOAD c:/program files (x86)/gnu arm embedded toolchain/10 2021.10/bin/../lib/gcc/arm-none-eabi/10.3.1/../../../../arm-none-eabi/lib/thumb/v8-m.main+fp/hard\libc_nano.a
LOAD c:/program files (x86)/gnu arm embedded toolchain/10 2021.10/bin/../lib/gcc/arm-none-eabi/10.3.1/../../../../arm-none-eabi/lib/thumb/v8-m.main+fp/hard\librdimon_nano.a
END GROUP
START GROUP
LOAD c:/program files (x86)/gnu arm embedded toolchain/10 2021.10/bin/../lib/gcc/arm-none-eabi/10.3.1/thumb/v8-m.main+fp/hard\libgcc.a
LOAD c:/program files (x86)/gnu arm embedded toolchain/10 2021.10/bin/../lib/gcc/arm-none-eabi/10.3.1/../../../../arm-none-eabi/lib/thumb/v8-m.main+fp/hard\libc_nano.a
LOAD c:/program files (x86)/gnu arm embedded toolchain/10 2021.10/bin/../lib/gcc/arm-none-eabi/10.3.1/../../../../arm-none-eabi/lib/thumb/v8-m.main+fp/hard\librdimon_nano.a
END GROUP
LOAD c:/program files (x86)/gnu arm embedded toolchain/10 2021.10/bin/../lib/gcc/arm-none-eabi/10.3.1/thumb/v8-m.main+fp/hard/crtend.o
LOAD c:/program files (x86)/gnu arm embedded toolchain/10 2021.10/bin/../lib/gcc/arm-none-eabi/10.3.1/thumb/v8-m.main+fp/hard/crtn.o
                0x20000000                RAM_START = 0x20000000
                0x00080000                RAM_LENGTH = 0x80000
                0x00000000                FLASH_START = 0x0
                0x00100000                FLASH_LENGTH = 0x100000
                0x08000000                DATA_FLASH_START = 0x8000000
                0x00002000                DATA_FLASH_LENGTH = 0x2000
                0x0100a100                OPTION_SETTING_START = 0x100a100
                0x00000100                OPTION_SETTING_LENGTH = 0x100
                0x0100a200                OPTION_SETTING_S_START = 0x100a200
                0x00000100                OPTION_SETTING_S_LENGTH = 0x100
                0x00000000                ID_CODE_START = 0x0
                0x00000000                ID_CODE_LENGTH = 0x0
                0x90000000                SDRAM_START = 0x90000000
                0x00000000                SDRAM_LENGTH = 0x0
                0x60000000                QSPI_FLASH_START = 0x60000000
                0x04000000                QSPI_FLASH_LENGTH = 0x4000000
                0x68000000                OSPI_DEVICE_0_START = 0x68000000
                0x08000000                OSPI_DEVICE_0_LENGTH = 0x8000000
                0x70000000                OSPI_DEVICE_1_START = 0x70000000
                0x10000000                OSPI_DEVICE_1_LENGTH = 0x10000000
                0x04000000                QSPI_FLASH_PRV_LENGTH = DEFINED (QSPI_FLASH_SIZE)?ABSOLUTE (QSPI_FLASH_SIZE):ABSOLUTE (QSPI_FLASH_LENGTH)
                0x08000000                OSPI_DEVICE_0_PRV_LENGTH = DEFINED (OSPI_DEVICE_0_SIZE)?ABSOLUTE (OSPI_DEVICE_0_SIZE):ABSOLUTE (OSPI_DEVICE_0_LENGTH)
                0x10000000                OSPI_DEVICE_1_PRV_LENGTH = DEFINED (OSPI_DEVICE_1_SIZE)?ABSOLUTE (OSPI_DEVICE_1_SIZE):ABSOLUTE (OSPI_DEVICE_1_LENGTH)
                0x00000000                __RESERVE_NS_RAM = ((! (DEFINED (PROJECT_NONSECURE)) && DEFINED (RAM_NS_BUFFER_LENGTH)) && (OPTION_SETTING_S_LENGTH != 0x0))
                0x00000000                RAM_NS_BUFFER_BLOCK_LENGTH = DEFINED (RAM_NS_BUFFER_LENGTH)?ALIGN (RAM_NS_BUFFER_LENGTH, 0x2000):0x0
                0x00000000                RAM_NS_BUFFER_LENGTH = DEFINED (RAM_NS_BUFFER_LENGTH)?RAM_NS_BUFFER_LENGTH:0x0
                0x20080000                RAM_NS_BUFFER_START = ((RAM_START + RAM_LENGTH) - RAM_NS_BUFFER_LENGTH)
                0x20080000                RAM_NS_BUFFER_BLOCK_START = ((RAM_START + RAM_LENGTH) - RAM_NS_BUFFER_BLOCK_LENGTH)
                0x0100a180                OPTION_SETTING_START_NS = 0x100a180
                0x00000001                __bl_FSP_BOOTABLE_IMAGE = 0x1
                0x00000001                __bln_FSP_BOOTABLE_IMAGE = 0x1
                0x00000001                PROJECT_SECURE_OR_FLAT = ((! (DEFINED (PROJECT_NONSECURE)) && OPTION_SETTING_LENGTH) && ! (DEFINED (FSP_BOOTABLE_IMAGE)))
                0x00000000                USE_OPTION_SETTING_NS = (DEFINED (PROJECT_NONSECURE) && ! (DEFINED (FSP_BOOTABLE_IMAGE)))
                0x00000000                __bl_FLASH_IMAGE_START = ! (DEFINED (FLASH_BOOTLOADER_LENGTH))?0x0:(FLASH_APPLICATION_IMAGE_NUMBER == 0x1)?(FLASH_BOOTLOADER_LENGTH + FLASH_BOOTLOADER_HEADER_LENGTH):(((FLASH_BOOTLOADER_LENGTH + FLASH_BOOTLOADER_SCRATCH_LENGTH) + FLASH_APPLICATION_S_LENGTH) + FLASH_BOOTLOADER_HEADER_LENGTH)
                0x00000000                __bl_FLASH_IMAGE_LENGTH = ! (DEFINED (FLASH_BOOTLOADER_LENGTH))?0x0:(FLASH_APPLICATION_S_LENGTH - FLASH_BOOTLOADER_HEADER_LENGTH)
                0x00000000                __bl_FLASH_IMAGE_END = (__bl_FLASH_IMAGE_START + __bl_FLASH_IMAGE_LENGTH)
                0x00000000                __bl_XIP_SECONDARY_FLASH_IMAGE_START = ! (DEFINED (FLASH_BOOTLOADER_LENGTH))?0x0:((FLASH_BOOTLOADER_LENGTH + FLASH_APPLICATION_S_LENGTH) + FLASH_BOOTLOADER_HEADER_LENGTH)
                0x00000000                __bl_XIP_SECONDARY_FLASH_IMAGE_END = (__bl_XIP_SECONDARY_FLASH_IMAGE_START + __bl_FLASH_IMAGE_LENGTH)
                0x00000000                __bl_FLASH_NS_START = ! (DEFINED (FLASH_BOOTLOADER_LENGTH))?0x0:(FLASH_APPLICATION_NS_LENGTH == 0x0)?__bl_FLASH_IMAGE_END:((__bl_FLASH_IMAGE_START - FLASH_BOOTLOADER_HEADER_LENGTH) + FLASH_APPLICATION_S_LENGTH)
                0x00000000                __bl_FLASH_NSC_START = ! (DEFINED (FLASH_BOOTLOADER_LENGTH))?0x0:(FLASH_APPLICATION_NS_LENGTH == 0x0)?__bl_FLASH_IMAGE_END:(__bl_FLASH_NS_START - FLASH_APPLICATION_NSC_LENGTH)
                0x00000000                __bl_RAM_NS_START = ! (DEFINED (FLASH_BOOTLOADER_LENGTH))?0x0:(FLASH_APPLICATION_NS_LENGTH == 0x0)?(RAM_START + RAM_LENGTH):((RAM_START + RAM_LENGTH) - RAM_APPLICATION_NS_LENGTH)
                0x00000000                __bl_RAM_NSC_START = ! (DEFINED (FLASH_BOOTLOADER_LENGTH))?0x0:(FLASH_APPLICATION_NS_LENGTH == 0x0)?(RAM_START + RAM_LENGTH):(__bl_RAM_NS_START - RAM_APPLICATION_NSC_LENGTH)
                0x00000000                __bl_FLASH_NS_IMAGE_START = ! (DEFINED (FLASH_BOOTLOADER_LENGTH))?0x0:(FLASH_APPLICATION_NS_LENGTH == 0x0)?__bl_FLASH_IMAGE_END:(__bl_FLASH_NS_START + FLASH_BOOTLOADER_HEADER_LENGTH_2)
                0x00000000                __bln_FLASH_IMAGE_START = __bl_FLASH_NS_IMAGE_START
                0x00000000                __bln_FLASH_IMAGE_LENGTH = ! (DEFINED (FLASH_BOOTLOADER_LENGTH))?0x0:(FLASH_APPLICATION_NS_LENGTH == 0x0)?__bl_FLASH_IMAGE_END:(FLASH_APPLICATION_NS_LENGTH - FLASH_BOOTLOADER_HEADER_LENGTH_2)
                0x00000000                XIP_SECONDARY_SLOT_IMAGE = DEFINED (XIP_SECONDARY_SLOT_IMAGE)?XIP_SECONDARY_SLOT_IMAGE:0x0
                0x00000000                FLASH_ORIGIN = ! (DEFINED (FLASH_IMAGE_START))?FLASH_START:(XIP_SECONDARY_SLOT_IMAGE == 0x1)?XIP_SECONDARY_FLASH_IMAGE_START:FLASH_IMAGE_START
                0x00100000                LIMITED_FLASH_LENGTH = DEFINED (FLASH_IMAGE_LENGTH)?FLASH_IMAGE_LENGTH:DEFINED (FLASH_BOOTLOADER_LENGTH)?FLASH_BOOTLOADER_LENGTH:FLASH_LENGTH
START GROUP
LOAD c:/program files (x86)/gnu arm embedded toolchain/10 2021.10/bin/../lib/gcc/arm-none-eabi/10.3.1/thumb/v8-m.main+fp/hard\libgcc.a
LOAD c:/program files (x86)/gnu arm embedded toolchain/10 2021.10/bin/../lib/gcc/arm-none-eabi/10.3.1/../../../../arm-none-eabi/lib/thumb/v8-m.main+fp/hard\libc.a
LOAD c:/program files (x86)/gnu arm embedded toolchain/10 2021.10/bin/../lib/gcc/arm-none-eabi/10.3.1/../../../../arm-none-eabi/lib/thumb/v8-m.main+fp/hard\libm.a
LOAD c:/program files (x86)/gnu arm embedded toolchain/10 2021.10/bin/../lib/gcc/arm-none-eabi/10.3.1/../../../../arm-none-eabi/lib/thumb/v8-m.main+fp/hard\libnosys.a
END GROUP

.text           0x00000000     0xc5fc
                0x00000000                __tz_FLASH_S = ABSOLUTE (FLASH_START)
                0x00000000                __ROM_Start = .
 *(.fixed_vectors*)
 .fixed_vectors
                0x00000000       0x40 ./ra/fsp/src/bsp/cmsis/Device/RENESAS/Source/startup.o
                0x00000000                __Vectors
 *(.application_vectors*)
 .application_vectors
                0x00000040      0x180 ./ra_gen/vector_data.o
                0x00000040                g_vector_table
                0x000001c0                __Vectors_End = .
                0x000001c0                . = (OPTION_SETTING_LENGTH > 0x0)?.:(__ROM_Start + 0x400)
 *(.rom_registers*)
                0x000001c0                . = (OPTION_SETTING_LENGTH > 0x0)?.:(__ROM_Start + 0x500)
                0x00000200                . = ALIGN (0x80)
 *fill*         0x000001c0       0x40 ff
 *(.mcuboot_sce9_key*)
 *(.text*)
 .text          0x00000200       0x40 c:/program files (x86)/gnu arm embedded toolchain/10 2021.10/bin/../lib/gcc/arm-none-eabi/10.3.1/thumb/v8-m.main+fp/hard/crtbegin.o
 .text.usb_cdc_rtos_callback
                0x00000240       0xe4 ./src/serial/comms/usb/usb_comms.o
                0x00000240                usb_cdc_rtos_callback
 .text.comms_open
                0x00000324       0x44 ./src/serial/comms/usb/usb_comms.o
                0x00000324                comms_open
 .text.comms_send_low
                0x00000368       0x60 ./src/serial/comms/usb/usb_comms.o
                0x00000368                comms_send_low
 .text.comms_send
                0x000003c8       0x90 ./src/serial/comms/usb/usb_comms.o
                0x000003c8                comms_send
 .text.setupUSB
                0x00000458       0x24 ./src/serial/serial.o
                0x00000458                setupUSB
 .text.write    0x0000047c       0x70 ./src/serial/serial.o
                0x0000047c                write
 .text._printf  0x000004ec       0x44 ./src/serial/serial.o
                0x000004ec                _printf
 .text.R_BSP_WarmStart
                0x00000530       0x18 ./src/hal_entry.o
                0x00000530                R_BSP_WarmStart
 .text._ZL9startScanv
                0x00000548       0x38 ./src/main_thread_entry.o
 .text.adc_callback
                0x00000580       0x14 ./src/main_thread_entry.o
                0x00000580                adc_callback
 .text.main_thread_entry
                0x00000594      0x114 ./src/main_thread_entry.o
                0x00000594                main_thread_entry
 .text.g_common_init
                0x000006a8       0x5c ./ra_gen/common_data.o
                0x000006a8                g_common_init
 .text.g_hal_init
                0x00000704        0x4 ./ra_gen/hal_data.o
                0x00000704                g_hal_init
 .text.rtos_startup_err_callback_internal
                0x00000708        0x4 ./ra_gen/main.o
                0x00000708                rtos_startup_err_callback
                0x00000708                rtos_startup_err_callback_internal
 .text.rtos_startup_common_init
                0x0000070c       0x68 ./ra_gen/main.o
                0x0000070c                rtos_startup_common_init
 .text.startup.main
                0x00000774       0x44 ./ra_gen/main.o
                0x00000774                main
 .text.vApplicationGetIdleTaskMemory
                0x000007b8       0x1c ./ra_gen/main.o
                0x000007b8                vApplicationGetIdleTaskMemory
 .text.vApplicationGetTimerTaskMemory
                0x000007d4       0x1c ./ra_gen/main.o
                0x000007d4                vApplicationGetTimerTaskMemory
 .text.main_thread_func
                0x000007f0       0x18 ./ra_gen/main_thread.o
 .text.main_thread_create
                0x00000808       0x58 ./ra_gen/main_thread.o
                0x00000808                main_thread_create
 .text.prvTaskExitError
                0x00000860        0x4 ./ra/fsp/src/rm_freertos_port/port.o
 .text.SVC_Handler
                0x00000864       0x18 ./ra/fsp/src/rm_freertos_port/port.o
                0x00000864                SVC_Handler
 .text.PendSV_Handler
                0x0000087c       0x44 ./ra/fsp/src/rm_freertos_port/port.o
                0x0000087c                PendSV_Handler
 .text.rm_freertos_port_restore_task_stackless
                0x000008c0       0x24 ./ra/fsp/src/rm_freertos_port/port.o
                0x000008c0                rm_freertos_port_restore_task_stackless
 .text.SysTick_Handler
                0x000008e4       0x24 ./ra/fsp/src/rm_freertos_port/port.o
                0x000008e4                SysTick_Handler
 .text.vPortSVCHandler_C
                0x00000908       0x34 ./ra/fsp/src/rm_freertos_port/port.o
                0x00000908                vPortSVCHandler_C
 .text.pxPortInitialiseStack
                0x0000093c       0x38 ./ra/fsp/src/rm_freertos_port/port.o
                0x0000093c                pxPortInitialiseStack
 .text.vPortEnterCritical
                0x00000974       0x50 ./ra/fsp/src/rm_freertos_port/port.o
                0x00000974                vPortEnterCritical
 .text.vPortExitCritical
                0x000009c4       0x3c ./ra/fsp/src/rm_freertos_port/port.o
                0x000009c4                vPortExitCritical
 .text.rm_freertos_port_sleep_preserving_lpm
                0x00000a00       0x6c ./ra/fsp/src/rm_freertos_port/port.o
                0x00000a00                rm_freertos_port_sleep_preserving_lpm
 .text.vApplicationIdleHook
                0x00000a6c       0x18 ./ra/fsp/src/rm_freertos_port/port.o
                0x00000a6c                vApplicationIdleHook
 .text.vPortSetupTimerInterrupt
                0x00000a84       0x44 ./ra/fsp/src/rm_freertos_port/port.o
                0x00000a84                vPortSetupTimerInterrupt
 .text.xPortStartScheduler
                0x00000ac8       0x3c ./ra/fsp/src/rm_freertos_port/port.o
                0x00000ac8                xPortStartScheduler
 .text.vPortValidateInterruptPriority
                0x00000b04       0x1c ./ra/fsp/src/rm_freertos_port/port.o
                0x00000b04                vPortValidateInterruptPriority
 .text.usb_pcdc_read_complete
                0x00000b20       0x78 ./ra/fsp/src/r_usb_pcdc/src/r_usb_pcdc_driver.o
                0x00000b20                usb_pcdc_read_complete
 .text.usb_pcdc_write_complete
                0x00000b98       0x60 ./ra/fsp/src/r_usb_pcdc/src/r_usb_pcdc_driver.o
                0x00000b98                usb_pcdc_write_complete
 .text.usb_cstd_get_buf_size
                0x00000bf8       0x4c ./ra/fsp/src/r_usb_basic/src/hw/r_usb_creg_abs.o
                0x00000bf8                usb_cstd_get_buf_size
 .text.usb_cstd_pipe_init
                0x00000c44      0x178 ./ra/fsp/src/r_usb_basic/src/hw/r_usb_creg_abs.o
                0x00000c44                usb_cstd_pipe_init
 .text.usb_cstd_clr_pipe_cnfg
                0x00000dbc       0xe4 ./ra/fsp/src/r_usb_basic/src/hw/r_usb_creg_abs.o
                0x00000dbc                usb_cstd_clr_pipe_cnfg
 .text.usb_cstd_set_nak
                0x00000ea0       0x28 ./ra/fsp/src/r_usb_basic/src/hw/r_usb_creg_abs.o
                0x00000ea0                usb_cstd_set_nak
 .text.usb_cstd_is_set_frdy
                0x00000ec8       0x5c ./ra/fsp/src/r_usb_basic/src/hw/r_usb_creg_abs.o
                0x00000ec8                usb_cstd_is_set_frdy
 .text.usb_cstd_chg_curpipe
                0x00000f24       0x2c ./ra/fsp/src/r_usb_basic/src/hw/r_usb_creg_abs.o
                0x00000f24                usb_cstd_chg_curpipe
 .text.usb_cstd_set_transaction_counter
                0x00000f50       0x28 ./ra/fsp/src/r_usb_basic/src/hw/r_usb_creg_abs.o
                0x00000f50                usb_cstd_set_transaction_counter
 .text.usb_cstd_clr_transaction_counter
                0x00000f78       0x18 ./ra/fsp/src/r_usb_basic/src/hw/r_usb_creg_abs.o
                0x00000f78                usb_cstd_clr_transaction_counter
 .text.hw_usb_read_syscfg
                0x00000f90       0x34 ./ra/fsp/src/r_usb_basic/src/hw/r_usb_creg_access.o
                0x00000f90                hw_usb_read_syscfg
 .text.hw_usb_set_cnen
                0x00000fc4       0x18 ./ra/fsp/src/r_usb_basic/src/hw/r_usb_creg_access.o
                0x00000fc4                hw_usb_set_cnen
 .text.hw_usb_clear_cnen
                0x00000fdc       0x30 ./ra/fsp/src/r_usb_basic/src/hw/r_usb_creg_access.o
                0x00000fdc                hw_usb_clear_cnen
 .text.hw_usb_set_hse
                0x0000100c       0x2c ./ra/fsp/src/r_usb_basic/src/hw/r_usb_creg_access.o
                0x0000100c                hw_usb_set_hse
 .text.hw_usb_read_syssts
                0x00001038       0x34 ./ra/fsp/src/r_usb_basic/src/hw/r_usb_creg_access.o
                0x00001038                hw_usb_read_syssts
 .text.hw_usb_read_dvstctr
                0x0000106c       0x34 ./ra/fsp/src/r_usb_basic/src/hw/r_usb_creg_access.o
                0x0000106c                hw_usb_read_dvstctr
 .text.hw_usb_set_utst
                0x000010a0       0x24 ./ra/fsp/src/r_usb_basic/src/hw/r_usb_creg_access.o
                0x000010a0                hw_usb_set_utst
 .text.hw_usb_read_fifo32
                0x000010c4       0x2c ./ra/fsp/src/r_usb_basic/src/hw/r_usb_creg_access.o
                0x000010c4                hw_usb_read_fifo32
 .text.hw_usb_write_fifo32
                0x000010f0       0x28 ./ra/fsp/src/r_usb_basic/src/hw/r_usb_creg_access.o
                0x000010f0                hw_usb_write_fifo32
 .text.hw_usb_read_fifo16
                0x00001118       0x34 ./ra/fsp/src/r_usb_basic/src/hw/r_usb_creg_access.o
                0x00001118                hw_usb_read_fifo16
 .text.hw_usb_write_fifo16
                0x0000114c       0x5c ./ra/fsp/src/r_usb_basic/src/hw/r_usb_creg_access.o
                0x0000114c                hw_usb_write_fifo16
 .text.hw_usb_write_fifo8
                0x000011a8       0x5c ./ra/fsp/src/r_usb_basic/src/hw/r_usb_creg_access.o
                0x000011a8                hw_usb_write_fifo8
 .text.hw_usb_read_fifosel
                0x00001204       0x6c ./ra/fsp/src/r_usb_basic/src/hw/r_usb_creg_access.o
                0x00001204                hw_usb_read_fifosel
 .text.hw_usb_rmw_fifosel
                0x00001270       0x84 ./ra/fsp/src/r_usb_basic/src/hw/r_usb_creg_access.o
                0x00001270                hw_usb_rmw_fifosel
 .text.hw_usb_set_mbw
                0x000012f4       0x8c ./ra/fsp/src/r_usb_basic/src/hw/r_usb_creg_access.o
                0x000012f4                hw_usb_set_mbw
 .text.hw_usb_read_fifoctr
                0x00001380       0x74 ./ra/fsp/src/r_usb_basic/src/hw/r_usb_creg_access.o
                0x00001380                hw_usb_read_fifoctr
 .text.hw_usb_set_bval
                0x000013f4       0x70 ./ra/fsp/src/r_usb_basic/src/hw/r_usb_creg_access.o
                0x000013f4                hw_usb_set_bval
 .text.hw_usb_set_bclr
                0x00001464       0x78 ./ra/fsp/src/r_usb_basic/src/hw/r_usb_creg_access.o
                0x00001464                hw_usb_set_bclr
 .text.hw_usb_set_brdyenb
                0x000014dc       0x38 ./ra/fsp/src/r_usb_basic/src/hw/r_usb_creg_access.o
                0x000014dc                hw_usb_set_brdyenb
 .text.hw_usb_clear_brdyenb
                0x00001514       0x3c ./ra/fsp/src/r_usb_basic/src/hw/r_usb_creg_access.o
                0x00001514                hw_usb_clear_brdyenb
 .text.hw_usb_set_nrdyenb
                0x00001550       0x38 ./ra/fsp/src/r_usb_basic/src/hw/r_usb_creg_access.o
                0x00001550                hw_usb_set_nrdyenb
 .text.hw_usb_clear_nrdyenb
                0x00001588       0x3c ./ra/fsp/src/r_usb_basic/src/hw/r_usb_creg_access.o
                0x00001588                hw_usb_clear_nrdyenb
 .text.hw_usb_set_bempenb
                0x000015c4       0x60 ./ra/fsp/src/r_usb_basic/src/hw/r_usb_creg_access.o
                0x000015c4                hw_usb_set_bempenb
 .text.hw_usb_clear_bempenb
                0x00001624       0x3c ./ra/fsp/src/r_usb_basic/src/hw/r_usb_creg_access.o
                0x00001624                hw_usb_clear_bempenb
 .text.hw_usb_read_intsts
                0x00001660       0x20 ./ra/fsp/src/r_usb_basic/src/hw/r_usb_creg_access.o
                0x00001660                hw_usb_read_intsts
 .text.hw_usb_clear_sts_brdy
                0x00001680       0x48 ./ra/fsp/src/r_usb_basic/src/hw/r_usb_creg_access.o
                0x00001680                hw_usb_clear_sts_brdy
 .text.hw_usb_clear_status_nrdy
                0x000016c8       0x48 ./ra/fsp/src/r_usb_basic/src/hw/r_usb_creg_access.o
                0x000016c8                hw_usb_clear_status_nrdy
 .text.hw_usb_clear_status_bemp
                0x00001710       0x48 ./ra/fsp/src/r_usb_basic/src/hw/r_usb_creg_access.o
                0x00001710                hw_usb_clear_status_bemp
 .text.hw_usb_read_frmnum
                0x00001758       0x38 ./ra/fsp/src/r_usb_basic/src/hw/r_usb_creg_access.o
                0x00001758                hw_usb_read_frmnum
 .text.hw_usb_read_usbreq
                0x00001790       0x20 ./ra/fsp/src/r_usb_basic/src/hw/r_usb_creg_access.o
                0x00001790                hw_usb_read_usbreq
 .text.hw_usb_read_usbval
                0x000017b0       0x20 ./ra/fsp/src/r_usb_basic/src/hw/r_usb_creg_access.o
                0x000017b0                hw_usb_read_usbval
 .text.hw_usb_read_usbindx
                0x000017d0       0x20 ./ra/fsp/src/r_usb_basic/src/hw/r_usb_creg_access.o
                0x000017d0                hw_usb_read_usbindx
 .text.hw_usb_read_usbleng
                0x000017f0       0x20 ./ra/fsp/src/r_usb_basic/src/hw/r_usb_creg_access.o
                0x000017f0                hw_usb_read_usbleng
 .text.hw_usb_read_dcpcfg
                0x00001810       0x38 ./ra/fsp/src/r_usb_basic/src/hw/r_usb_creg_access.o
                0x00001810                hw_usb_read_dcpcfg
 .text.hw_usb_write_dcpcfg
                0x00001848       0x30 ./ra/fsp/src/r_usb_basic/src/hw/r_usb_creg_access.o
                0x00001848                hw_usb_write_dcpcfg
 .text.hw_usb_read_dcpmaxp
                0x00001878       0x38 ./ra/fsp/src/r_usb_basic/src/hw/r_usb_creg_access.o
                0x00001878                hw_usb_read_dcpmaxp
 .text.hw_usb_write_dcpmxps
                0x000018b0       0x30 ./ra/fsp/src/r_usb_basic/src/hw/r_usb_creg_access.o
                0x000018b0                hw_usb_write_dcpmxps
 .text.hw_usb_read_dcpctr
                0x000018e0       0x20 ./ra/fsp/src/r_usb_basic/src/hw/r_usb_creg_access.o
                0x000018e0                hw_usb_read_dcpctr
 .text.hw_usb_write_pipesel
                0x00001900       0x30 ./ra/fsp/src/r_usb_basic/src/hw/r_usb_creg_access.o
                0x00001900                hw_usb_write_pipesel
 .text.hw_usb_read_pipecfg
                0x00001930       0x38 ./ra/fsp/src/r_usb_basic/src/hw/r_usb_creg_access.o
                0x00001930                hw_usb_read_pipecfg
 .text.hw_usb_write_pipecfg
                0x00001968       0x30 ./ra/fsp/src/r_usb_basic/src/hw/r_usb_creg_access.o
                0x00001968                hw_usb_write_pipecfg
 .text.hw_usb_write_pipebuf
                0x00001998       0x24 ./ra/fsp/src/r_usb_basic/src/hw/r_usb_creg_access.o
                0x00001998                hw_usb_write_pipebuf
 .text.hw_usb_read_pipebuf
                0x000019bc       0x2c ./ra/fsp/src/r_usb_basic/src/hw/r_usb_creg_access.o
                0x000019bc                hw_usb_read_pipebuf
 .text.hw_usb_read_pipemaxp
                0x000019e8       0x38 ./ra/fsp/src/r_usb_basic/src/hw/r_usb_creg_access.o
                0x000019e8                hw_usb_read_pipemaxp
 .text.hw_usb_write_pipemaxp
                0x00001a20       0x30 ./ra/fsp/src/r_usb_basic/src/hw/r_usb_creg_access.o
                0x00001a20                hw_usb_write_pipemaxp
 .text.hw_usb_write_pipeperi
                0x00001a50       0x30 ./ra/fsp/src/r_usb_basic/src/hw/r_usb_creg_access.o
                0x00001a50                hw_usb_write_pipeperi
 .text.hw_usb_read_pipectr
                0x00001a80       0x68 ./ra/fsp/src/r_usb_basic/src/hw/r_usb_creg_access.o
                0x00001a80                hw_usb_read_pipectr
 .text.hw_usb_set_csclr
                0x00001ae8       0x3c ./ra/fsp/src/r_usb_basic/src/hw/r_usb_creg_access.o
                0x00001ae8                hw_usb_set_csclr
 .text.hw_usb_set_aclrm
                0x00001b24       0x44 ./ra/fsp/src/r_usb_basic/src/hw/r_usb_creg_access.o
                0x00001b24                hw_usb_set_aclrm
 .text.hw_usb_clear_aclrm
                0x00001b68       0x3c ./ra/fsp/src/r_usb_basic/src/hw/r_usb_creg_access.o
                0x00001b68                hw_usb_clear_aclrm
 .text.hw_usb_set_sqclr
                0x00001ba4       0x74 ./ra/fsp/src/r_usb_basic/src/hw/r_usb_creg_access.o
                0x00001ba4                hw_usb_set_sqclr
 .text.hw_usb_set_pid
                0x00001c18       0x58 ./ra/fsp/src/r_usb_basic/src/hw/r_usb_creg_access.o
                0x00001c18                hw_usb_set_pid
 .text.hw_usb_clear_pid
                0x00001c70       0x50 ./ra/fsp/src/r_usb_basic/src/hw/r_usb_creg_access.o
                0x00001c70                hw_usb_clear_pid
 .text.hw_usb_set_trenb
                0x00001cc0       0x3c ./ra/fsp/src/r_usb_basic/src/hw/r_usb_creg_access.o
                0x00001cc0                hw_usb_set_trenb
 .text.hw_usb_clear_trenb
                0x00001cfc       0x3c ./ra/fsp/src/r_usb_basic/src/hw/r_usb_creg_access.o
                0x00001cfc                hw_usb_clear_trenb
 .text.hw_usb_set_trclr
                0x00001d38       0x3c ./ra/fsp/src/r_usb_basic/src/hw/r_usb_creg_access.o
                0x00001d38                hw_usb_set_trclr
 .text.hw_usb_write_pipetrn
                0x00001d74       0x34 ./ra/fsp/src/r_usb_basic/src/hw/r_usb_creg_access.o
                0x00001d74                hw_usb_write_pipetrn
 .text.hw_usb_set_suspendm
                0x00001da8       0x1c ./ra/fsp/src/r_usb_basic/src/hw/r_usb_creg_access.o
                0x00001da8                hw_usb_set_suspendm
 .text.hw_usb_clear_suspm
                0x00001dc4       0x1c ./ra/fsp/src/r_usb_basic/src/hw/r_usb_creg_access.o
                0x00001dc4                hw_usb_clear_suspm
 .text.usb_module_start
                0x00001de0       0x50 ./ra/fsp/src/r_usb_basic/src/hw/r_usb_mcu.o
                0x00001de0                usb_module_start
 .text.usb_module_register_clear
                0x00001e30      0x100 ./ra/fsp/src/r_usb_basic/src/hw/r_usb_mcu.o
                0x00001e30                usb_module_register_clear
 .text.usb_module_stop
                0x00001f30       0x7c ./ra/fsp/src/r_usb_basic/src/hw/r_usb_mcu.o
                0x00001f30                usb_module_stop
 .text.usb_cpu_usbint_init
                0x00001fac       0xf8 ./ra/fsp/src/r_usb_basic/src/hw/r_usb_mcu.o
                0x00001fac                usb_cpu_usbint_init
 .text.usb_cpu_delay_1us
                0x000020a4        0x8 ./ra/fsp/src/r_usb_basic/src/hw/r_usb_mcu.o
                0x000020a4                usb_cpu_delay_1us
 .text.usb_cpu_delay_xms
                0x000020ac        0x4 ./ra/fsp/src/r_usb_basic/src/hw/r_usb_mcu.o
                0x000020ac                usb_cpu_delay_xms
 .text.usbfs_interrupt_handler
                0x000020b0       0x30 ./ra/fsp/src/r_usb_basic/src/hw/r_usb_mcu.o
                0x000020b0                usbfs_interrupt_handler
 .text.usbfs_resume_handler
                0x000020e0       0x34 ./ra/fsp/src/r_usb_basic/src/hw/r_usb_mcu.o
                0x000020e0                usbfs_resume_handler
 .text.usbfs_d0fifo_handler
                0x00002114       0x20 ./ra/fsp/src/r_usb_basic/src/hw/r_usb_mcu.o
                0x00002114                usbfs_d0fifo_handler
 .text.usbfs_d1fifo_handler
                0x00002134       0x20 ./ra/fsp/src/r_usb_basic/src/hw/r_usb_mcu.o
                0x00002134                usbfs_d1fifo_handler
 .text.usbhs_interrupt_handler
                0x00002154       0x30 ./ra/fsp/src/r_usb_basic/src/hw/r_usb_mcu.o
                0x00002154                usbhs_interrupt_handler
 .text.usb_pstd_interrupt_handler
                0x00002184      0x1f4 ./ra/fsp/src/r_usb_basic/src/hw/r_usb_preg_abs.o
                0x00002184                usb_pstd_interrupt_handler
 .text.usb_pstd_save_request
                0x00002378       0x48 ./ra/fsp/src/r_usb_basic/src/hw/r_usb_preg_abs.o
                0x00002378                usb_pstd_save_request
 .text.usb_pstd_chk_configured
                0x000023c0       0x1c ./ra/fsp/src/r_usb_basic/src/hw/r_usb_preg_abs.o
                0x000023c0                usb_pstd_chk_configured
 .text.usb_pstd_remote_wakeup
                0x000023dc       0x48 ./ra/fsp/src/r_usb_basic/src/hw/r_usb_preg_abs.o
                0x000023dc                usb_pstd_remote_wakeup
 .text.usb_pstd_test_mode
                0x00002424       0x44 ./ra/fsp/src/r_usb_basic/src/hw/r_usb_preg_abs.o
                0x00002424                usb_pstd_test_mode
 .text.usb_pstd_resume_process
                0x00002468       0x18 ./ra/fsp/src/r_usb_basic/src/hw/r_usb_preg_abs.o
                0x00002468                usb_pstd_resume_process
 .text.usb_pstd_set_stall
                0x00002480        0xc ./ra/fsp/src/r_usb_basic/src/hw/r_usb_preg_abs.o
                0x00002480                usb_pstd_set_stall
 .text.usb_pstd_set_stall_pipe0
                0x0000248c        0x8 ./ra/fsp/src/r_usb_basic/src/hw/r_usb_preg_abs.o
                0x0000248c                usb_pstd_set_stall_pipe0
 .text.usb_pstd_write_fifo
                0x00002494       0xc8 ./ra/fsp/src/r_usb_basic/src/hw/r_usb_preg_abs.o
                0x00002494                usb_pstd_write_fifo
 .text.usb_pstd_read_fifo
                0x0000255c       0x94 ./ra/fsp/src/r_usb_basic/src/hw/r_usb_preg_abs.o
                0x0000255c                usb_pstd_read_fifo
 .text.usb_pstd_forced_termination
                0x000025f0       0xb4 ./ra/fsp/src/r_usb_basic/src/hw/r_usb_preg_abs.o
                0x000025f0                usb_pstd_forced_termination
 .text.usb_pstd_interrupt_clock
                0x000026a4       0x20 ./ra/fsp/src/r_usb_basic/src/hw/r_usb_preg_abs.o
                0x000026a4                usb_pstd_interrupt_clock
 .text.usb_pstd_self_clock
                0x000026c4       0x20 ./ra/fsp/src/r_usb_basic/src/hw/r_usb_preg_abs.o
                0x000026c4                usb_pstd_self_clock
 .text.usb_pstd_stop_clock
                0x000026e4       0x10 ./ra/fsp/src/r_usb_basic/src/hw/r_usb_preg_abs.o
                0x000026e4                usb_pstd_stop_clock
 .text.hw_usb_pset_dprpu
                0x000026f4       0x28 ./ra/fsp/src/r_usb_basic/src/hw/r_usb_preg_access.o
                0x000026f4                hw_usb_pset_dprpu
 .text.hw_usb_pclear_dprpu
                0x0000271c       0x20 ./ra/fsp/src/r_usb_basic/src/hw/r_usb_preg_access.o
                0x0000271c                hw_usb_pclear_dprpu
 .text.hw_usb_pset_wkup
                0x0000273c       0x28 ./ra/fsp/src/r_usb_basic/src/hw/r_usb_preg_access.o
                0x0000273c                hw_usb_pset_wkup
 .text.hw_usb_pset_enb_rsme
                0x00002764       0x28 ./ra/fsp/src/r_usb_basic/src/hw/r_usb_preg_access.o
                0x00002764                hw_usb_pset_enb_rsme
 .text.hw_usb_pclear_enb_rsme
                0x0000278c       0x20 ./ra/fsp/src/r_usb_basic/src/hw/r_usb_preg_access.o
                0x0000278c                hw_usb_pclear_enb_rsme
 .text.hw_usb_pclear_sts_resm
                0x000027ac       0x20 ./ra/fsp/src/r_usb_basic/src/hw/r_usb_preg_access.o
                0x000027ac                hw_usb_pclear_sts_resm
 .text.hw_usb_pclear_sts_valid
                0x000027cc       0x20 ./ra/fsp/src/r_usb_basic/src/hw/r_usb_preg_access.o
                0x000027cc                hw_usb_pclear_sts_valid
 .text.hw_usb_pset_ccpl
                0x000027ec       0x30 ./ra/fsp/src/r_usb_basic/src/hw/r_usb_preg_access.o
                0x000027ec                hw_usb_pset_ccpl
 .text.hw_usb_pmodule_init
                0x0000281c       0xc4 ./ra/fsp/src/r_usb_basic/src/hw/r_usb_preg_access.o
                0x0000281c                hw_usb_pmodule_init
 .text.hw_usb_pcontrol_dprpu
                0x000028e0       0x30 ./ra/fsp/src/r_usb_basic/src/hw/r_usb_preg_access.o
                0x000028e0                hw_usb_pcontrol_dprpu
 .text.hw_usb_pcontrol_dcpctr_pid
                0x00002910       0x3c ./ra/fsp/src/r_usb_basic/src/hw/r_usb_preg_access.o
                0x00002910                hw_usb_pcontrol_dcpctr_pid
 .text.usb_ctrl_read
                0x0000294c       0x50 ./ra/fsp/src/r_usb_basic/src/driver/r_usb_cdataio.o
                0x0000294c                usb_ctrl_read
 .text.usb_ctrl_write
                0x0000299c       0x98 ./ra/fsp/src/r_usb_basic/src/driver/r_usb_cdataio.o
                0x0000299c                usb_ctrl_write
 .text.usb_data_read
                0x00002a34       0x44 ./ra/fsp/src/r_usb_basic/src/driver/r_usb_cdataio.o
                0x00002a34                usb_data_read
 .text.usb_data_write
                0x00002a78       0x6c ./ra/fsp/src/r_usb_basic/src/driver/r_usb_cdataio.o
                0x00002a78                usb_data_write
 .text.usb_data_stop
                0x00002ae4       0x30 ./ra/fsp/src/r_usb_basic/src/driver/r_usb_cdataio.o
                0x00002ae4                usb_data_stop
 .text.usb_cstd_nrdy_enable
                0x00002b14        0xc ./ra/fsp/src/r_usb_basic/src/driver/r_usb_clibusbip.o
                0x00002b14                usb_cstd_nrdy_enable
 .text.usb_cstd_get_pid
                0x00002b20       0x14 ./ra/fsp/src/r_usb_basic/src/driver/r_usb_clibusbip.o
                0x00002b20                usb_cstd_get_pid
 .text.usb_cstd_get_maxpacket_size
                0x00002b34       0x28 ./ra/fsp/src/r_usb_basic/src/driver/r_usb_clibusbip.o
                0x00002b34                usb_cstd_get_maxpacket_size
 .text.usb_cstd_get_pipe_dir
                0x00002b5c       0x1c ./ra/fsp/src/r_usb_basic/src/driver/r_usb_clibusbip.o
                0x00002b5c                usb_cstd_get_pipe_dir
 .text.usb_cstd_get_pipe_type
                0x00002b78       0x1c ./ra/fsp/src/r_usb_basic/src/driver/r_usb_clibusbip.o
                0x00002b78                usb_cstd_get_pipe_type
 .text.usb_cstd_do_aclrm
                0x00002b94       0x1c ./ra/fsp/src/r_usb_basic/src/driver/r_usb_clibusbip.o
                0x00002b94                usb_cstd_do_aclrm
 .text.usb_cstd_set_buf
                0x00002bb0        0xc ./ra/fsp/src/r_usb_basic/src/driver/r_usb_clibusbip.o
                0x00002bb0                usb_cstd_set_buf
 .text.usb_cstd_clr_stall
                0x00002bbc       0x20 ./ra/fsp/src/r_usb_basic/src/driver/r_usb_clibusbip.o
                0x00002bbc                usb_cstd_clr_stall
 .text.usb_cstd_port_speed
                0x00002bdc       0x20 ./ra/fsp/src/r_usb_basic/src/driver/r_usb_clibusbip.o
                0x00002bdc                usb_cstd_port_speed
 .text.usb_set_event
                0x00002bfc       0xf8 ./ra/fsp/src/r_usb_basic/src/driver/r_usb_clibusbip.o
                0x00002bfc                usb_set_event
 .text.usb_cstd_remote_wakeup
                0x00002cf4       0x30 ./ra/fsp/src/r_usb_basic/src/driver/r_usb_clibusbip.o
                0x00002cf4                usb_cstd_remote_wakeup
 .text.usb_rtos_configuration
                0x00002d24       0xbc ./ra/fsp/src/r_usb_basic/src/driver/r_usb_cstd_rtos.o
                0x00002d24                usb_rtos_configuration
 .text.usb_rtos_delete
                0x00002de0       0x90 ./ra/fsp/src/r_usb_basic/src/driver/r_usb_cstd_rtos.o
                0x00002de0                usb_rtos_delete
 .text.usb_cstd_rec_msg
                0x00002e70       0x3c ./ra/fsp/src/r_usb_basic/src/driver/r_usb_cstd_rtos.o
                0x00002e70                usb_cstd_rec_msg
 .text.usb_cstd_snd_msg
                0x00002eac       0x34 ./ra/fsp/src/r_usb_basic/src/driver/r_usb_cstd_rtos.o
                0x00002eac                usb_cstd_snd_msg
 .text.usb_cstd_isnd_msg
                0x00002ee0       0x4c ./ra/fsp/src/r_usb_basic/src/driver/r_usb_cstd_rtos.o
                0x00002ee0                usb_cstd_isnd_msg
 .text.usb_cstd_pipe_msg_clear
                0x00002f2c       0x40 ./ra/fsp/src/r_usb_basic/src/driver/r_usb_cstd_rtos.o
                0x00002f2c                usb_cstd_pipe_msg_clear
 .text.usb_cstd_pipe0_msg_clear
                0x00002f6c       0x40 ./ra/fsp/src/r_usb_basic/src/driver/r_usb_cstd_rtos.o
                0x00002f6c                usb_cstd_pipe0_msg_clear
 .text.usb_cstd_pipe_msg_re_forward
                0x00002fac       0x64 ./ra/fsp/src/r_usb_basic/src/driver/r_usb_cstd_rtos.o
                0x00002fac                usb_cstd_pipe_msg_re_forward
 .text.usb_cstd_pipe_msg_forward
                0x00003010       0x34 ./ra/fsp/src/r_usb_basic/src/driver/r_usb_cstd_rtos.o
                0x00003010                usb_cstd_pipe_msg_forward
 .text.usb_pstd_ctrl_read
                0x00003044       0x88 ./ra/fsp/src/r_usb_basic/src/driver/r_usb_pcontrolrw.o
                0x00003044                usb_pstd_ctrl_read
 .text.usb_pstd_ctrl_write
                0x000030cc       0x50 ./ra/fsp/src/r_usb_basic/src/driver/r_usb_pcontrolrw.o
                0x000030cc                usb_pstd_ctrl_write
 .text.usb_pstd_ctrl_end
                0x0000311c       0x74 ./ra/fsp/src/r_usb_basic/src/driver/r_usb_pcontrolrw.o
                0x0000311c                usb_pstd_ctrl_end
 .text.usb_pstd_dummy_function
                0x00003190        0x4 ./ra/fsp/src/r_usb_basic/src/driver/r_usb_pdriver.o
                0x00003190                usb_pstd_dummy_function
 .text.usb_pstd_dummy_trn
                0x00003194        0x4 ./ra/fsp/src/r_usb_basic/src/driver/r_usb_pdriver.o
                0x00003194                usb_pstd_dummy_trn
 .text.usb_peri_configured
                0x00003198       0x2c ./ra/fsp/src/r_usb_basic/src/driver/r_usb_pdriver.o
                0x00003198                usb_peri_configured
 .text.usb_peri_suspended
                0x000031c4       0x1c ./ra/fsp/src/r_usb_basic/src/driver/r_usb_pdriver.o
                0x000031c4                usb_peri_suspended
 .text.usb_peri_resume
                0x000031e0       0x20 ./ra/fsp/src/r_usb_basic/src/driver/r_usb_pdriver.o
                0x000031e0                usb_peri_resume
 .text.usb_peri_interface
                0x00003200        0x4 ./ra/fsp/src/r_usb_basic/src/driver/r_usb_pdriver.o
                0x00003200                usb_peri_interface
 .text.usb_peri_detach
                0x00003204       0x2c ./ra/fsp/src/r_usb_basic/src/driver/r_usb_pdriver.o
                0x00003204                usb_peri_detach
 .text.usb_pstd_set_submitutr
                0x00003230       0x58 ./ra/fsp/src/r_usb_basic/src/driver/r_usb_pdriver.o
                0x00003230                usb_pstd_set_submitutr
 .text.usb_pstd_pcd_task
                0x00003288      0x228 ./ra/fsp/src/r_usb_basic/src/driver/r_usb_pdriver.o
                0x00003288                usb_pstd_pcd_task
 .text.usb_pstd_clr_mem
                0x000034b0       0x28 ./ra/fsp/src/r_usb_basic/src/driver/r_usb_pdriver.o
                0x000034b0                usb_pstd_clr_mem
 .text.usb_pstd_set_config_num
                0x000034d8       0x1c ./ra/fsp/src/r_usb_basic/src/driver/r_usb_pdriver.o
                0x000034d8                usb_pstd_set_config_num
 .text.usb_pstd_clr_eptbl_index
                0x000034f4       0x18 ./ra/fsp/src/r_usb_basic/src/driver/r_usb_pdriver.o
                0x000034f4                usb_pstd_clr_eptbl_index
 .text.usb_pstd_get_interface_num
                0x0000350c        0xc ./ra/fsp/src/r_usb_basic/src/driver/r_usb_pdriver.o
                0x0000350c                usb_pstd_get_interface_num
 .text.usb_pstd_get_alternate_num
                0x00003518       0x54 ./ra/fsp/src/r_usb_basic/src/driver/r_usb_pdriver.o
                0x00003518                usb_pstd_get_alternate_num
 .text.usb_pstd_set_eptbl_index
                0x0000356c       0xa0 ./ra/fsp/src/r_usb_basic/src/driver/r_usb_pdriver.o
                0x0000356c                usb_pstd_set_eptbl_index
 .text.usb_pstd_chk_remote
                0x0000360c       0x1c ./ra/fsp/src/r_usb_basic/src/driver/r_usb_pdriver.o
                0x0000360c                usb_pstd_chk_remote
 .text.usb_pstd_get_current_power
                0x00003628       0x10 ./ra/fsp/src/r_usb_basic/src/driver/r_usb_pdriver.o
                0x00003628                usb_pstd_get_current_power
 .text.usb_pstd_fifo_to_buf
                0x00003638       0x70 ./ra/fsp/src/r_usb_basic/src/driver/r_usb_pdriver.o
                0x00003638                usb_pstd_fifo_to_buf
 .text.usb_pstd_buf_to_fifo
                0x000036a8       0x70 ./ra/fsp/src/r_usb_basic/src/driver/r_usb_pdriver.o
                0x000036a8                usb_pstd_buf_to_fifo
 .text.usb_pstd_transfer_start
                0x00003718       0x4c ./ra/fsp/src/r_usb_basic/src/driver/r_usb_pdriver.o
                0x00003718                usb_pstd_transfer_start
 .text.usb_pstd_transfer_end
                0x00003764       0x40 ./ra/fsp/src/r_usb_basic/src/driver/r_usb_pdriver.o
                0x00003764                usb_pstd_transfer_end
 .text.usb_pstd_change_device_state
                0x000037a4       0x8c ./ra/fsp/src/r_usb_basic/src/driver/r_usb_pdriver.o
                0x000037a4                usb_pstd_change_device_state
 .text.usb_pstd_driver_release
                0x00003830       0x30 ./ra/fsp/src/r_usb_basic/src/driver/r_usb_pdriver.o
                0x00003830                usb_pstd_driver_release
 .text.usb_peri_registration
                0x00003860       0x68 ./ra/fsp/src/r_usb_basic/src/driver/r_usb_pdriver.o
                0x00003860                usb_peri_registration
 .text.usb_peri_pipe_info
                0x000038c8       0x6c ./ra/fsp/src/r_usb_basic/src/driver/r_usb_pdriver.o
                0x000038c8                usb_peri_pipe_info
 .text.usb_peri_devdefault
                0x00003934       0xa8 ./ra/fsp/src/r_usb_basic/src/driver/r_usb_pdriver.o
                0x00003934                usb_peri_devdefault
 .text.usb_pstd_brdy_pipe
                0x000039dc       0x60 ./ra/fsp/src/r_usb_basic/src/driver/r_usb_pintfifo.o
                0x000039dc                usb_pstd_brdy_pipe
 .text.usb_pstd_nrdy_pipe
                0x00003a3c        0xc ./ra/fsp/src/r_usb_basic/src/driver/r_usb_pintfifo.o
                0x00003a3c                usb_pstd_nrdy_pipe
 .text.usb_pstd_bemp_pipe
                0x00003a48       0x48 ./ra/fsp/src/r_usb_basic/src/driver/r_usb_pintfifo.o
                0x00003a48                usb_pstd_bemp_pipe
 .text.usb_pstd_usb_handler
                0x00003a90       0x68 ./ra/fsp/src/r_usb_basic/src/driver/r_usb_pinthandler_usbip0.o
                0x00003a90                usb_pstd_usb_handler
 .text.usb_pstd_data_end.part.0
                0x00003af8       0x84 ./ra/fsp/src/r_usb_basic/src/driver/r_usb_plibusbip.o
 .text.usb_pstd_epadr2pipe
                0x00003b7c       0x50 ./ra/fsp/src/r_usb_basic/src/driver/r_usb_plibusbip.o
                0x00003b7c                usb_pstd_epadr2pipe
 .text.usb_pstd_pipe2fport
                0x00003bcc        0x4 ./ra/fsp/src/r_usb_basic/src/driver/r_usb_plibusbip.o
                0x00003bcc                usb_pstd_pipe2fport
 .text.usb_pstd_hi_speed_enable
                0x00003bd0        0xc ./ra/fsp/src/r_usb_basic/src/driver/r_usb_plibusbip.o
                0x00003bd0                usb_pstd_hi_speed_enable
 .text.usb_pstd_send_start
                0x00003bdc       0x5c ./ra/fsp/src/r_usb_basic/src/driver/r_usb_plibusbip.o
                0x00003bdc                usb_pstd_send_start
 .text.usb_pstd_write_data
                0x00003c38      0x118 ./ra/fsp/src/r_usb_basic/src/driver/r_usb_plibusbip.o
                0x00003c38                usb_pstd_write_data
 .text.usb_pstd_receive_start
                0x00003d50       0x80 ./ra/fsp/src/r_usb_basic/src/driver/r_usb_plibusbip.o
                0x00003d50                usb_pstd_receive_start
 .text.usb_pstd_read_data
                0x00003dd0       0xf0 ./ra/fsp/src/r_usb_basic/src/driver/r_usb_plibusbip.o
                0x00003dd0                usb_pstd_read_data
 .text.usb_pstd_data_end
                0x00003ec0        0xc ./ra/fsp/src/r_usb_basic/src/driver/r_usb_plibusbip.o
                0x00003ec0                usb_pstd_data_end
 .text.usb_pstd_brdy_pipe_process
                0x00003ecc       0x64 ./ra/fsp/src/r_usb_basic/src/driver/r_usb_plibusbip.o
                0x00003ecc                usb_pstd_brdy_pipe_process
 .text.usb_pstd_nrdy_pipe_process
                0x00003f30       0x58 ./ra/fsp/src/r_usb_basic/src/driver/r_usb_plibusbip.o
                0x00003f30                usb_pstd_nrdy_pipe_process
 .text.usb_pstd_bemp_pipe_process
                0x00003f88       0xe0 ./ra/fsp/src/r_usb_basic/src/driver/r_usb_plibusbip.o
                0x00003f88                usb_pstd_bemp_pipe_process
 .text.usb_pstd_set_pipe_table
                0x00004068      0x10c ./ra/fsp/src/r_usb_basic/src/driver/r_usb_plibusbip.o
                0x00004068                usb_pstd_set_pipe_table
 .text.usb_pstd_clr_pipe_table
                0x00004174       0x4c ./ra/fsp/src/r_usb_basic/src/driver/r_usb_plibusbip.o
                0x00004174                usb_pstd_clr_pipe_table
 .text.usb_pstd_set_pipe_reg
                0x000041c0       0xa0 ./ra/fsp/src/r_usb_basic/src/driver/r_usb_plibusbip.o
                0x000041c0                usb_pstd_set_pipe_reg
 .text.usb_pstd_clr_pipe_reg
                0x00004260       0x3c ./ra/fsp/src/r_usb_basic/src/driver/r_usb_plibusbip.o
                0x00004260                usb_pstd_clr_pipe_reg
 .text.usb_pstd_bus_reset
                0x0000429c       0x3c ./ra/fsp/src/r_usb_basic/src/driver/r_usb_psignal.o
                0x0000429c                usb_pstd_bus_reset
 .text.usb_pstd_attach_process
                0x000042d8       0x18 ./ra/fsp/src/r_usb_basic/src/driver/r_usb_psignal.o
                0x000042d8                usb_pstd_attach_process
 .text.usb_pstd_detach_process
                0x000042f0       0x88 ./ra/fsp/src/r_usb_basic/src/driver/r_usb_psignal.o
                0x000042f0                usb_pstd_detach_process
 .text.usb_pstd_suspend_process
                0x00004378       0x68 ./ra/fsp/src/r_usb_basic/src/driver/r_usb_psignal.o
                0x00004378                usb_pstd_suspend_process
 .text.usb_pstd_set_feature_function
                0x000043e0        0x4 ./ra/fsp/src/r_usb_basic/src/driver/r_usb_pstdfunction.o
                0x000043e0                usb_pstd_set_feature_function
 .text.usb_pstd_chk_vbsts
                0x000043e4       0x40 ./ra/fsp/src/r_usb_basic/src/driver/r_usb_pstdfunction.o
                0x000043e4                usb_pstd_chk_vbsts
 .text.usb_pstd_busreset_function
                0x00004424        0x4 ./ra/fsp/src/r_usb_basic/src/driver/r_usb_pstdfunction.o
                0x00004424                usb_pstd_busreset_function
 .text.usb_pstd_suspend_function
                0x00004428        0x4 ./ra/fsp/src/r_usb_basic/src/driver/r_usb_pstdfunction.o
                0x00004428                usb_pstd_suspend_function
 .text.usb_pdriver_init
                0x0000442c       0xf4 ./ra/fsp/src/r_usb_basic/src/driver/r_usb_pstdfunction.o
                0x0000442c                usb_pdriver_init
 .text.usb_pstd_stand_req0
                0x00004520       0x80 ./ra/fsp/src/r_usb_basic/src/driver/r_usb_pstdrequest.o
                0x00004520                usb_pstd_stand_req0
 .text.usb_pstd_stand_req1
                0x000045a0      0x29c ./ra/fsp/src/r_usb_basic/src/driver/r_usb_pstdrequest.o
                0x000045a0                usb_pstd_stand_req1
 .text.usb_pstd_stand_req2
                0x0000483c        0x4 ./ra/fsp/src/r_usb_basic/src/driver/r_usb_pstdrequest.o
                0x0000483c                usb_pstd_stand_req2
 .text.usb_pstd_stand_req3
                0x00004840      0x33c ./ra/fsp/src/r_usb_basic/src/driver/r_usb_pstdrequest.o
                0x00004840                usb_pstd_stand_req3
 .text.usb_pstd_stand_req4
                0x00004b7c       0xbc ./ra/fsp/src/r_usb_basic/src/driver/r_usb_pstdrequest.o
                0x00004b7c                usb_pstd_stand_req4
 .text.usb_pstd_stand_req5
                0x00004c38       0xa0 ./ra/fsp/src/r_usb_basic/src/driver/r_usb_pstdrequest.o
                0x00004c38                usb_pstd_stand_req5
 .text.usb_peri_class_request_rss
                0x00004cd8       0x54 ./ra/fsp/src/r_usb_basic/src/driver/r_usb_pstdrequest.o
                0x00004cd8                usb_peri_class_request_rss
 .text.usb_peri_class_request_wss
                0x00004d2c       0x60 ./ra/fsp/src/r_usb_basic/src/driver/r_usb_pstdrequest.o
                0x00004d2c                usb_peri_class_request_wss
 .text.usb_peri_class_request
                0x00004d8c       0xf0 ./ra/fsp/src/r_usb_basic/src/driver/r_usb_pstdrequest.o
                0x00004d8c                usb_peri_class_request
 .text.R_USB_EventGet
                0x00004e7c        0x8 ./ra/fsp/src/r_usb_basic/r_usb_basic.o
                0x00004e7c                R_USB_EventGet
 .text.R_USB_Callback
                0x00004e84       0x10 ./ra/fsp/src/r_usb_basic/r_usb_basic.o
                0x00004e84                R_USB_Callback
 .text.R_USB_Suspend
                0x00004e94        0x8 ./ra/fsp/src/r_usb_basic/r_usb_basic.o
                0x00004e94                R_USB_Suspend
 .text.R_USB_VbusSet
                0x00004e9c        0x8 ./ra/fsp/src/r_usb_basic/r_usb_basic.o
                0x00004e9c                R_USB_VbusSet
 .text.R_USB_PipeRead
                0x00004ea4        0x8 ./ra/fsp/src/r_usb_basic/r_usb_basic.o
                0x00004ea4                R_USB_PipeRead
 .text.R_USB_PipeStop
                0x00004eac        0x8 ./ra/fsp/src/r_usb_basic/r_usb_basic.o
                0x00004eac                R_USB_PipeStop
 .text.R_USB_ModuleNumberGet
                0x00004eb4        0xc ./ra/fsp/src/r_usb_basic/r_usb_basic.o
                0x00004eb4                R_USB_ModuleNumberGet
 .text.R_USB_ClassTypeGet
                0x00004ec0        0xc ./ra/fsp/src/r_usb_basic/r_usb_basic.o
                0x00004ec0                R_USB_ClassTypeGet
 .text.R_USB_DeviceAddressGet
                0x00004ecc        0xc ./ra/fsp/src/r_usb_basic/r_usb_basic.o
                0x00004ecc                R_USB_DeviceAddressGet
 .text.R_USB_PipeNumberGet
                0x00004ed8        0xc ./ra/fsp/src/r_usb_basic/r_usb_basic.o
                0x00004ed8                R_USB_PipeNumberGet
 .text.R_USB_DataSizeGet
                0x00004ee4        0xc ./ra/fsp/src/r_usb_basic/r_usb_basic.o
                0x00004ee4                R_USB_DataSizeGet
 .text.R_USB_SetupGet
                0x00004ef0       0x10 ./ra/fsp/src/r_usb_basic/r_usb_basic.o
                0x00004ef0                R_USB_SetupGet
 .text.R_USB_OtgCallbackSet
                0x00004f00       0x14 ./ra/fsp/src/r_usb_basic/r_usb_basic.o
                0x00004f00                R_USB_OtgCallbackSet
 .text.R_USB_OtgSRP
                0x00004f14       0x10 ./ra/fsp/src/r_usb_basic/r_usb_basic.o
                0x00004f14                R_USB_OtgSRP
 .text.R_USB_Open
                0x00004f24      0x128 ./ra/fsp/src/r_usb_basic/r_usb_basic.o
                0x00004f24                R_USB_Open
 .text.R_USB_InfoGet
                0x0000504c       0xc4 ./ra/fsp/src/r_usb_basic/r_usb_basic.o
                0x0000504c                R_USB_InfoGet
 .text.R_USB_DeviceStateGet
                0x00005110       0x70 ./ra/fsp/src/r_usb_basic/r_usb_basic.o
                0x00005110                R_USB_DeviceStateGet
 .text.R_USB_PipeInfoGet
                0x00005180       0xa8 ./ra/fsp/src/r_usb_basic/r_usb_basic.o
                0x00005180                R_USB_PipeInfoGet
 .text.R_USB_PullUp
                0x00005228       0x24 ./ra/fsp/src/r_usb_basic/r_usb_basic.o
                0x00005228                R_USB_PullUp
 .text.R_USB_RemoteWakeup
                0x0000524c       0x48 ./ra/fsp/src/r_usb_basic/r_usb_basic.o
                0x0000524c                R_USB_RemoteWakeup
 .text.R_USB_Close
                0x00005294       0x6c ./ra/fsp/src/r_usb_basic/r_usb_basic.o
                0x00005294                R_USB_Close
 .text.R_USB_Read
                0x00005300       0x54 ./ra/fsp/src/r_usb_basic/r_usb_basic.o
                0x00005300                R_USB_Read
 .text.R_USB_Write
                0x00005354       0x54 ./ra/fsp/src/r_usb_basic/r_usb_basic.o
                0x00005354                R_USB_Write
 .text.R_USB_Stop
                0x000053a8       0x58 ./ra/fsp/src/r_usb_basic/r_usb_basic.o
                0x000053a8                R_USB_Stop
 .text.R_USB_UsedPipesGet
                0x00005400       0x70 ./ra/fsp/src/r_usb_basic/r_usb_basic.o
                0x00005400                R_USB_UsedPipesGet
 .text.R_USB_PeriControlDataGet
                0x00005470       0x48 ./ra/fsp/src/r_usb_basic/r_usb_basic.o
                0x00005470                R_USB_PeriControlDataGet
 .text.R_USB_PeriControlDataSet
                0x000054b8       0x48 ./ra/fsp/src/r_usb_basic/r_usb_basic.o
                0x000054b8                R_USB_PeriControlDataSet
 .text.R_USB_PeriControlStatusSet
                0x00005500       0x38 ./ra/fsp/src/r_usb_basic/r_usb_basic.o
                0x00005500                R_USB_PeriControlStatusSet
 .text.R_USB_PipeWrite
                0x00005538        0x8 ./ra/fsp/src/r_usb_basic/r_usb_basic.o
                0x00005538                R_USB_PipeWrite
 .text.R_USB_HostControlTransfer
                0x00005540       0x6c ./ra/fsp/src/r_usb_basic/r_usb_basic.o
                0x00005540                R_USB_HostControlTransfer
 .text.R_USB_Resume
                0x000055ac        0x8 ./ra/fsp/src/r_usb_basic/r_usb_basic.o
                0x000055ac                R_USB_Resume
 .text.r_sci_uart_call_callback
                0x000055b4       0x44 ./ra/fsp/src/r_sci_uart/r_sci_uart.o
 .text.sci_uart_txi_isr
                0x000055f8       0x8c ./ra/fsp/src/r_sci_uart/r_sci_uart.o
                0x000055f8                sci_uart_txi_isr
 .text.sci_uart_rxi_isr
                0x00005684       0x8c ./ra/fsp/src/r_sci_uart/r_sci_uart.o
                0x00005684                sci_uart_rxi_isr
 .text.sci_uart_tei_isr
                0x00005710       0x40 ./ra/fsp/src/r_sci_uart/r_sci_uart.o
                0x00005710                sci_uart_tei_isr
 .text.sci_uart_eri_isr
                0x00005750       0x74 ./ra/fsp/src/r_sci_uart/r_sci_uart.o
                0x00005750                sci_uart_eri_isr
 .text.R_IOPORT_Close
                0x000057c4        0xc ./ra/fsp/src/r_ioport/r_ioport.o
                0x000057c4                R_IOPORT_Close
 .text.R_IOPORT_PinRead
                0x000057d0       0x24 ./ra/fsp/src/r_ioport/r_ioport.o
                0x000057d0                R_IOPORT_PinRead
 .text.R_IOPORT_PortRead
                0x000057f4       0x14 ./ra/fsp/src/r_ioport/r_ioport.o
                0x000057f4                R_IOPORT_PortRead
 .text.R_IOPORT_PortWrite
                0x00005808       0x1c ./ra/fsp/src/r_ioport/r_ioport.o
                0x00005808                R_IOPORT_PortWrite
 .text.R_IOPORT_PinWrite
                0x00005824       0x20 ./ra/fsp/src/r_ioport/r_ioport.o
                0x00005824                R_IOPORT_PinWrite
 .text.R_IOPORT_PortDirectionSet
                0x00005844       0x2c ./ra/fsp/src/r_ioport/r_ioport.o
                0x00005844                R_IOPORT_PortDirectionSet
 .text.R_IOPORT_PortEventInputRead
                0x00005870       0x18 ./ra/fsp/src/r_ioport/r_ioport.o
                0x00005870                R_IOPORT_PortEventInputRead
 .text.R_IOPORT_PinEventInputRead
                0x00005888       0x38 ./ra/fsp/src/r_ioport/r_ioport.o
                0x00005888                R_IOPORT_PinEventInputRead
 .text.R_IOPORT_PortEventOutputWrite
                0x000058c0       0x1c ./ra/fsp/src/r_ioport/r_ioport.o
                0x000058c0                R_IOPORT_PortEventOutputWrite
 .text.R_IOPORT_PinEventOutputWrite
                0x000058dc       0x4c ./ra/fsp/src/r_ioport/r_ioport.o
                0x000058dc                R_IOPORT_PinEventOutputWrite
 .text.bsp_vbatt_init
                0x00005928       0xac ./ra/fsp/src/r_ioport/r_ioport.o
 .text.r_ioport_pins_config
                0x000059d4       0xc0 ./ra/fsp/src/r_ioport/r_ioport.o
 .text.R_IOPORT_Open
                0x00005a94       0x14 ./ra/fsp/src/r_ioport/r_ioport.o
                0x00005a94                R_IOPORT_Open
 .text.R_IOPORT_PinsCfg
                0x00005aa8        0xc ./ra/fsp/src/r_ioport/r_ioport.o
                0x00005aa8                R_IOPORT_PinsCfg
 .text.R_IOPORT_PinCfg
                0x00005ab4       0xa8 ./ra/fsp/src/r_ioport/r_ioport.o
                0x00005ab4                R_IOPORT_PinCfg
 .text.iic_master_notify
                0x00005b5c       0x3c ./ra/fsp/src/r_iic_master/r_iic_master.o
 .text.iic_master_open_hw_master
                0x00005b98      0x1bc ./ra/fsp/src/r_iic_master/r_iic_master.o
 .text.iic_master_rxi_isr
                0x00005d54      0x13c ./ra/fsp/src/r_iic_master/r_iic_master.o
                0x00005d54                iic_master_rxi_isr
 .text.iic_master_txi_isr
                0x00005e90       0xec ./ra/fsp/src/r_iic_master/r_iic_master.o
                0x00005e90                iic_master_txi_isr
 .text.iic_master_tei_isr
                0x00005f7c       0xc4 ./ra/fsp/src/r_iic_master/r_iic_master.o
                0x00005f7c                iic_master_tei_isr
 .text.iic_master_eri_isr
                0x00006040      0x144 ./ra/fsp/src/r_iic_master/r_iic_master.o
                0x00006040                iic_master_eri_isr
 .text.R_ADC_ScanStart
                0x00006184        0xc ./ra/fsp/src/r_adc/r_adc.o
                0x00006184                R_ADC_ScanStart
 .text.R_ADC_Read
                0x00006190       0x10 ./ra/fsp/src/r_adc/r_adc.o
                0x00006190                R_ADC_Read
 .text.r_adc_call_callback
                0x000061a0       0x54 ./ra/fsp/src/r_adc/r_adc.o
 .text.r_adc_scan_end_common_isr
                0x000061f4       0x58 ./ra/fsp/src/r_adc/r_adc.o
 .text.R_ADC_ScanCfg
                0x0000624c      0x1d8 ./ra/fsp/src/r_adc/r_adc.o
                0x0000624c                R_ADC_ScanCfg
 .text.R_ADC_Open
                0x00006424      0x21c ./ra/fsp/src/r_adc/r_adc.o
                0x00006424                R_ADC_Open
 .text.adc_scan_end_isr
                0x00006640        0x8 ./ra/fsp/src/r_adc/r_adc.o
                0x00006640                adc_scan_end_isr
 .text.SystemCoreClockUpdate
                0x00006648       0x28 ./ra/fsp/src/bsp/mcu/all/bsp_clocks.o
                0x00006648                SystemCoreClockUpdate
 .text.bsp_clock_init
                0x00006670      0x168 ./ra/fsp/src/bsp/mcu/all/bsp_clocks.o
                0x00006670                bsp_clock_init
 .text.bsp_init_internal
                0x000067d8        0x4 ./ra/fsp/src/bsp/mcu/all/bsp_common.o
                0x000067d8                bsp_init_internal
                0x000067d8                bsp_init
 .text.__assert_func
                0x000067dc        0x4 ./ra/fsp/src/bsp/mcu/all/bsp_common.o
                0x000067dc                __assert_func
 .text.bsp_prv_software_delay_loop
                0x000067e0        0xc ./ra/fsp/src/bsp/mcu/all/bsp_delay.o
                0x000067e0                bsp_prv_software_delay_loop
 .text.R_BSP_SoftwareDelay
                0x000067ec       0x68 ./ra/fsp/src/bsp/mcu/all/bsp_delay.o
                0x000067ec                R_BSP_SoftwareDelay
 .text.NMI_Handler
                0x00006854       0x38 ./ra/fsp/src/bsp/mcu/all/bsp_group_irq.o
                0x00006854                NMI_Handler
 .text.bsp_irq_cfg
                0x0000688c       0xa0 ./ra/fsp/src/bsp/mcu/all/bsp_irq.o
                0x0000688c                bsp_irq_cfg
 .text.R_BSP_RegisterProtectEnable
                0x0000692c       0x60 ./ra/fsp/src/bsp/mcu/all/bsp_register_protection.o
                0x0000692c                R_BSP_RegisterProtectEnable
 .text.R_BSP_RegisterProtectDisable
                0x0000698c       0x54 ./ra/fsp/src/bsp/mcu/all/bsp_register_protection.o
                0x0000698c                R_BSP_RegisterProtectDisable
 .text._sbrk    0x000069e0       0x44 ./ra/fsp/src/bsp/mcu/all/bsp_sbrk.o
                0x000069e0                _sbrk
 .text.Default_Handler
                0x00006a24        0x4 ./ra/fsp/src/bsp/cmsis/Device/RENESAS/Source/startup.o
                0x00006a24                HardFault_Handler
                0x00006a24                UsageFault_Handler
                0x00006a24                SecureFault_Handler
                0x00006a24                Default_Handler
                0x00006a24                MemManage_Handler
                0x00006a24                BusFault_Handler
                0x00006a24                DebugMon_Handler
 .text.Reset_Handler
                0x00006a28        0xc ./ra/fsp/src/bsp/cmsis/Device/RENESAS/Source/startup.o
                0x00006a28                Reset_Handler
 .text.SystemInit
                0x00006a34       0xc0 ./ra/fsp/src/bsp/cmsis/Device/RENESAS/Source/system.o
                0x00006a34                SystemInit
 .text.prvInsertBlockIntoFreeList
                0x00006af4       0x64 ./ra/aws/FreeRTOS/FreeRTOS/Source/portable/MemMang/heap_4.o
 .text.pvPortMalloc
                0x00006b58      0x140 ./ra/aws/FreeRTOS/FreeRTOS/Source/portable/MemMang/heap_4.o
                0x00006b58                pvPortMalloc
 .text.vPortFree
                0x00006c98       0x84 ./ra/aws/FreeRTOS/FreeRTOS/Source/portable/MemMang/heap_4.o
                0x00006c98                vPortFree
 .text.xEventGroupCreateStatic
                0x00006d1c       0x50 ./ra/aws/FreeRTOS/FreeRTOS/Source/event_groups.o
                0x00006d1c                xEventGroupCreateStatic
 .text.xEventGroupWaitBits
                0x00006d6c      0x124 ./ra/aws/FreeRTOS/FreeRTOS/Source/event_groups.o
                0x00006d6c                xEventGroupWaitBits
 .text.vListInitialise
                0x00006e90       0x18 ./ra/aws/FreeRTOS/FreeRTOS/Source/list.o
                0x00006e90                vListInitialise
 .text.vListInitialiseItem
                0x00006ea8        0x8 ./ra/aws/FreeRTOS/FreeRTOS/Source/list.o
                0x00006ea8                vListInitialiseItem
 .text.vListInsertEnd
                0x00006eb0       0x20 ./ra/aws/FreeRTOS/FreeRTOS/Source/list.o
                0x00006eb0                vListInsertEnd
 .text.vListInsert
                0x00006ed0       0x30 ./ra/aws/FreeRTOS/FreeRTOS/Source/list.o
                0x00006ed0                vListInsert
 .text.uxListRemove
                0x00006f00       0x28 ./ra/aws/FreeRTOS/FreeRTOS/Source/list.o
                0x00006f00                uxListRemove
 .text.prvCopyDataToQueue
                0x00006f28       0x70 ./ra/aws/FreeRTOS/FreeRTOS/Source/queue.o
 .text.prvUnlockQueue
                0x00006f98       0x8c ./ra/aws/FreeRTOS/FreeRTOS/Source/queue.o
 .text.xQueueGenericReset
                0x00007024       0xbc ./ra/aws/FreeRTOS/FreeRTOS/Source/queue.o
                0x00007024                xQueueGenericReset
 .text.xQueueGenericCreateStatic
                0x000070e0       0x8c ./ra/aws/FreeRTOS/FreeRTOS/Source/queue.o
                0x000070e0                xQueueGenericCreateStatic
 .text.xQueueGenericCreate
                0x0000716c       0x5c ./ra/aws/FreeRTOS/FreeRTOS/Source/queue.o
                0x0000716c                xQueueGenericCreate
 .text.xQueueCreateCountingSemaphoreStatic
                0x000071c8       0x7c ./ra/aws/FreeRTOS/FreeRTOS/Source/queue.o
                0x000071c8                xQueueCreateCountingSemaphoreStatic
 .text.xQueueGenericSend
                0x00007244      0x198 ./ra/aws/FreeRTOS/FreeRTOS/Source/queue.o
                0x00007244                xQueueGenericSend
 .text.xQueueCreateMutexStatic
                0x000073dc       0xa4 ./ra/aws/FreeRTOS/FreeRTOS/Source/queue.o
                0x000073dc                xQueueCreateMutexStatic
 .text.xQueueGenericSendFromISR
                0x00007480       0xe8 ./ra/aws/FreeRTOS/FreeRTOS/Source/queue.o
                0x00007480                xQueueGenericSendFromISR
 .text.xQueueGiveFromISR
                0x00007568       0xd0 ./ra/aws/FreeRTOS/FreeRTOS/Source/queue.o
                0x00007568                xQueueGiveFromISR
 .text.xQueueReceive
                0x00007638      0x184 ./ra/aws/FreeRTOS/FreeRTOS/Source/queue.o
                0x00007638                xQueueReceive
 .text.xQueueSemaphoreTake
                0x000077bc      0x1d4 ./ra/aws/FreeRTOS/FreeRTOS/Source/queue.o
                0x000077bc                xQueueSemaphoreTake
 .text.vQueueDelete
                0x00007990       0x58 ./ra/aws/FreeRTOS/FreeRTOS/Source/queue.o
                0x00007990                vQueueDelete
 .text.vQueueAddToRegistry
                0x000079e8       0x70 ./ra/aws/FreeRTOS/FreeRTOS/Source/queue.o
                0x000079e8                vQueueAddToRegistry
 .text.vQueueWaitForMessageRestricted
                0x00007a58       0x50 ./ra/aws/FreeRTOS/FreeRTOS/Source/queue.o
                0x00007a58                vQueueWaitForMessageRestricted
 .text.prvAddNewTaskToReadyList
                0x00007aa8      0x130 ./ra/aws/FreeRTOS/FreeRTOS/Source/tasks.o
 .text.prvAddCurrentTaskToDelayedList
                0x00007bd8       0x8c ./ra/aws/FreeRTOS/FreeRTOS/Source/tasks.o
 .text.prvInitialiseNewTask.constprop.0
                0x00007c64      0x110 ./ra/aws/FreeRTOS/FreeRTOS/Source/tasks.o
 .text.prvIdleTask
                0x00007d74       0xb0 ./ra/aws/FreeRTOS/FreeRTOS/Source/tasks.o
 .text.xTaskIncrementTick.part.0
                0x00007e24      0x178 ./ra/aws/FreeRTOS/FreeRTOS/Source/tasks.o
 .text.xTaskCreateStatic
                0x00007f9c       0x7c ./ra/aws/FreeRTOS/FreeRTOS/Source/tasks.o
                0x00007f9c                xTaskCreateStatic
 .text.xTaskCreate
                0x00008018       0x68 ./ra/aws/FreeRTOS/FreeRTOS/Source/tasks.o
                0x00008018                xTaskCreate
 .text.vTaskDelete
                0x00008080      0x120 ./ra/aws/FreeRTOS/FreeRTOS/Source/tasks.o
                0x00008080                vTaskDelete
 .text.vTaskStartScheduler
                0x000081a0       0x9c ./ra/aws/FreeRTOS/FreeRTOS/Source/tasks.o
                0x000081a0                vTaskStartScheduler
 .text.vTaskSuspendAll
                0x0000823c       0x10 ./ra/aws/FreeRTOS/FreeRTOS/Source/tasks.o
                0x0000823c                vTaskSuspendAll
 .text.xTaskResumeAll
                0x0000824c      0x1a8 ./ra/aws/FreeRTOS/FreeRTOS/Source/tasks.o
                0x0000824c                xTaskResumeAll
 .text.vTaskDelay
                0x000083f4       0x50 ./ra/aws/FreeRTOS/FreeRTOS/Source/tasks.o
                0x000083f4                vTaskDelay
 .text.xTaskGetTickCount
                0x00008444        0xc ./ra/aws/FreeRTOS/FreeRTOS/Source/tasks.o
                0x00008444                xTaskGetTickCount
 .text.xTaskIncrementTick
                0x00008450       0x20 ./ra/aws/FreeRTOS/FreeRTOS/Source/tasks.o
                0x00008450                xTaskIncrementTick
 .text.vTaskSwitchContext
                0x00008470       0x9c ./ra/aws/FreeRTOS/FreeRTOS/Source/tasks.o
                0x00008470                vTaskSwitchContext
 .text.vTaskPlaceOnEventList
                0x0000850c       0x3c ./ra/aws/FreeRTOS/FreeRTOS/Source/tasks.o
                0x0000850c                vTaskPlaceOnEventList
 .text.vTaskPlaceOnUnorderedEventList
                0x00008548       0x7c ./ra/aws/FreeRTOS/FreeRTOS/Source/tasks.o
                0x00008548                vTaskPlaceOnUnorderedEventList
 .text.vTaskPlaceOnEventListRestricted
                0x000085c4       0x64 ./ra/aws/FreeRTOS/FreeRTOS/Source/tasks.o
                0x000085c4                vTaskPlaceOnEventListRestricted
 .text.xTaskRemoveFromEventList
                0x00008628       0xec ./ra/aws/FreeRTOS/FreeRTOS/Source/tasks.o
                0x00008628                xTaskRemoveFromEventList
 .text.vTaskInternalSetTimeOutState
                0x00008714       0x18 ./ra/aws/FreeRTOS/FreeRTOS/Source/tasks.o
                0x00008714                vTaskInternalSetTimeOutState
 .text.xTaskCheckForTimeOut
                0x0000872c       0x94 ./ra/aws/FreeRTOS/FreeRTOS/Source/tasks.o
                0x0000872c                xTaskCheckForTimeOut
 .text.vTaskMissedYield
                0x000087c0        0xc ./ra/aws/FreeRTOS/FreeRTOS/Source/tasks.o
                0x000087c0                vTaskMissedYield
 .text.xTaskGetCurrentTaskHandle
                0x000087cc        0xc ./ra/aws/FreeRTOS/FreeRTOS/Source/tasks.o
                0x000087cc                xTaskGetCurrentTaskHandle
 .text.xTaskGetSchedulerState
                0x000087d8       0x20 ./ra/aws/FreeRTOS/FreeRTOS/Source/tasks.o
                0x000087d8                xTaskGetSchedulerState
 .text.xTaskPriorityInherit
                0x000087f8       0x94 ./ra/aws/FreeRTOS/FreeRTOS/Source/tasks.o
                0x000087f8                xTaskPriorityInherit
 .text.xTaskPriorityDisinherit
                0x0000888c       0xac ./ra/aws/FreeRTOS/FreeRTOS/Source/tasks.o
                0x0000888c                xTaskPriorityDisinherit
 .text.vTaskPriorityDisinheritAfterTimeout
                0x00008938       0xb8 ./ra/aws/FreeRTOS/FreeRTOS/Source/tasks.o
                0x00008938                vTaskPriorityDisinheritAfterTimeout
 .text.uxTaskResetEventItemValue
                0x000089f0       0x18 ./ra/aws/FreeRTOS/FreeRTOS/Source/tasks.o
                0x000089f0                uxTaskResetEventItemValue
 .text.pvTaskIncrementMutexHeldCount
                0x00008a08       0x18 ./ra/aws/FreeRTOS/FreeRTOS/Source/tasks.o
                0x00008a08                pvTaskIncrementMutexHeldCount
 .text.prvCheckForValidListAndQueue
                0x00008a20       0x6c ./ra/aws/FreeRTOS/FreeRTOS/Source/timers.o
 .text.prvReloadTimer
                0x00008a8c       0x54 ./ra/aws/FreeRTOS/FreeRTOS/Source/timers.o
 .text.prvProcessExpiredTimer
                0x00008ae0       0x48 ./ra/aws/FreeRTOS/FreeRTOS/Source/timers.o
 .text.prvTimerTask
                0x00008b28      0x21c ./ra/aws/FreeRTOS/FreeRTOS/Source/timers.o
 .text.xTimerCreateTimerTask
                0x00008d44       0x6c ./ra/aws/FreeRTOS/FreeRTOS/Source/timers.o
                0x00008d44                xTimerCreateTimerTask
 .text.sqrtf    0x00008db0       0x44 c:/program files (x86)/gnu arm embedded toolchain/10 2021.10/bin/../lib/gcc/arm-none-eabi/10.3.1/../../../../arm-none-eabi/lib/thumb/v8-m.main+fp/hard\libm.a(lib_a-wf_sqrt.o)
                0x00008db0                sqrtf
 .text.__ieee754_sqrtf
                0x00008df4        0x8 c:/program files (x86)/gnu arm embedded toolchain/10 2021.10/bin/../lib/gcc/arm-none-eabi/10.3.1/../../../../arm-none-eabi/lib/thumb/v8-m.main+fp/hard\libm.a(lib_a-ef_sqrt.o)
                0x00008df4                __ieee754_sqrtf
 .text          0x00008dfc      0x254 c:/program files (x86)/gnu arm embedded toolchain/10 2021.10/bin/../lib/gcc/arm-none-eabi/10.3.1/thumb/v8-m.main+fp/hard\libgcc.a(_arm_muldf3.o)
                0x00008dfc                __muldf3
                0x00008dfc                __aeabi_dmul
 .text          0x00009050      0x378 c:/program files (x86)/gnu arm embedded toolchain/10 2021.10/bin/../lib/gcc/arm-none-eabi/10.3.1/thumb/v8-m.main+fp/hard\libgcc.a(_arm_addsubdf3.o)
                0x00009050                __aeabi_drsub
                0x00009058                __aeabi_dsub
                0x00009058                __subdf3
                0x0000905c                __aeabi_dadd
                0x0000905c                __adddf3
                0x000092d4                __floatunsidf
                0x000092d4                __aeabi_ui2d
                0x000092f4                __floatsidf
                0x000092f4                __aeabi_i2d
                0x00009318                __aeabi_f2d
                0x00009318                __extendsfdf2
                0x0000935c                __floatundidf
                0x0000935c                __aeabi_ul2d
                0x0000936c                __floatdidf
                0x0000936c                __aeabi_l2d
 .text          0x000093c8      0xa44 c:/program files (x86)/gnu arm embedded toolchain/10 2021.10/bin/../lib/gcc/arm-none-eabi/10.3.1/thumb/v8-m.main+fp/hard\libgcc.a(unwind-arm.o)
                0x00009688                _Unwind_GetCFA
                0x0000968c                __gnu_Unwind_RaiseException
                0x000096f4                __gnu_Unwind_ForcedUnwind
                0x00009708                __gnu_Unwind_Resume
                0x0000974c                __gnu_Unwind_Resume_or_Rethrow
                0x00009760                _Unwind_Complete
                0x00009764                _Unwind_DeleteException
                0x00009770                _Unwind_VRS_Get
                0x000097bc                _Unwind_VRS_Set
                0x00009808                __gnu_Unwind_Backtrace
                0x00009b4c                __aeabi_unwind_cpp_pr0
                0x00009b50                __aeabi_unwind_cpp_pr1
                0x00009b54                __aeabi_unwind_cpp_pr2
                0x00009b58                _Unwind_VRS_Pop
 .text          0x00009e0c      0x1ac c:/program files (x86)/gnu arm embedded toolchain/10 2021.10/bin/../lib/gcc/arm-none-eabi/10.3.1/thumb/v8-m.main+fp/hard\libgcc.a(libunwind.o)
                0x00009e0c                __restore_core_regs
                0x00009e0c                restore_core_regs
                0x00009e24                __gnu_Unwind_Restore_VFP
                0x00009e2c                __gnu_Unwind_Save_VFP
                0x00009e34                __gnu_Unwind_Restore_VFP_D
                0x00009e3c                __gnu_Unwind_Save_VFP_D
                0x00009e44                __gnu_Unwind_Restore_VFP_D_16_to_31
                0x00009e4c                __gnu_Unwind_Save_VFP_D_16_to_31
                0x00009e54                __gnu_Unwind_Restore_WMMXD
                0x00009e98                __gnu_Unwind_Save_WMMXD
                0x00009edc                __gnu_Unwind_Restore_WMMXC
                0x00009ef0                __gnu_Unwind_Save_WMMXC
                0x00009f04                ___Unwind_RaiseException
                0x00009f04                _Unwind_RaiseException
                0x00009f28                _Unwind_Resume
                0x00009f28                ___Unwind_Resume
                0x00009f4c                _Unwind_Resume_or_Rethrow
                0x00009f4c                ___Unwind_Resume_or_Rethrow
                0x00009f70                _Unwind_ForcedUnwind
                0x00009f70                ___Unwind_ForcedUnwind
                0x00009f94                ___Unwind_Backtrace
                0x00009f94                _Unwind_Backtrace
 .text          0x00009fb8      0x374 c:/program files (x86)/gnu arm embedded toolchain/10 2021.10/bin/../lib/gcc/arm-none-eabi/10.3.1/thumb/v8-m.main+fp/hard\libgcc.a(pr-support.o)
                0x0000a010                __gnu_unwind_execute
                0x0000a2dc                __gnu_unwind_frame
                0x0000a30c                _Unwind_GetRegionStart
                0x0000a318                _Unwind_GetLanguageSpecificData
 .text.abort    0x0000a32c        0xe c:/program files (x86)/gnu arm embedded toolchain/10 2021.10/bin/../lib/gcc/arm-none-eabi/10.3.1/../../../../arm-none-eabi/lib/thumb/v8-m.main+fp/hard\libg_nano.a(lib_a-abort.o)
                0x0000a32c                abort
 *fill*         0x0000a33a        0x2 ff
 .text.__errno  0x0000a33c        0xc c:/program files (x86)/gnu arm embedded toolchain/10 2021.10/bin/../lib/gcc/arm-none-eabi/10.3.1/../../../../arm-none-eabi/lib/thumb/v8-m.main+fp/hard\libg_nano.a(lib_a-errno.o)
                0x0000a33c                __errno
 .text.memcpy   0x0000a348       0x1a c:/program files (x86)/gnu arm embedded toolchain/10 2021.10/bin/../lib/gcc/arm-none-eabi/10.3.1/../../../../arm-none-eabi/lib/thumb/v8-m.main+fp/hard\libg_nano.a(lib_a-memcpy-stub.o)
                0x0000a348                memcpy
 .text.memset   0x0000a362       0x10 c:/program files (x86)/gnu arm embedded toolchain/10 2021.10/bin/../lib/gcc/arm-none-eabi/10.3.1/../../../../arm-none-eabi/lib/thumb/v8-m.main+fp/hard\libg_nano.a(lib_a-memset.o)
                0x0000a362                memset
 .text.cleanup_glue
                0x0000a372       0x1a c:/program files (x86)/gnu arm embedded toolchain/10 2021.10/bin/../lib/gcc/arm-none-eabi/10.3.1/../../../../arm-none-eabi/lib/thumb/v8-m.main+fp/hard\libg_nano.a(lib_a-reent.o)
                0x0000a372                cleanup_glue
 .text._reclaim_reent
                0x0000a38c       0xb8 c:/program files (x86)/gnu arm embedded toolchain/10 2021.10/bin/../lib/gcc/arm-none-eabi/10.3.1/../../../../arm-none-eabi/lib/thumb/v8-m.main+fp/hard\libg_nano.a(lib_a-reent.o)
                0x0000a38c                _reclaim_reent
 .text._raise_r
                0x0000a444       0x50 c:/program files (x86)/gnu arm embedded toolchain/10 2021.10/bin/../lib/gcc/arm-none-eabi/10.3.1/../../../../arm-none-eabi/lib/thumb/v8-m.main+fp/hard\libg_nano.a(lib_a-signal.o)
                0x0000a444                _raise_r
 .text.raise    0x0000a494       0x10 c:/program files (x86)/gnu arm embedded toolchain/10 2021.10/bin/../lib/gcc/arm-none-eabi/10.3.1/../../../../arm-none-eabi/lib/thumb/v8-m.main+fp/hard\libg_nano.a(lib_a-signal.o)
                0x0000a494                raise
 .text._kill_r  0x0000a4a4       0x24 c:/program files (x86)/gnu arm embedded toolchain/10 2021.10/bin/../lib/gcc/arm-none-eabi/10.3.1/../../../../arm-none-eabi/lib/thumb/v8-m.main+fp/hard\libg_nano.a(lib_a-signalr.o)
                0x0000a4a4                _kill_r
 .text._getpid_r
                0x0000a4c8        0x4 c:/program files (x86)/gnu arm embedded toolchain/10 2021.10/bin/../lib/gcc/arm-none-eabi/10.3.1/../../../../arm-none-eabi/lib/thumb/v8-m.main+fp/hard\libg_nano.a(lib_a-signalr.o)
                0x0000a4c8                _getpid_r
 .text          0x0000a4cc       0x10 c:/program files (x86)/gnu arm embedded toolchain/10 2021.10/bin/../lib/gcc/arm-none-eabi/10.3.1/../../../../arm-none-eabi/lib/thumb/v8-m.main+fp/hard\libg_nano.a(lib_a-strlen.o)
                0x0000a4cc                strlen
 .text._vsnprintf_r
                0x0000a4dc       0x56 c:/program files (x86)/gnu arm embedded toolchain/10 2021.10/bin/../lib/gcc/arm-none-eabi/10.3.1/../../../../arm-none-eabi/lib/thumb/v8-m.main+fp/hard\libg_nano.a(lib_a-vsnprintf.o)
                0x0000a4dc                _vsniprintf_r
                0x0000a4dc                _vsnprintf_r
 *fill*         0x0000a532        0x2 ff
 .text.vsnprintf
                0x0000a534       0x1c c:/program files (x86)/gnu arm embedded toolchain/10 2021.10/bin/../lib/gcc/arm-none-eabi/10.3.1/../../../../arm-none-eabi/lib/thumb/v8-m.main+fp/hard\libg_nano.a(lib_a-vsnprintf.o)
                0x0000a534                vsniprintf
                0x0000a534                vsnprintf
 .text._free_r  0x0000a550       0x98 c:/program files (x86)/gnu arm embedded toolchain/10 2021.10/bin/../lib/gcc/arm-none-eabi/10.3.1/../../../../arm-none-eabi/lib/thumb/v8-m.main+fp/hard\libg_nano.a(lib_a-nano-freer.o)
                0x0000a550                _free_r
 .text.sbrk_aligned
                0x0000a5e8       0x40 c:/program files (x86)/gnu arm embedded toolchain/10 2021.10/bin/../lib/gcc/arm-none-eabi/10.3.1/../../../../arm-none-eabi/lib/thumb/v8-m.main+fp/hard\libg_nano.a(lib_a-nano-mallocr.o)
 .text._malloc_r
                0x0000a628       0xe8 c:/program files (x86)/gnu arm embedded toolchain/10 2021.10/bin/../lib/gcc/arm-none-eabi/10.3.1/../../../../arm-none-eabi/lib/thumb/v8-m.main+fp/hard\libg_nano.a(lib_a-nano-mallocr.o)
                0x0000a628                _malloc_r
 .text.__ssputs_r
                0x0000a710       0xb6 c:/program files (x86)/gnu arm embedded toolchain/10 2021.10/bin/../lib/gcc/arm-none-eabi/10.3.1/../../../../arm-none-eabi/lib/thumb/v8-m.main+fp/hard\libg_nano.a(lib_a-nano-svfprintf.o)
                0x0000a710                __ssputs_r
 *fill*         0x0000a7c6        0x2 ff
 .text._svfprintf_r
                0x0000a7c8      0x200 c:/program files (x86)/gnu arm embedded toolchain/10 2021.10/bin/../lib/gcc/arm-none-eabi/10.3.1/../../../../arm-none-eabi/lib/thumb/v8-m.main+fp/hard\libg_nano.a(lib_a-nano-svfprintf.o)
                0x0000a7c8                _svfiprintf_r
                0x0000a7c8                _svfprintf_r
 .text._printf_common
                0x0000a9c8       0xe0 c:/program files (x86)/gnu arm embedded toolchain/10 2021.10/bin/../lib/gcc/arm-none-eabi/10.3.1/../../../../arm-none-eabi/lib/thumb/v8-m.main+fp/hard\libg_nano.a(lib_a-nano-vfprintf_i.o)
                0x0000a9c8                _printf_common
 .text._printf_i
                0x0000aaa8      0x24c c:/program files (x86)/gnu arm embedded toolchain/10 2021.10/bin/../lib/gcc/arm-none-eabi/10.3.1/../../../../arm-none-eabi/lib/thumb/v8-m.main+fp/hard\libg_nano.a(lib_a-nano-vfprintf_i.o)
                0x0000aaa8                _printf_i
 .text._sbrk_r  0x0000acf4       0x20 c:/program files (x86)/gnu arm embedded toolchain/10 2021.10/bin/../lib/gcc/arm-none-eabi/10.3.1/../../../../arm-none-eabi/lib/thumb/v8-m.main+fp/hard\libg_nano.a(lib_a-sbrkr.o)
                0x0000acf4                _sbrk_r
 .text.memchr   0x0000ad14       0x1c c:/program files (x86)/gnu arm embedded toolchain/10 2021.10/bin/../lib/gcc/arm-none-eabi/10.3.1/../../../../arm-none-eabi/lib/thumb/v8-m.main+fp/hard\libg_nano.a(lib_a-memchr-stub.o)
                0x0000ad14                memchr
 .text.memmove  0x0000ad30       0x34 c:/program files (x86)/gnu arm embedded toolchain/10 2021.10/bin/../lib/gcc/arm-none-eabi/10.3.1/../../../../arm-none-eabi/lib/thumb/v8-m.main+fp/hard\libg_nano.a(lib_a-memmove.o)
                0x0000ad30                memmove
 .text.__malloc_lock
                0x0000ad64        0xc c:/program files (x86)/gnu arm embedded toolchain/10 2021.10/bin/../lib/gcc/arm-none-eabi/10.3.1/../../../../arm-none-eabi/lib/thumb/v8-m.main+fp/hard\libg_nano.a(lib_a-mlock.o)
                0x0000ad64                __malloc_lock
 .text.__malloc_unlock
                0x0000ad70        0xc c:/program files (x86)/gnu arm embedded toolchain/10 2021.10/bin/../lib/gcc/arm-none-eabi/10.3.1/../../../../arm-none-eabi/lib/thumb/v8-m.main+fp/hard\libg_nano.a(lib_a-mlock.o)
                0x0000ad70                __malloc_unlock
 .text._realloc_r
                0x0000ad7c       0x5e c:/program files (x86)/gnu arm embedded toolchain/10 2021.10/bin/../lib/gcc/arm-none-eabi/10.3.1/../../../../arm-none-eabi/lib/thumb/v8-m.main+fp/hard\libg_nano.a(lib_a-nano-reallocr.o)
                0x0000ad7c                _realloc_r
 .text.__retarget_lock_init_recursive
                0x0000adda        0x2 c:/program files (x86)/gnu arm embedded toolchain/10 2021.10/bin/../lib/gcc/arm-none-eabi/10.3.1/../../../../arm-none-eabi/lib/thumb/v8-m.main+fp/hard\libg_nano.a(lib_a-lock.o)
                0x0000adda                __retarget_lock_init_recursive
 .text.__retarget_lock_acquire_recursive
                0x0000addc        0x2 c:/program files (x86)/gnu arm embedded toolchain/10 2021.10/bin/../lib/gcc/arm-none-eabi/10.3.1/../../../../arm-none-eabi/lib/thumb/v8-m.main+fp/hard\libg_nano.a(lib_a-lock.o)
                0x0000addc                __retarget_lock_acquire_recursive
 .text.__retarget_lock_release_recursive
                0x0000adde        0x2 c:/program files (x86)/gnu arm embedded toolchain/10 2021.10/bin/../lib/gcc/arm-none-eabi/10.3.1/../../../../arm-none-eabi/lib/thumb/v8-m.main+fp/hard\libg_nano.a(lib_a-lock.o)
                0x0000adde                __retarget_lock_release_recursive
 .text._malloc_usable_size_r
                0x0000ade0       0x10 c:/program files (x86)/gnu arm embedded toolchain/10 2021.10/bin/../lib/gcc/arm-none-eabi/10.3.1/../../../../arm-none-eabi/lib/thumb/v8-m.main+fp/hard\libg_nano.a(lib_a-nano-msizer.o)
                0x0000ade0                _malloc_usable_size_r
 .text.findslot
                0x0000adf0       0x34 c:/program files (x86)/gnu arm embedded toolchain/10 2021.10/bin/../lib/gcc/arm-none-eabi/10.3.1/../../../../arm-none-eabi/lib/thumb/v8-m.main+fp/hard\librdimon_nano.a(rdimon-syscalls.o)
 .text.error    0x0000ae24       0x1c c:/program files (x86)/gnu arm embedded toolchain/10 2021.10/bin/../lib/gcc/arm-none-eabi/10.3.1/../../../../arm-none-eabi/lib/thumb/v8-m.main+fp/hard\librdimon_nano.a(rdimon-syscalls.o)
 .text.checkerror
                0x0000ae40        0xa c:/program files (x86)/gnu arm embedded toolchain/10 2021.10/bin/../lib/gcc/arm-none-eabi/10.3.1/../../../../arm-none-eabi/lib/thumb/v8-m.main+fp/hard\librdimon_nano.a(rdimon-syscalls.o)
 .text._swiread
                0x0000ae4a       0x20 c:/program files (x86)/gnu arm embedded toolchain/10 2021.10/bin/../lib/gcc/arm-none-eabi/10.3.1/../../../../arm-none-eabi/lib/thumb/v8-m.main+fp/hard\librdimon_nano.a(rdimon-syscalls.o)
                0x0000ae4a                _swiread
 .text._read    0x0000ae6a       0x38 c:/program files (x86)/gnu arm embedded toolchain/10 2021.10/bin/../lib/gcc/arm-none-eabi/10.3.1/../../../../arm-none-eabi/lib/thumb/v8-m.main+fp/hard\librdimon_nano.a(rdimon-syscalls.o)
                0x0000ae6a                _read
 .text._swilseek
                0x0000aea2       0x78 c:/program files (x86)/gnu arm embedded toolchain/10 2021.10/bin/../lib/gcc/arm-none-eabi/10.3.1/../../../../arm-none-eabi/lib/thumb/v8-m.main+fp/hard\librdimon_nano.a(rdimon-syscalls.o)
                0x0000aea2                _swilseek
 .text._lseek   0x0000af1a        0x4 c:/program files (x86)/gnu arm embedded toolchain/10 2021.10/bin/../lib/gcc/arm-none-eabi/10.3.1/../../../../arm-none-eabi/lib/thumb/v8-m.main+fp/hard\librdimon_nano.a(rdimon-syscalls.o)
                0x0000af1a                _lseek
 .text._swiwrite
                0x0000af1e       0x20 c:/program files (x86)/gnu arm embedded toolchain/10 2021.10/bin/../lib/gcc/arm-none-eabi/10.3.1/../../../../arm-none-eabi/lib/thumb/v8-m.main+fp/hard\librdimon_nano.a(rdimon-syscalls.o)
                0x0000af1e                _swiwrite
 .text._write   0x0000af3e       0x48 c:/program files (x86)/gnu arm embedded toolchain/10 2021.10/bin/../lib/gcc/arm-none-eabi/10.3.1/../../../../arm-none-eabi/lib/thumb/v8-m.main+fp/hard\librdimon_nano.a(rdimon-syscalls.o)
                0x0000af3e                _write
 .text._swiclose
                0x0000af86       0x1a c:/program files (x86)/gnu arm embedded toolchain/10 2021.10/bin/../lib/gcc/arm-none-eabi/10.3.1/../../../../arm-none-eabi/lib/thumb/v8-m.main+fp/hard\librdimon_nano.a(rdimon-syscalls.o)
                0x0000af86                _swiclose
 .text._close   0x0000afa0       0x4c c:/program files (x86)/gnu arm embedded toolchain/10 2021.10/bin/../lib/gcc/arm-none-eabi/10.3.1/../../../../arm-none-eabi/lib/thumb/v8-m.main+fp/hard\librdimon_nano.a(rdimon-syscalls.o)
                0x0000afa0                _close
 .text._getpid  0x0000afec        0x4 c:/program files (x86)/gnu arm embedded toolchain/10 2021.10/bin/../lib/gcc/arm-none-eabi/10.3.1/../../../../arm-none-eabi/lib/thumb/v8-m.main+fp/hard\librdimon_nano.a(rdimon-syscalls.o)
                0x0000afec                _getpid
 .text._swistat
                0x0000aff0       0x42 c:/program files (x86)/gnu arm embedded toolchain/10 2021.10/bin/../lib/gcc/arm-none-eabi/10.3.1/../../../../arm-none-eabi/lib/thumb/v8-m.main+fp/hard\librdimon_nano.a(rdimon-syscalls.o)
                0x0000aff0                _swistat
 .text._stat    0x0000b032       0x3a c:/program files (x86)/gnu arm embedded toolchain/10 2021.10/bin/../lib/gcc/arm-none-eabi/10.3.1/../../../../arm-none-eabi/lib/thumb/v8-m.main+fp/hard\librdimon_nano.a(rdimon-syscalls.o)
                0x0000b032                _stat