Archive member included to satisfy reference by file (symbol)

/home/cdr/.local/share/renesas/e2_studio/toolchains/gcc_arm/10_3_2021_10/gcc-arm-none-eabi-10.3-2021.10/bin/../lib/gcc/arm-none-eabi/10.3.1/thumb/v8-m.main+fp/hard/libgcc.a(unwind-arm.o)
                              ./src/main_thread_entry.o (__aeabi_unwind_cpp_pr0)
/home/cdr/.local/share/renesas/e2_studio/toolchains/gcc_arm/10_3_2021_10/gcc-arm-none-eabi-10.3-2021.10/bin/../lib/gcc/arm-none-eabi/10.3.1/thumb/v8-m.main+fp/hard/libgcc.a(libunwind.o)
                              /home/cdr/.local/share/renesas/e2_studio/toolchains/gcc_arm/10_3_2021_10/gcc-arm-none-eabi-10.3-2021.10/bin/../lib/gcc/arm-none-eabi/10.3.1/thumb/v8-m.main+fp/hard/libgcc.a(unwind-arm.o) (restore_core_regs)
/home/cdr/.local/share/renesas/e2_studio/toolchains/gcc_arm/10_3_2021_10/gcc-arm-none-eabi-10.3-2021.10/bin/../lib/gcc/arm-none-eabi/10.3.1/thumb/v8-m.main+fp/hard/libgcc.a(pr-support.o)
                              /home/cdr/.local/share/renesas/e2_studio/toolchains/gcc_arm/10_3_2021_10/gcc-arm-none-eabi-10.3-2021.10/bin/../lib/gcc/arm-none-eabi/10.3.1/thumb/v8-m.main+fp/hard/libgcc.a(unwind-arm.o) (__gnu_unwind_execute)
/home/cdr/.local/share/renesas/e2_studio/toolchains/gcc_arm/10_3_2021_10/gcc-arm-none-eabi-10.3-2021.10/bin/../lib/gcc/arm-none-eabi/10.3.1/../../../../arm-none-eabi/lib/thumb/v8-m.main+fp/hard/libg_nano.a(lib_a-abort.o)
                              /home/cdr/.local/share/renesas/e2_studio/toolchains/gcc_arm/10_3_2021_10/gcc-arm-none-eabi-10.3-2021.10/bin/../lib/gcc/arm-none-eabi/10.3.1/thumb/v8-m.main+fp/hard/libgcc.a(unwind-arm.o) (abort)
/home/cdr/.local/share/renesas/e2_studio/toolchains/gcc_arm/10_3_2021_10/gcc-arm-none-eabi-10.3-2021.10/bin/../lib/gcc/arm-none-eabi/10.3.1/../../../../arm-none-eabi/lib/thumb/v8-m.main+fp/hard/libg_nano.a(lib_a-errno.o)
                              ./ra/fsp/src/bsp/mcu/all/bsp_sbrk.o (__errno)
/home/cdr/.local/share/renesas/e2_studio/toolchains/gcc_arm/10_3_2021_10/gcc-arm-none-eabi-10.3-2021.10/bin/../lib/gcc/arm-none-eabi/10.3.1/../../../../arm-none-eabi/lib/thumb/v8-m.main+fp/hard/libg_nano.a(lib_a-exit.o)
                              /home/cdr/.local/share/renesas/e2_studio/toolchains/gcc_arm/10_3_2021_10/gcc-arm-none-eabi-10.3-2021.10/bin/../lib/gcc/arm-none-eabi/10.3.1/../../../../arm-none-eabi/lib/thumb/v8-m.main+fp/hard/rdimon-crt0.o (exit)
/home/cdr/.local/share/renesas/e2_studio/toolchains/gcc_arm/10_3_2021_10/gcc-arm-none-eabi-10.3-2021.10/bin/../lib/gcc/arm-none-eabi/10.3.1/../../../../arm-none-eabi/lib/thumb/v8-m.main+fp/hard/libg_nano.a(lib_a-impure.o)
                              /home/cdr/.local/share/renesas/e2_studio/toolchains/gcc_arm/10_3_2021_10/gcc-arm-none-eabi-10.3-2021.10/bin/../lib/gcc/arm-none-eabi/10.3.1/../../../../arm-none-eabi/lib/thumb/v8-m.main+fp/hard/libg_nano.a(lib_a-exit.o) (_global_impure_ptr)
/home/cdr/.local/share/renesas/e2_studio/toolchains/gcc_arm/10_3_2021_10/gcc-arm-none-eabi-10.3-2021.10/bin/../lib/gcc/arm-none-eabi/10.3.1/../../../../arm-none-eabi/lib/thumb/v8-m.main+fp/hard/libg_nano.a(lib_a-init.o)
                              /home/cdr/.local/share/renesas/e2_studio/toolchains/gcc_arm/10_3_2021_10/gcc-arm-none-eabi-10.3-2021.10/bin/../lib/gcc/arm-none-eabi/10.3.1/../../../../arm-none-eabi/lib/thumb/v8-m.main+fp/hard/rdimon-crt0.o (__libc_init_array)
/home/cdr/.local/share/renesas/e2_studio/toolchains/gcc_arm/10_3_2021_10/gcc-arm-none-eabi-10.3-2021.10/bin/../lib/gcc/arm-none-eabi/10.3.1/../../../../arm-none-eabi/lib/thumb/v8-m.main+fp/hard/libg_nano.a(lib_a-memcpy-stub.o)
                              ./ra/fsp/src/r_usb_basic/src/driver/r_usb_pdriver.o (memcpy)
/home/cdr/.local/share/renesas/e2_studio/toolchains/gcc_arm/10_3_2021_10/gcc-arm-none-eabi-10.3-2021.10/bin/../lib/gcc/arm-none-eabi/10.3.1/../../../../arm-none-eabi/lib/thumb/v8-m.main+fp/hard/libg_nano.a(lib_a-memset.o)
                              /home/cdr/.local/share/renesas/e2_studio/toolchains/gcc_arm/10_3_2021_10/gcc-arm-none-eabi-10.3-2021.10/bin/../lib/gcc/arm-none-eabi/10.3.1/../../../../arm-none-eabi/lib/thumb/v8-m.main+fp/hard/rdimon-crt0.o (memset)
/home/cdr/.local/share/renesas/e2_studio/toolchains/gcc_arm/10_3_2021_10/gcc-arm-none-eabi-10.3-2021.10/bin/../lib/gcc/arm-none-eabi/10.3.1/../../../../arm-none-eabi/lib/thumb/v8-m.main+fp/hard/libg_nano.a(lib_a-signal.o)
                              /home/cdr/.local/share/renesas/e2_studio/toolchains/gcc_arm/10_3_2021_10/gcc-arm-none-eabi-10.3-2021.10/bin/../lib/gcc/arm-none-eabi/10.3.1/../../../../arm-none-eabi/lib/thumb/v8-m.main+fp/hard/libg_nano.a(lib_a-abort.o) (raise)
/home/cdr/.local/share/renesas/e2_studio/toolchains/gcc_arm/10_3_2021_10/gcc-arm-none-eabi-10.3-2021.10/bin/../lib/gcc/arm-none-eabi/10.3.1/../../../../arm-none-eabi/lib/thumb/v8-m.main+fp/hard/libg_nano.a(lib_a-signalr.o)
[...]
Memory Configuration

Name             Origin             Length             Attributes
FLASH            0x0000000000000000 0x0000000000100000 xr
RAM              0x0000000020000000 0x0000000000080000 xrw
DATA_FLASH       0x0000000008000000 0x0000000000002000 xr
QSPI_FLASH       0x0000000060000000 0x0000000004000000 xr
OSPI_DEVICE_0    0x0000000068000000 0x0000000008000000 xr
OSPI_DEVICE_1    0x0000000070000000 0x0000000010000000 xr
OSPI_DEVICE_0_RAM 0x0000000068000000 0x0000000008000000 xrw
OSPI_DEVICE_1_RAM 0x0000000070000000 0x0000000010000000 xrw
SDRAM            0x0000000090000000 0x0000000000000000 xrw
OPTION_SETTING   0x000000000100a100 0x0000000000000100 r
OPTION_SETTING_S 0x000000000100a200 0x0000000000000100 r
ID_CODE          0x0000000000000000 0x0000000000000000 xr
*default*        0x0000000000000000 0xffffffffffffffff

Linker script and memory map

LOAD /home/cdr/.local/share/renesas/e2_studio/toolchains/gcc_arm/10_3_2021_10/gcc-arm-none-eabi-10.3-2021.10/bin/../lib/gcc/arm-none-eabi/10.3.1/thumb/v8-m.main+fp/hard/crti.o
LOAD /home/cdr/.local/share/renesas/e2_studio/toolchains/gcc_arm/10_3_2021_10/gcc-arm-none-eabi-10.3-2021.10/bin/../lib/gcc/arm-none-eabi/10.3.1/thumb/v8-m.main+fp/hard/crtbegin.o
LOAD /home/cdr/.local/share/renesas/e2_studio/toolchains/gcc_arm/10_3_2021_10/gcc-arm-none-eabi-10.3-2021.10/bin/../lib/gcc/arm-none-eabi/10.3.1/../../../../arm-none-eabi/lib/thumb/v8-m.main+fp/hard/rdimon-crt0.o
START GROUP
LOAD ./src/hal_entry.o
LOAD ./src/main_thread_entry.o
LOAD ./ra_gen/common_data.o
LOAD ./ra_gen/hal_data.o
LOAD ./ra_gen/main.o
LOAD ./ra_gen/main_thread.o
LOAD ./ra_gen/pin_data.o
LOAD ./ra_gen/vector_data.o
LOAD ./ra/fsp/src/rm_freertos_port/port.o
LOAD ./ra/fsp/src/r_usb_pcdc/src/r_usb_pcdc_driver.o
LOAD ./ra/fsp/src/r_usb_basic/src/hw/r_usb_creg_abs.o
LOAD ./ra/fsp/src/r_usb_basic/src/hw/r_usb_creg_access.o
LOAD ./ra/fsp/src/r_usb_basic/src/hw/r_usb_dma.o
LOAD ./ra/fsp/src/r_usb_basic/src/hw/r_usb_hostelectrical.o
LOAD ./ra/fsp/src/r_usb_basic/src/hw/r_usb_hreg_abs.o
LOAD ./ra/fsp/src/r_usb_basic/src/hw/r_usb_hreg_access.o
LOAD ./ra/fsp/src/r_usb_basic/src/hw/r_usb_mcu.o
LOAD ./ra/fsp/src/r_usb_basic/src/hw/r_usb_preg_abs.o
LOAD ./ra/fsp/src/r_usb_basic/src/hw/r_usb_preg_access.o
LOAD ./ra/fsp/src/r_usb_basic/src/driver/r_usb_cdataio.o
LOAD ./ra/fsp/src/r_usb_basic/src/driver/r_usb_clibusbip.o
LOAD ./ra/fsp/src/r_usb_basic/src/driver/r_usb_cstd_rtos.o
LOAD ./ra/fsp/src/r_usb_basic/src/driver/r_usb_hbc.o
LOAD ./ra/fsp/src/r_usb_basic/src/driver/r_usb_hcontrolrw.o
LOAD ./ra/fsp/src/r_usb_basic/src/driver/r_usb_hdriver.o
LOAD ./ra/fsp/src/r_usb_basic/src/driver/r_usb_hhubsys.o
LOAD ./ra/fsp/src/r_usb_basic/src/driver/r_usb_hintfifo.o
LOAD ./ra/fsp/src/r_usb_basic/src/driver/r_usb_hinthandler_usbip0.o
LOAD ./ra/fsp/src/r_usb_basic/src/driver/r_usb_hinthandler_usbip1.o
LOAD ./ra/fsp/src/r_usb_basic/src/driver/r_usb_hlibusbip.o
LOAD ./ra/fsp/src/r_usb_basic/src/driver/r_usb_hmanager.o
LOAD ./ra/fsp/src/r_usb_basic/src/driver/r_usb_hscheduler.o
LOAD ./ra/fsp/src/r_usb_basic/src/driver/r_usb_hsignal.o
LOAD ./ra/fsp/src/r_usb_basic/src/driver/r_usb_hstdfunction.o
LOAD ./ra/fsp/src/r_usb_basic/src/driver/r_usb_pbc.o
LOAD ./ra/fsp/src/r_usb_basic/src/driver/r_usb_pcontrolrw.o
LOAD ./ra/fsp/src/r_usb_basic/src/driver/r_usb_pdriver.o
LOAD ./ra/fsp/src/r_usb_basic/src/driver/r_usb_pintfifo.o
LOAD ./ra/fsp/src/r_usb_basic/src/driver/r_usb_pinthandler_usbip0.o
LOAD ./ra/fsp/src/r_usb_basic/src/driver/r_usb_plibusbip.o
LOAD ./ra/fsp/src/r_usb_basic/src/driver/r_usb_psignal.o
LOAD ./ra/fsp/src/r_usb_basic/src/driver/r_usb_pstdfunction.o
LOAD ./ra/fsp/src/r_usb_basic/src/driver/r_usb_pstdrequest.o
LOAD ./ra/fsp/src/r_usb_basic/r_usb_basic.o
LOAD ./ra/fsp/src/r_ioport/r_ioport.o
LOAD ./ra/fsp/src/r_crc/r_crc.o
LOAD ./ra/fsp/src/bsp/mcu/all/bsp_clocks.o
LOAD ./ra/fsp/src/bsp/mcu/all/bsp_common.o
LOAD ./ra/fsp/src/bsp/mcu/all/bsp_delay.o
LOAD ./ra/fsp/src/bsp/mcu/all/bsp_group_irq.o
LOAD ./ra/fsp/src/bsp/mcu/all/bsp_guard.o
LOAD ./ra/fsp/src/bsp/mcu/all/bsp_io.o
LOAD ./ra/fsp/src/bsp/mcu/all/bsp_irq.o
LOAD ./ra/fsp/src/bsp/mcu/all/bsp_register_protection.o
LOAD ./ra/fsp/src/bsp/mcu/all/bsp_rom_registers.o
LOAD ./ra/fsp/src/bsp/mcu/all/bsp_sbrk.o
LOAD ./ra/fsp/src/bsp/mcu/all/bsp_security.o
LOAD ./ra/fsp/src/bsp/cmsis/Device/RENESAS/Source/startup.o
LOAD ./ra/fsp/src/bsp/cmsis/Device/RENESAS/Source/system.o
LOAD ./ra/aws/FreeRTOS/FreeRTOS/Source/portable/MemMang/heap_4.o
LOAD ./ra/aws/FreeRTOS/FreeRTOS/Source/event_groups.o
LOAD ./ra/aws/FreeRTOS/FreeRTOS/Source/list.o
LOAD ./ra/aws/FreeRTOS/FreeRTOS/Source/queue.o
LOAD ./ra/aws/FreeRTOS/FreeRTOS/Source/stream_buffer.o
LOAD ./ra/aws/FreeRTOS/FreeRTOS/Source/tasks.o
LOAD ./ra/aws/FreeRTOS/FreeRTOS/Source/timers.o
END GROUP
LOAD /home/cdr/.local/share/renesas/e2_studio/toolchains/gcc_arm/10_3_2021_10/gcc-arm-none-eabi-10.3-2021.10/bin/../lib/gcc/arm-none-eabi/10.3.1/../../../../arm-none-eabi/lib/thumb/v8-m.main+fp/hard/libstdc++_nano.a
LOAD /home/cdr/.local/share/renesas/e2_studio/toolchains/gcc_arm/10_3_2021_10/gcc-arm-none-eabi-10.3-2021.10/bin/../lib/gcc/arm-none-eabi/10.3.1/../../../../arm-none-eabi/lib/thumb/v8-m.main+fp/hard/libm.a
START GROUP
LOAD /home/cdr/.local/share/renesas/e2_studio/toolchains/gcc_arm/10_3_2021_10/gcc-arm-none-eabi-10.3-2021.10/bin/../lib/gcc/arm-none-eabi/10.3.1/thumb/v8-m.main+fp/hard/libgcc.a
LOAD /home/cdr/.local/share/renesas/e2_studio/toolchains/gcc_arm/10_3_2021_10/gcc-arm-none-eabi-10.3-2021.10/bin/../lib/gcc/arm-none-eabi/10.3.1/../../../../arm-none-eabi/lib/thumb/v8-m.main+fp/hard/libg_nano.a
LOAD /home/cdr/.local/share/renesas/e2_studio/toolchains/gcc_arm/10_3_2021_10/gcc-arm-none-eabi-10.3-2021.10/bin/../lib/gcc/arm-none-eabi/10.3.1/../../../../arm-none-eabi/lib/thumb/v8-m.main+fp/hard/libc_nano.a
END GROUP
START GROUP
LOAD /home/cdr/.local/share/renesas/e2_studio/toolchains/gcc_arm/10_3_2021_10/gcc-arm-none-eabi-10.3-2021.10/bin/../lib/gcc/arm-none-eabi/10.3.1/thumb/v8-m.main+fp/hard/libgcc.a
LOAD /home/cdr/.local/share/renesas/e2_studio/toolchains/gcc_arm/10_3_2021_10/gcc-arm-none-eabi-10.3-2021.10/bin/../lib/gcc/arm-none-eabi/10.3.1/../../../../arm-none-eabi/lib/thumb/v8-m.main+fp/hard/libc_nano.a
LOAD /home/cdr/.local/share/renesas/e2_studio/toolchains/gcc_arm/10_3_2021_10/gcc-arm-none-eabi-10.3-2021.10/bin/../lib/gcc/arm-none-eabi/10.3.1/../../../../arm-none-eabi/lib/thumb/v8-m.main+fp/hard/librdimon_nano.a
END GROUP
START GROUP
LOAD /home/cdr/.local/share/renesas/e2_studio/toolchains/gcc_arm/10_3_2021_10/gcc-arm-none-eabi-10.3-2021.10/bin/../lib/gcc/arm-none-eabi/10.3.1/thumb/v8-m.main+fp/hard/libgcc.a
LOAD /home/cdr/.local/share/renesas/e2_studio/toolchains/gcc_arm/10_3_2021_10/gcc-arm-none-eabi-10.3-2021.10/bin/../lib/gcc/arm-none-eabi/10.3.1/../../../../arm-none-eabi/lib/thumb/v8-m.main+fp/hard/libc_nano.a
LOAD /home/cdr/.local/share/renesas/e2_studio/toolchains/gcc_arm/10_3_2021_10/gcc-arm-none-eabi-10.3-2021.10/bin/../lib/gcc/arm-none-eabi/10.3.1/../../../../arm-none-eabi/lib/thumb/v8-m.main+fp/hard/librdimon_nano.a
END GROUP
LOAD /home/cdr/.local/share/renesas/e2_studio/toolchains/gcc_arm/10_3_2021_10/gcc-arm-none-eabi-10.3-2021.10/bin/../lib/gcc/arm-none-eabi/10.3.1/thumb/v8-m.main+fp/hard/crtend.o
LOAD /home/cdr/.local/share/renesas/e2_studio/toolchains/gcc_arm/10_3_2021_10/gcc-arm-none-eabi-10.3-2021.10/bin/../lib/gcc/arm-none-eabi/10.3.1/thumb/v8-m.main+fp/hard/crtn.o
                0x0000000020000000                RAM_START = 0x20000000
                0x0000000000080000                RAM_LENGTH = 0x80000
                0x0000000000000000                FLASH_START = 0x0
                0x0000000000100000                FLASH_LENGTH = 0x100000
                0x0000000008000000                DATA_FLASH_START = 0x8000000
                0x0000000000002000                DATA_FLASH_LENGTH = 0x2000
                0x000000000100a100                OPTION_SETTING_START = 0x100a100
                0x0000000000000100                OPTION_SETTING_LENGTH = 0x100
                0x000000000100a200                OPTION_SETTING_S_START = 0x100a200
                0x0000000000000100                OPTION_SETTING_S_LENGTH = 0x100
                0x0000000000000000                ID_CODE_START = 0x0
                0x0000000000000000                ID_CODE_LENGTH = 0x0
                0x0000000090000000                SDRAM_START = 0x90000000
                0x0000000000000000                SDRAM_LENGTH = 0x0
                0x0000000060000000                QSPI_FLASH_START = 0x60000000
                0x0000000004000000                QSPI_FLASH_LENGTH = 0x4000000
                0x0000000068000000                OSPI_DEVICE_0_START = 0x68000000
                0x0000000008000000                OSPI_DEVICE_0_LENGTH = 0x8000000
                0x0000000070000000                OSPI_DEVICE_1_START = 0x70000000
                0x0000000010000000                OSPI_DEVICE_1_LENGTH = 0x10000000
                0x0000000004000000                QSPI_FLASH_PRV_LENGTH = DEFINED (QSPI_FLASH_SIZE)?ABSOLUTE (QSPI_FLASH_SIZE):ABSOLUTE (QSPI_FLASH_LENGTH)
                0x0000000008000000                OSPI_DEVICE_0_PRV_LENGTH = DEFINED (OSPI_DEVICE_0_SIZE)?ABSOLUTE (OSPI_DEVICE_0_SIZE):ABSOLUTE (OSPI_DEVICE_0_LENGTH)
                0x0000000010000000                OSPI_DEVICE_1_PRV_LENGTH = DEFINED (OSPI_DEVICE_1_SIZE)?ABSOLUTE (OSPI_DEVICE_1_SIZE):ABSOLUTE (OSPI_DEVICE_1_LENGTH)
                0x0000000000000000                __RESERVE_NS_RAM = ((! (DEFINED (PROJECT_NONSECURE)) && DEFINED (RAM_NS_BUFFER_LENGTH)) && (OPTION_SETTING_S_LENGTH != 0x0))
                0x0000000000000000                RAM_NS_BUFFER_BLOCK_LENGTH = DEFINED (RAM_NS_BUFFER_LENGTH)?ALIGN (RAM_NS_BUFFER_LENGTH, 0x2000):0x0
                0x0000000000000000                RAM_NS_BUFFER_LENGTH = DEFINED (RAM_NS_BUFFER_LENGTH)?RAM_NS_BUFFER_LENGTH:0x0
                0x0000000020080000                RAM_NS_BUFFER_START = ((RAM_START + RAM_LENGTH) - RAM_NS_BUFFER_LENGTH)
                0x0000000020080000                RAM_NS_BUFFER_BLOCK_START = ((RAM_START + RAM_LENGTH) - RAM_NS_BUFFER_BLOCK_LENGTH)
                0x000000000100a180                OPTION_SETTING_START_NS = 0x100a180
                0x0000000000000001                __bl_FSP_BOOTABLE_IMAGE = 0x1
                0x0000000000000001                __bln_FSP_BOOTABLE_IMAGE = 0x1
                0x0000000000000001                PROJECT_SECURE_OR_FLAT = ((! (DEFINED (PROJECT_NONSECURE)) && OPTION_SETTING_LENGTH) && ! (DEFINED (FSP_BOOTABLE_IMAGE)))
                0x0000000000000000                USE_OPTION_SETTING_NS = (DEFINED (PROJECT_NONSECURE) && ! (DEFINED (FSP_BOOTABLE_IMAGE)))
                0x0000000000000000                __bl_FLASH_IMAGE_START = ! (DEFINED (FLASH_BOOTLOADER_LENGTH))?0x0:(FLASH_APPLICATION_IMAGE_NUMBER == 0x1)?(FLASH_BOOTLOADER_LENGTH + FLASH_BOOTLOADER_HEADER_LENGTH):(((FLASH_BOOTLOADER_LENGTH + FLASH_BOOTLOADER_SCRATCH_LENGTH) + FLASH_APPLICATION_S_LENGTH) + FLASH_BOOTLOADER_HEADER_LENGTH)
                0x0000000000000000                __bl_FLASH_IMAGE_LENGTH = ! (DEFINED (FLASH_BOOTLOADER_LENGTH))?0x0:(FLASH_APPLICATION_S_LENGTH - FLASH_BOOTLOADER_HEADER_LENGTH)
                0x0000000000000000                __bl_FLASH_IMAGE_END = (__bl_FLASH_IMAGE_START + __bl_FLASH_IMAGE_LENGTH)
                0x0000000000000000                __bl_XIP_SECONDARY_FLASH_IMAGE_START = ! (DEFINED (FLASH_BOOTLOADER_LENGTH))?0x0:((FLASH_BOOTLOADER_LENGTH + FLASH_APPLICATION_S_LENGTH) + FLASH_BOOTLOADER_HEADER_LENGTH)
                0x0000000000000000                __bl_XIP_SECONDARY_FLASH_IMAGE_END = (__bl_XIP_SECONDARY_FLASH_IMAGE_START + __bl_FLASH_IMAGE_LENGTH)
                0x0000000000000000                __bl_FLASH_NS_START = ! (DEFINED (FLASH_BOOTLOADER_LENGTH))?0x0:(FLASH_APPLICATION_NS_LENGTH == 0x0)?__bl_FLASH_IMAGE_END:((__bl_FLASH_IMAGE_START - FLASH_BOOTLOADER_HEADER_LENGTH) + FLASH_APPLICATION_S_LENGTH)
                0x0000000000000000                __bl_FLASH_NSC_START = ! (DEFINED (FLASH_BOOTLOADER_LENGTH))?0x0:(FLASH_APPLICATION_NS_LENGTH == 0x0)?__bl_FLASH_IMAGE_END:(__bl_FLASH_NS_START - FLASH_APPLICATION_NSC_LENGTH)
                0x0000000000000000                __bl_RAM_NS_START = ! (DEFINED (FLASH_BOOTLOADER_LENGTH))?0x0:(FLASH_APPLICATION_NS_LENGTH == 0x0)?(RAM_START + RAM_LENGTH):((RAM_START + RAM_LENGTH) - RAM_APPLICATION_NS_LENGTH)
                0x0000000000000000                __bl_RAM_NSC_START = ! (DEFINED (FLASH_BOOTLOADER_LENGTH))?0x0:(FLASH_APPLICATION_NS_LENGTH == 0x0)?(RAM_START + RAM_LENGTH):(__bl_RAM_NS_START - RAM_APPLICATION_NSC_LENGTH)
                0x0000000000000000                __bl_FLASH_NS_IMAGE_START = ! (DEFINED (FLASH_BOOTLOADER_LENGTH))?0x0:(FLASH_APPLICATION_NS_LENGTH == 0x0)?__bl_FLASH_IMAGE_END:(__bl_FLASH_NS_START + FLASH_BOOTLOADER_HEADER_LENGTH_2)
                0x0000000000000000                __bln_FLASH_IMAGE_START = __bl_FLASH_NS_IMAGE_START
                0x0000000000000000                __bln_FLASH_IMAGE_LENGTH = ! (DEFINED (FLASH_BOOTLOADER_LENGTH))?0x0:(FLASH_APPLICATION_NS_LENGTH == 0x0)?__bl_FLASH_IMAGE_END:(FLASH_APPLICATION_NS_LENGTH - FLASH_BOOTLOADER_HEADER_LENGTH_2)
                0x0000000000000000                XIP_SECONDARY_SLOT_IMAGE = DEFINED (XIP_SECONDARY_SLOT_IMAGE)?XIP_SECONDARY_SLOT_IMAGE:0x0
                0x0000000000000000                FLASH_ORIGIN = ! (DEFINED (FLASH_IMAGE_START))?FLASH_START:(XIP_SECONDARY_SLOT_IMAGE == 0x1)?XIP_SECONDARY_FLASH_IMAGE_START:FLASH_IMAGE_START
                0x0000000000100000                LIMITED_FLASH_LENGTH = DEFINED (FLASH_IMAGE_LENGTH)?FLASH_IMAGE_LENGTH:DEFINED (FLASH_BOOTLOADER_LENGTH)?FLASH_BOOTLOADER_LENGTH:FLASH_LENGTH
START GROUP
LOAD /home/cdr/.local/share/renesas/e2_studio/toolchains/gcc_arm/10_3_2021_10/gcc-arm-none-eabi-10.3-2021.10/bin/../lib/gcc/arm-none-eabi/10.3.1/thumb/v8-m.main+fp/hard/libgcc.a
LOAD /home/cdr/.local/share/renesas/e2_studio/toolchains/gcc_arm/10_3_2021_10/gcc-arm-none-eabi-10.3-2021.10/bin/../lib/gcc/arm-none-eabi/10.3.1/../../../../arm-none-eabi/lib/thumb/v8-m.main+fp/hard/libc.a
LOAD /home/cdr/.local/share/renesas/e2_studio/toolchains/gcc_arm/10_3_2021_10/gcc-arm-none-eabi-10.3-2021.10/bin/../lib/gcc/arm-none-eabi/10.3.1/../../../../arm-none-eabi/lib/thumb/v8-m.main+fp/hard/libm.a
LOAD /home/cdr/.local/share/renesas/e2_studio/toolchains/gcc_arm/10_3_2021_10/gcc-arm-none-eabi-10.3-2021.10/bin/../lib/gcc/arm-none-eabi/10.3.1/../../../../arm-none-eabi/lib/thumb/v8-m.main+fp/hard/libnosys.a
END GROUP

.text           0x0000000000000000     0x5414
                0x0000000000000000                __tz_FLASH_S = ABSOLUTE (FLASH_START)
                0x0000000000000000                __ROM_Start = .
 *(.fixed_vectors*)
 .fixed_vectors
                0x0000000000000000       0x40 ./ra/fsp/src/bsp/cmsis/Device/RENESAS/Source/startup.o
                0x0000000000000000                __Vectors
 *(.application_vectors*)
 .application_vectors
                0x0000000000000040      0x180 ./ra_gen/vector_data.o
                0x0000000000000040                g_vector_table
                0x00000000000001c0                __Vectors_End = .
                0x00000000000001c0                . = (OPTION_SETTING_LENGTH > 0x0)?.:(__ROM_Start + 0x400)
 *(.rom_registers*)
                0x00000000000001c0                . = (OPTION_SETTING_LENGTH > 0x0)?.:(__ROM_Start + 0x500)
                0x0000000000000200                . = ALIGN (0x80)
 *fill*         0x00000000000001c0       0x40 ff
 *(.mcuboot_sce9_key*)
 *(.text*)
 .text          0x0000000000000200       0x40 /home/cdr/.local/share/renesas/e2_studio/toolchains/gcc_arm/10_3_2021_10/gcc-arm-none-eabi-10.3-2021.10/bin/../lib/gcc/arm-none-eabi/10.3.1/thumb/v8-m.main+fp/hard/crtbegin.o
 .text.R_BSP_WarmStart
                0x0000000000000240       0x18 ./src/hal_entry.o
                0x0000000000000240                R_BSP_WarmStart
 .text.main_thread_entry
                0x0000000000000258       0x74 ./src/main_thread_entry.o
                0x0000000000000258                main_thread_entry
 .text.g_common_init
                0x00000000000002cc        0x4 ./ra_gen/common_data.o
                0x00000000000002cc                g_common_init
 .text.g_hal_init
                0x00000000000002d0        0x4 ./ra_gen/hal_data.o
                0x00000000000002d0                g_hal_init
 .text.rtos_startup_err_callback_internal
                0x00000000000002d4        0x4 ./ra_gen/main.o
                0x00000000000002d4                rtos_startup_err_callback_internal
                0x00000000000002d4                rtos_startup_err_callback
 .text.rtos_startup_common_init
                0x00000000000002d8       0x68 ./ra_gen/main.o
                0x00000000000002d8                rtos_startup_common_init
 .text.startup.main
                0x0000000000000340       0x44 ./ra_gen/main.o
                0x0000000000000340                main
 .text.vApplicationGetIdleTaskMemory
                0x0000000000000384       0x1c ./ra_gen/main.o
                0x0000000000000384                vApplicationGetIdleTaskMemory
 .text.vApplicationGetTimerTaskMemory
                0x00000000000003a0       0x1c ./ra_gen/main.o
                0x00000000000003a0                vApplicationGetTimerTaskMemory
 .text.main_thread_func
                0x00000000000003bc       0x18 ./ra_gen/main_thread.o
 .text.main_thread_create
                0x00000000000003d4       0x4c ./ra_gen/main_thread.o
                0x00000000000003d4                main_thread_create
 .text.prvTaskExitError
                0x0000000000000420        0x4 ./ra/fsp/src/rm_freertos_port/port.o
 .text.SVC_Handler
                0x0000000000000424       0x18 ./ra/fsp/src/rm_freertos_port/port.o
                0x0000000000000424                SVC_Handler
 .text.PendSV_Handler
                0x000000000000043c       0x44 ./ra/fsp/src/rm_freertos_port/port.o
                0x000000000000043c                PendSV_Handler
 .text.rm_freertos_port_restore_task_stackless
                0x0000000000000480       0x24 ./ra/fsp/src/rm_freertos_port/port.o
                0x0000000000000480                rm_freertos_port_restore_task_stackless
 .text.SysTick_Handler
                0x00000000000004a4       0x24 ./ra/fsp/src/rm_freertos_port/port.o
                0x00000000000004a4                SysTick_Handler
 .text.vPortSVCHandler_C
                0x00000000000004c8       0x34 ./ra/fsp/src/rm_freertos_port/port.o
                0x00000000000004c8                vPortSVCHandler_C
 .text.pxPortInitialiseStack
                0x00000000000004fc       0x38 ./ra/fsp/src/rm_freertos_port/port.o
                0x00000000000004fc                pxPortInitialiseStack
 .text.vPortEnterCritical
                0x0000000000000534       0x50 ./ra/fsp/src/rm_freertos_port/port.o
                0x0000000000000534                vPortEnterCritical
 .text.vPortExitCritical
                0x0000000000000584       0x3c ./ra/fsp/src/rm_freertos_port/port.o
                0x0000000000000584                vPortExitCritical
 .text.rm_freertos_port_sleep_preserving_lpm
                0x00000000000005c0       0x6c ./ra/fsp/src/rm_freertos_port/port.o
                0x00000000000005c0                rm_freertos_port_sleep_preserving_lpm
 .text.vApplicationIdleHook
                0x000000000000062c       0x18 ./ra/fsp/src/rm_freertos_port/port.o
                0x000000000000062c                vApplicationIdleHook
 .text.vPortSetupTimerInterrupt
                0x0000000000000644       0x44 ./ra/fsp/src/rm_freertos_port/port.o
                0x0000000000000644                vPortSetupTimerInterrupt
 .text.xPortStartScheduler
                0x0000000000000688       0x3c ./ra/fsp/src/rm_freertos_port/port.o
                0x0000000000000688                xPortStartScheduler
 .text.vPortValidateInterruptPriority
                0x00000000000006c4       0x1c ./ra/fsp/src/rm_freertos_port/port.o
                0x00000000000006c4                vPortValidateInterruptPriority
 .text.hw_usb_read_intsts
                0x00000000000006e0       0x20 ./ra/fsp/src/r_usb_basic/src/hw/r_usb_creg_access.o
                0x00000000000006e0                hw_usb_read_intsts
 .text.hw_usb_set_suspendm
                0x0000000000000700       0x1c ./ra/fsp/src/r_usb_basic/src/hw/r_usb_creg_access.o
                0x0000000000000700                hw_usb_set_suspendm
 .text.usb_cpu_delay_1us
                0x000000000000071c        0x8 ./ra/fsp/src/r_usb_basic/src/hw/r_usb_mcu.o
                0x000000000000071c                usb_cpu_delay_1us
 .text.usbfs_interrupt_handler
                0x0000000000000724       0x30 ./ra/fsp/src/r_usb_basic/src/hw/r_usb_mcu.o
                0x0000000000000724                usbfs_interrupt_handler
 .text.usbfs_resume_handler
                0x0000000000000754       0x34 ./ra/fsp/src/r_usb_basic/src/hw/r_usb_mcu.o
                0x0000000000000754                usbfs_resume_handler
 .text.usbfs_d0fifo_handler
                0x0000000000000788       0x20 ./ra/fsp/src/r_usb_basic/src/hw/r_usb_mcu.o
                0x0000000000000788                usbfs_d0fifo_handler
 .text.usbfs_d1fifo_handler
                0x00000000000007a8       0x20 ./ra/fsp/src/r_usb_basic/src/hw/r_usb_mcu.o
                0x00000000000007a8                usbfs_d1fifo_handler
 .text.usbhs_interrupt_handler
                0x00000000000007c8       0x30 ./ra/fsp/src/r_usb_basic/src/hw/r_usb_mcu.o
                0x00000000000007c8                usbhs_interrupt_handler
 .text.usbhs_d0fifo_handler
                0x00000000000007f8       0x20 ./ra/fsp/src/r_usb_basic/src/hw/r_usb_mcu.o
                0x00000000000007f8                usbhs_d0fifo_handler
 .text.usbhs_d1fifo_handler
                0x0000000000000818       0x20 ./ra/fsp/src/r_usb_basic/src/hw/r_usb_mcu.o
                0x0000000000000818                usbhs_d1fifo_handler
 .text.usb_pstd_interrupt_handler
                0x0000000000000838      0x1f4 ./ra/fsp/src/r_usb_basic/src/hw/r_usb_preg_abs.o
                0x0000000000000838                usb_pstd_interrupt_handler
 .text.usb_pstd_interrupt_clock
                0x0000000000000a2c       0x20 ./ra/fsp/src/r_usb_basic/src/hw/r_usb_preg_abs.o
                0x0000000000000a2c                usb_pstd_interrupt_clock
 .text.hw_usb_pclear_sts_resm
                0x0000000000000a4c       0x20 ./ra/fsp/src/r_usb_basic/src/hw/r_usb_preg_access.o
                0x0000000000000a4c                hw_usb_pclear_sts_resm
 .text.hw_usb_pclear_sts_valid
                0x0000000000000a6c       0x20 ./ra/fsp/src/r_usb_basic/src/hw/r_usb_preg_access.o
                0x0000000000000a6c                hw_usb_pclear_sts_valid
 .text.usb_cstd_isnd_msg
                0x0000000000000a8c       0x4c ./ra/fsp/src/r_usb_basic/src/driver/r_usb_cstd_rtos.o
                0x0000000000000a8c                usb_cstd_isnd_msg
 .text.usb_pstd_usb_handler
                0x0000000000000ad8       0x68 ./ra/fsp/src/r_usb_basic/src/driver/r_usb_pinthandler_usbip0.o
                0x0000000000000ad8                usb_pstd_usb_handler
 .text.R_IOPORT_Close
                0x0000000000000b40        0xc ./ra/fsp/src/r_ioport/r_ioport.o
                0x0000000000000b40                R_IOPORT_Close
 .text.R_IOPORT_PinRead
                0x0000000000000b4c       0x24 ./ra/fsp/src/r_ioport/r_ioport.o
                0x0000000000000b4c                R_IOPORT_PinRead
 .text.R_IOPORT_PortRead
                0x0000000000000b70       0x14 ./ra/fsp/src/r_ioport/r_ioport.o
                0x0000000000000b70                R_IOPORT_PortRead
 .text.R_IOPORT_PortWrite
                0x0000000000000b84       0x1c ./ra/fsp/src/r_ioport/r_ioport.o
                0x0000000000000b84                R_IOPORT_PortWrite
 .text.R_IOPORT_PinWrite
                0x0000000000000ba0       0x20 ./ra/fsp/src/r_ioport/r_ioport.o
                0x0000000000000ba0                R_IOPORT_PinWrite
 .text.R_IOPORT_PortDirectionSet
                0x0000000000000bc0       0x2c ./ra/fsp/src/r_ioport/r_ioport.o
                0x0000000000000bc0                R_IOPORT_PortDirectionSet
 .text.R_IOPORT_PortEventInputRead
                0x0000000000000bec       0x18 ./ra/fsp/src/r_ioport/r_ioport.o
                0x0000000000000bec                R_IOPORT_PortEventInputRead
 .text.R_IOPORT_PinEventInputRead
                0x0000000000000c04       0x38 ./ra/fsp/src/r_ioport/r_ioport.o
                0x0000000000000c04                R_IOPORT_PinEventInputRead
 .text.R_IOPORT_PortEventOutputWrite
                0x0000000000000c3c       0x1c ./ra/fsp/src/r_ioport/r_ioport.o
                0x0000000000000c3c                R_IOPORT_PortEventOutputWrite
 .text.R_IOPORT_PinEventOutputWrite
                0x0000000000000c58       0x4c ./ra/fsp/src/r_ioport/r_ioport.o
                0x0000000000000c58                R_IOPORT_PinEventOutputWrite
 .text.bsp_vbatt_init
                0x0000000000000ca4       0xac ./ra/fsp/src/r_ioport/r_ioport.o
 .text.r_ioport_pins_config
                0x0000000000000d50       0xc0 ./ra/fsp/src/r_ioport/r_ioport.o
 .text.R_IOPORT_Open
                0x0000000000000e10       0x14 ./ra/fsp/src/r_ioport/r_ioport.o
                0x0000000000000e10                R_IOPORT_Open
 .text.R_IOPORT_PinsCfg
                0x0000000000000e24        0xc ./ra/fsp/src/r_ioport/r_ioport.o
                0x0000000000000e24                R_IOPORT_PinsCfg
 .text.R_IOPORT_PinCfg
                0x0000000000000e30       0xa8 ./ra/fsp/src/r_ioport/r_ioport.o
                0x0000000000000e30                R_IOPORT_PinCfg
 .text.SystemCoreClockUpdate
                0x0000000000000ed8       0x28 ./ra/fsp/src/bsp/mcu/all/bsp_clocks.o
                0x0000000000000ed8                SystemCoreClockUpdate
 .text.bsp_clock_init
                0x0000000000000f00      0x168 ./ra/fsp/src/bsp/mcu/all/bsp_clocks.o
                0x0000000000000f00                bsp_clock_init
 .text.bsp_init_internal
                0x0000000000001068        0x4 ./ra/fsp/src/bsp/mcu/all/bsp_common.o
                0x0000000000001068                bsp_init
                0x0000000000001068                bsp_init_internal
 .text.__assert_func
                0x000000000000106c        0x4 ./ra/fsp/src/bsp/mcu/all/bsp_common.o
                0x000000000000106c                __assert_func
 .text.bsp_prv_software_delay_loop
                0x0000000000001070        0xc ./ra/fsp/src/bsp/mcu/all/bsp_delay.o
                0x0000000000001070                bsp_prv_software_delay_loop
 .text.R_BSP_SoftwareDelay
                0x000000000000107c       0x68 ./ra/fsp/src/bsp/mcu/all/bsp_delay.o
                0x000000000000107c                R_BSP_SoftwareDelay
 .text.NMI_Handler
                0x00000000000010e4       0x38 ./ra/fsp/src/bsp/mcu/all/bsp_group_irq.o
                0x00000000000010e4                NMI_Handler
 .text.bsp_irq_cfg
                0x000000000000111c       0xa0 ./ra/fsp/src/bsp/mcu/all/bsp_irq.o
                0x000000000000111c                bsp_irq_cfg
 .text.R_BSP_RegisterProtectEnable
                0x00000000000011bc       0x60 ./ra/fsp/src/bsp/mcu/all/bsp_register_protection.o
                0x00000000000011bc                R_BSP_RegisterProtectEnable
 .text.R_BSP_RegisterProtectDisable
                0x000000000000121c       0x54 ./ra/fsp/src/bsp/mcu/all/bsp_register_protection.o
                0x000000000000121c                R_BSP_RegisterProtectDisable
 .text._sbrk    0x0000000000001270       0x44 ./ra/fsp/src/bsp/mcu/all/bsp_sbrk.o
                0x0000000000001270                _sbrk
 .text.Default_Handler
                0x00000000000012b4        0x4 ./ra/fsp/src/bsp/cmsis/Device/RENESAS/Source/startup.o
                0x00000000000012b4                DebugMon_Handler
                0x00000000000012b4                HardFault_Handler
                0x00000000000012b4                UsageFault_Handler
                0x00000000000012b4                SecureFault_Handler
                0x00000000000012b4                Default_Handler
                0x00000000000012b4                MemManage_Handler
                0x00000000000012b4                BusFault_Handler
 .text.Reset_Handler
                0x00000000000012b8        0xc ./ra/fsp/src/bsp/cmsis/Device/RENESAS/Source/startup.o
                0x00000000000012b8                Reset_Handler
 .text.SystemInit
                0x00000000000012c4       0xc0 ./ra/fsp/src/bsp/cmsis/Device/RENESAS/Source/system.o
                0x00000000000012c4                SystemInit
 .text.prvInsertBlockIntoFreeList
                0x0000000000001384       0x64 ./ra/aws/FreeRTOS/FreeRTOS/Source/portable/MemMang/heap_4.o
 .text.pvPortMalloc
                0x00000000000013e8      0x140 ./ra/aws/FreeRTOS/FreeRTOS/Source/portable/MemMang/heap_4.o
                0x00000000000013e8                pvPortMalloc
 .text.vPortFree
                0x0000000000001528       0x84 ./ra/aws/FreeRTOS/FreeRTOS/Source/portable/MemMang/heap_4.o
                0x0000000000001528                vPortFree
 .text.vListInitialise
                0x00000000000015ac       0x18 ./ra/aws/FreeRTOS/FreeRTOS/Source/list.o
                0x00000000000015ac                vListInitialise
 .text.vListInitialiseItem
                0x00000000000015c4        0x8 ./ra/aws/FreeRTOS/FreeRTOS/Source/list.o
                0x00000000000015c4                vListInitialiseItem
 .text.vListInsert
                0x00000000000015cc       0x30 ./ra/aws/FreeRTOS/FreeRTOS/Source/list.o
                0x00000000000015cc                vListInsert
 .text.uxListRemove
                0x00000000000015fc       0x28 ./ra/aws/FreeRTOS/FreeRTOS/Source/list.o
                0x00000000000015fc                uxListRemove
 .text.prvCopyDataToQueue
                0x0000000000001624       0x60 ./ra/aws/FreeRTOS/FreeRTOS/Source/queue.o
 .text.prvUnlockQueue
                0x0000000000001684       0x8c ./ra/aws/FreeRTOS/FreeRTOS/Source/queue.o
 .text.xQueueGenericReset
                0x0000000000001710       0xbc ./ra/aws/FreeRTOS/FreeRTOS/Source/queue.o
                0x0000000000001710                xQueueGenericReset
 .text.xQueueGenericCreateStatic
                0x00000000000017cc       0x8c ./ra/aws/FreeRTOS/FreeRTOS/Source/queue.o
                0x00000000000017cc                xQueueGenericCreateStatic
 .text.xQueueCreateCountingSemaphoreStatic
                0x0000000000001858       0x7c ./ra/aws/FreeRTOS/FreeRTOS/Source/queue.o
                0x0000000000001858                xQueueCreateCountingSemaphoreStatic
 .text.xQueueGenericSend
                0x00000000000018d4      0x198 ./ra/aws/FreeRTOS/FreeRTOS/Source/queue.o
                0x00000000000018d4                xQueueGenericSend
 .text.xQueueGenericSendFromISR
                0x0000000000001a6c       0xe8 ./ra/aws/FreeRTOS/FreeRTOS/Source/queue.o
                0x0000000000001a6c                xQueueGenericSendFromISR
 .text.xQueueReceive
                0x0000000000001b54      0x184 ./ra/aws/FreeRTOS/FreeRTOS/Source/queue.o
                0x0000000000001b54                xQueueReceive
 .text.xQueueSemaphoreTake
                0x0000000000001cd8      0x16c ./ra/aws/FreeRTOS/FreeRTOS/Source/queue.o
                0x0000000000001cd8                xQueueSemaphoreTake
 .text.vQueueAddToRegistry
                0x0000000000001e44       0x70 ./ra/aws/FreeRTOS/FreeRTOS/Source/queue.o
                0x0000000000001e44                vQueueAddToRegistry
 .text.vQueueWaitForMessageRestricted
                0x0000000000001eb4       0x50 ./ra/aws/FreeRTOS/FreeRTOS/Source/queue.o
                0x0000000000001eb4                vQueueWaitForMessageRestricted
 .text.prvAddNewTaskToReadyList
                0x0000000000001f04      0x130 ./ra/aws/FreeRTOS/FreeRTOS/Source/tasks.o
 .text.prvAddCurrentTaskToDelayedList
                0x0000000000002034       0x8c ./ra/aws/FreeRTOS/FreeRTOS/Source/tasks.o
 .text.prvInitialiseNewTask.constprop.0
                0x00000000000020c0       0xac ./ra/aws/FreeRTOS/FreeRTOS/Source/tasks.o
 .text.prvIdleTask
                0x000000000000216c       0xa8 ./ra/aws/FreeRTOS/FreeRTOS/Source/tasks.o
 .text.xTaskIncrementTick.part.0
                0x0000000000002214      0x178 ./ra/aws/FreeRTOS/FreeRTOS/Source/tasks.o
 .text.xTaskCreateStatic
                0x000000000000238c       0x78 ./ra/aws/FreeRTOS/FreeRTOS/Source/tasks.o
                0x000000000000238c                xTaskCreateStatic
 .text.xTaskCreate
                0x0000000000002404       0x64 ./ra/aws/FreeRTOS/FreeRTOS/Source/tasks.o
                0x0000000000002404                xTaskCreate
 .text.vTaskStartScheduler
                0x0000000000002468       0x8c ./ra/aws/FreeRTOS/FreeRTOS/Source/tasks.o
                0x0000000000002468                vTaskStartScheduler
 .text.vTaskSuspendAll
                0x00000000000024f4       0x10 ./ra/aws/FreeRTOS/FreeRTOS/Source/tasks.o
                0x00000000000024f4                vTaskSuspendAll
 .text.xTaskResumeAll
                0x0000000000002504      0x1a8 ./ra/aws/FreeRTOS/FreeRTOS/Source/tasks.o
                0x0000000000002504                xTaskResumeAll
 .text.vTaskDelay
                0x00000000000026ac       0x50 ./ra/aws/FreeRTOS/FreeRTOS/Source/tasks.o
                0x00000000000026ac                vTaskDelay
 .text.xTaskGetTickCount
                0x00000000000026fc        0xc ./ra/aws/FreeRTOS/FreeRTOS/Source/tasks.o
                0x00000000000026fc                xTaskGetTickCount
 .text.xTaskIncrementTick
                0x0000000000002708       0x20 ./ra/aws/FreeRTOS/FreeRTOS/Source/tasks.o
                0x0000000000002708                xTaskIncrementTick
 .text.vTaskSwitchContext
                0x0000000000002728       0x90 ./ra/aws/FreeRTOS/FreeRTOS/Source/tasks.o
                0x0000000000002728                vTaskSwitchContext
 .text.vTaskPlaceOnEventList
                0x00000000000027b8       0x3c ./ra/aws/FreeRTOS/FreeRTOS/Source/tasks.o
                0x00000000000027b8                vTaskPlaceOnEventList
 .text.vTaskPlaceOnEventListRestricted
                0x00000000000027f4       0x64 ./ra/aws/FreeRTOS/FreeRTOS/Source/tasks.o
                0x00000000000027f4                vTaskPlaceOnEventListRestricted
 .text.xTaskRemoveFromEventList
                0x0000000000002858       0xec ./ra/aws/FreeRTOS/FreeRTOS/Source/tasks.o
                0x0000000000002858                xTaskRemoveFromEventList
 .text.vTaskInternalSetTimeOutState
                0x0000000000002944       0x18 ./ra/aws/FreeRTOS/FreeRTOS/Source/tasks.o
                0x0000000000002944                vTaskInternalSetTimeOutState
 .text.xTaskCheckForTimeOut
                0x000000000000295c       0x94 ./ra/aws/FreeRTOS/FreeRTOS/Source/tasks.o
                0x000000000000295c                xTaskCheckForTimeOut
 .text.vTaskMissedYield
                0x00000000000029f0        0xc ./ra/aws/FreeRTOS/FreeRTOS/Source/tasks.o
                0x00000000000029f0                vTaskMissedYield
 .text.xTaskGetSchedulerState
                0x00000000000029fc       0x20 ./ra/aws/FreeRTOS/FreeRTOS/Source/tasks.o
                0x00000000000029fc                xTaskGetSchedulerState
 .text.prvCheckForValidListAndQueue
                0x0000000000002a1c       0x6c ./ra/aws/FreeRTOS/FreeRTOS/Source/timers.o
 .text.prvReloadTimer
                0x0000000000002a88       0x54 ./ra/aws/FreeRTOS/FreeRTOS/Source/timers.o
 .text.prvProcessExpiredTimer
                0x0000000000002adc       0x48 ./ra/aws/FreeRTOS/FreeRTOS/Source/timers.o
 .text.prvTimerTask
                0x0000000000002b24      0x208 ./ra/aws/FreeRTOS/FreeRTOS/Source/timers.o
 .text.xTimerCreateTimerTask
                0x0000000000002d2c       0x6c ./ra/aws/FreeRTOS/FreeRTOS/Source/timers.o
                0x0000000000002d2c                xTimerCreateTimerTask
 .text          0x0000000000002d98      0xa44 /home/cdr/.local/share/renesas/e2_studio/toolchains/gcc_arm/10_3_2021_10/gcc-arm-none-eabi-10.3-2021.10/bin/../lib/gcc/arm-none-eabi/10.3.1/thumb/v8-m.main+fp/hard/libgcc.a(unwind-arm.o)
                0x0000000000003058                _Unwind_GetCFA
                0x000000000000305c                __gnu_Unwind_RaiseException
                0x00000000000030c4                __gnu_Unwind_ForcedUnwind
                0x00000000000030d8                __gnu_Unwind_Resume
                0x000000000000311c                __gnu_Unwind_Resume_or_Rethrow
                0x0000000000003130                _Unwind_Complete
                0x0000000000003134                _Unwind_DeleteException
                0x0000000000003140                _Unwind_VRS_Get
                0x000000000000318c                _Unwind_VRS_Set
                0x00000000000031d8                __gnu_Unwind_Backtrace
                0x000000000000351c                __aeabi_unwind_cpp_pr0
                0x0000000000003520                __aeabi_unwind_cpp_pr1
                0x0000000000003524                __aeabi_unwind_cpp_pr2
                0x0000000000003528                _Unwind_VRS_Pop
 .text          0x00000000000037dc      0x1ac /home/cdr/.local/share/renesas/e2_studio/toolchains/gcc_arm/10_3_2021_10/gcc-arm-none-eabi-10.3-2021.10/bin/../lib/gcc/arm-none-eabi/10.3.1/thumb/v8-m.main+fp/hard/libgcc.a(libunwind.o)
                0x00000000000037dc                __restore_core_regs
                0x00000000000037dc                restore_core_regs
                0x00000000000037f4                __gnu_Unwind_Restore_VFP
                0x00000000000037fc                __gnu_Unwind_Save_VFP
                0x0000000000003804                __gnu_Unwind_Restore_VFP_D
                0x000000000000380c                __gnu_Unwind_Save_VFP_D
                0x0000000000003814                __gnu_Unwind_Restore_VFP_D_16_to_31
                0x000000000000381c                __gnu_Unwind_Save_VFP_D_16_to_31
                0x0000000000003824                __gnu_Unwind_Restore_WMMXD
                0x0000000000003868                __gnu_Unwind_Save_WMMXD
                0x00000000000038ac                __gnu_Unwind_Restore_WMMXC
                0x00000000000038c0                __gnu_Unwind_Save_WMMXC
                0x00000000000038d4                ___Unwind_RaiseException
                0x00000000000038d4                _Unwind_RaiseException
                0x00000000000038f8                ___Unwind_Resume
                0x00000000000038f8                _Unwind_Resume
                0x000000000000391c                _Unwind_Resume_or_Rethrow
                0x000000000000391c                ___Unwind_Resume_or_Rethrow
                0x0000000000003940                ___Unwind_ForcedUnwind
                0x0000000000003940                _Unwind_ForcedUnwind
                0x0000000000003964                _Unwind_Backtrace
                0x0000000000003964                ___Unwind_Backtrace
 .text          0x0000000000003988      0x374 /home/cdr/.local/share/renesas/e2_studio/toolchains/gcc_arm/10_3_2021_10/gcc-arm-none-eabi-10.3-2021.10/bin/../lib/gcc/arm-none-eabi/10.3.1/thumb/v8-m.main+fp/hard/libgcc.a(pr-support.o)
                0x00000000000039e0                __gnu_unwind_execute
                0x0000000000003cac                __gnu_unwind_frame
                0x0000000000003cdc                _Unwind_GetRegionStart
                0x0000000000003ce8                _Unwind_GetLanguageSpecificData
 .text.abort    0x0000000000003cfc        0xe /home/cdr/.local/share/renesas/e2_studio/toolchains/gcc_arm/10_3_2021_10/gcc-arm-none-eabi-10.3-2021.10/bin/../lib/gcc/arm-none-eabi/10.3.1/../../../../arm-none-eabi/lib/thumb/v8-m.main+fp/hard/libg_nano.a(lib_a-abort.o)
                0x0000000000003cfc                abort
 *fill*         0x0000000000003d0a        0x2 ff
 .text.__errno  0x0000000000003d0c        0xc /home/cdr/.local/share/renesas/e2_studio/toolchains/gcc_arm/10_3_2021_10/gcc-arm-none-eabi-10.3-2021.10/bin/../lib/gcc/arm-none-eabi/10.3.1/../../../../arm-none-eabi/lib/thumb/v8-m.main+fp/hard/libg_nano.a(lib_a-errno.o)
                0x0000000000003d0c                __errno
 .text.memcpy   0x0000000000003d18       0x1a /home/cdr/.local/share/renesas/e2_studio/toolchains/gcc_arm/10_3_2021_10/gcc-arm-none-eabi-10.3-2021.10/bin/../lib/gcc/arm-none-eabi/10.3.1/../../../../arm-none-eabi/lib/thumb/v8-m.main+fp/hard/libg_nano.a(lib_a-memcpy-stub.o)
                0x0000000000003d18                memcpy
 .text.memset   0x0000000000003d32       0x10 /home/cdr/.local/share/renesas/e2_studio/toolchains/gcc_arm/10_3_2021_10/gcc-arm-none-eabi-10.3-2021.10/bin/../lib/gcc/arm-none-eabi/10.3.1/../../../../arm-none-eabi/lib/thumb/v8-m.main+fp/hard/libg_nano.a(lib_a-memset.o)
                0x0000000000003d32                memset
 .text._raise_r
                0x0000000000003d42       0x50 /home/cdr/.local/share/renesas/e2_studio/toolchains/gcc_arm/10_3_2021_10/gcc-arm-none-eabi-10.3-2021.10/bin/../lib/gcc/arm-none-eabi/10.3.1/../../../../arm-none-eabi/lib/thumb/v8-m.main+fp/hard/libg_nano.a(lib_a-signal.o)
                0x0000000000003d42                _raise_r
 *fill*         0x0000000000003d92        0x2 ff
 .text.raise    0x0000000000003d94       0x10 /home/cdr/.local/share/renesas/e2_studio/toolchains/gcc_arm/10_3_2021_10/gcc-arm-none-eabi-10.3-2021.10/bin/../lib/gcc/arm-none-eabi/10.3.1/../../../../arm-none-eabi/lib/thumb/v8-m.main+fp/hard/libg_nano.a(lib_a-signal.o)
                0x0000000000003d94                raise
 .text._kill_r  0x0000000000003da4       0x24 /home/cdr/.local/share/renesas/e2_studio/toolchains/gcc_arm/10_3_2021_10/gcc-arm-none-eabi-10.3-2021.10/bin/../lib/gcc/arm-none-eabi/10.3.1/../../../../arm-none-eabi/lib/thumb/v8-m.main+fp/hard/libg_nano.a(lib_a-signalr.o)
                0x0000000000003da4                _kill_r
 .text._getpid_r
                0x0000000000003dc8        0x4 /home/cdr/.local/share/renesas/e2_studio/toolchains/gcc_arm/10_3_2021_10/gcc-arm-none-eabi-10.3-2021.10/bin/../lib/gcc/arm-none-eabi/10.3.1/../../../../arm-none-eabi/lib/thumb/v8-m.main+fp/hard/libg_nano.a(lib_a-signalr.o)
                0x0000000000003dc8                _getpid_r
 .text.sbrk_aligned
                0x0000000000003dcc       0x40 /home/cdr/.local/share/renesas/e2_studio/toolchains/gcc_arm/10_3_2021_10/gcc-arm-none-eabi-10.3-2021.10/bin/../lib/gcc/arm-none-eabi/10.3.1/../../../../arm-none-eabi/lib/thumb/v8-m.main+fp/hard/libg_nano.a(lib_a-nano-mallocr.o)
 .text._malloc_r
                0x0000000000003e0c       0xe8 /home/cdr/.local/share/renesas/e2_studio/toolchains/gcc_arm/10_3_2021_10/gcc-arm-none-eabi-10.3-2021.10/bin/../lib/gcc/arm-none-eabi/10.3.1/../../../../arm-none-eabi/lib/thumb/v8-m.main+fp/hard/libg_nano.a(lib_a-nano-mallocr.o)
                0x0000000000003e0c                _malloc_r
 .text._sbrk_r  0x0000000000003ef4       0x20 /home/cdr/.local/share/renesas/e2_studio/toolchains/gcc_arm/10_3_2021_10/gcc-arm-none-eabi-10.3-2021.10/bin/../lib/gcc/arm-none-eabi/10.3.1/../../../../arm-none-eabi/lib/thumb/v8-m.main+fp/hard/libg_nano.a(lib_a-sbrkr.o)
                0x0000000000003ef4                _sbrk_r
 .text.__malloc_lock
                0x0000000000003f14        0xc /home/cdr/.local/share/renesas/e2_studio/toolchains/gcc_arm/10_3_2021_10/gcc-arm-none-eabi-10.3-2021.10/bin/../lib/gcc/arm-none-eabi/10.3.1/../../../../arm-none-eabi/lib/thumb/v8-m.main+fp/hard/libg_nano.a(lib_a-mlock.o)
                0x0000000000003f14                __malloc_lock
 .text.__malloc_unlock
                0x0000000000003f20        0xc /home/cdr/.local/share/renesas/e2_studio/toolchains/gcc_arm/10_3_2021_10/gcc-arm-none-eabi-10.3-2021.10/bin/../lib/gcc/arm-none-eabi/10.3.1/../../../../arm-none-eabi/lib/thumb/v8-m.main+fp/hard/libg_nano.a(lib_a-mlock.o)
                0x0000000000003f20                __malloc_unlock
 .text._free_r  0x0000000000003f2c       0x98 /home/cdr/.local/share/renesas/e2_studio/toolchains/gcc_arm/10_3_2021_10/gcc-arm-none-eabi-10.3-2021.10/bin/../lib/gcc/arm-none-eabi/10.3.1/../../../../arm-none-eabi/lib/thumb/v8-m.main+fp/hard/libg_nano.a(lib_a-nano-freer.o)
                0x0000000000003f2c                _free_r
 .text.__retarget_lock_init_recursive
                0x0000000000003fc4        0x2 /home/cdr/.local/share/renesas/e2_studio/toolchains/gcc_arm/10_3_2021_10/gcc-arm-none-eabi-10.3-2021.10/bin/../lib/gcc/arm-none-eabi/10.3.1/../../../../arm-none-eabi/lib/thumb/v8-m.main+fp/hard/libg_nano.a(lib_a-lock.o)
                0x0000000000003fc4                __retarget_lock_init_recursive
 .text.__retarget_lock_acquire_recursive
                0x0000000000003fc6        0x2 /home/cdr/.local/share/renesas/e2_studio/toolchains/gcc_arm/10_3_2021_10/gcc-arm-none-eabi-10.3-2021.10/bin/../lib/gcc/arm-none-eabi/10.3.1/../../../../arm-none-eabi/lib/thumb/v8-m.main+fp/hard/libg_nano.a(lib_a-lock.o)
                0x0000000000003fc6                __retarget_lock_acquire_recursive
 .text.__retarget_lock_release_recursive
                0x0000000000003fc8        0x2 /home/cdr/.local/share/renesas/e2_studio/toolchains/gcc_arm/10_3_2021_10/gcc-arm-none-eabi-10.3-2021.10/bin/../lib/gcc/arm-none-eabi/10.3.1/../../../../arm-none-eabi/lib/thumb/v8-m.main+fp/hard/libg_nano.a(lib_a-lock.o)
                0x0000000000003fc8                __retarget_lock_release_recursive
 *fill*         0x0000000000003fca        0x2 ff
 .text.findslot
                0x0000000000003fcc       0x34 /home/cdr/.local/share/renesas/e2_studio/toolchains/gcc_arm/10_3_2021_10/gcc-arm-none-eabi-10.3-2021.10/bin/../lib/gcc/arm-none-eabi/10.3.1/../../../../arm-none-eabi/lib/thumb/v8-m.main+fp/hard/librdimon_nano.a(rdimon-syscalls.o)
 .text.error    0x0000000000004000       0x1c /home/cdr/.local/share/renesas/e2_studio/toolchains/gcc_arm/10_3_2021_10/gcc-arm-none-eabi-10.3-2021.10/bin/../lib/gcc/arm-none-eabi/10.3.1/../../../../arm-none-eabi/lib/thumb/v8-m.main+fp/hard/librdimon_nano.a(rdimon-syscalls.o)
 .text.checkerror
                0x000000000000401c        0xa /home/cdr/.local/share/renesas/e2_studio/toolchains/gcc_arm/10_3_2021_10/gcc-arm-none-eabi-10.3-2021.10/bin/../lib/gcc/arm-none-eabi/10.3.1/../../../../arm-none-eabi/lib/thumb/v8-m.main+fp/hard/librdimon_nano.a(rdimon-syscalls.o)
 .text._swiread
                0x0000000000004026       0x20 /home/cdr/.local/share/renesas/e2_studio/toolchains/gcc_arm/10_3_2021_10/gcc-arm-none-eabi-10.3-2021.10/bin/../lib/gcc/arm-none-eabi/10.3.1/../../../../arm-none-eabi/lib/thumb/v8-m.main+fp/hard/librdimon_nano.a(rdimon-syscalls.o)
                0x0000000000004026                _swiread
 .text._read    0x0000000000004046       0x38 /home/cdr/.local/share/renesas/e2_studio/toolchains/gcc_arm/10_3_2021_10/gcc-arm-none-eabi-10.3-2021.10/bin/../lib/gcc/arm-none-eabi/10.3.1/../../../../arm-none-eabi/lib/thumb/v8-m.main+fp/hard/librdimon_nano.a(rdimon-syscalls.o)
                0x0000000000004046                _read
 .text._swilseek
                0x000000000000407e       0x78 /home/cdr/.local/share/renesas/e2_studio/toolchains/gcc_arm/10_3_2021_10/gcc-arm-none-eabi-10.3-2021.10/bin/../lib/gcc/arm-none-eabi/10.3.1/../../../../arm-none-eabi/lib/thumb/v8-m.main+fp/hard/librdimon_nano.a(rdimon-syscalls.o)
                0x000000000000407e                _swilseek
 .text._lseek   0x00000000000040f6        0x4 /home/cdr/.local/share/renesas/e2_studio/toolchains/gcc_arm/10_3_2021_10/gcc-arm-none-eabi-10.3-2021.10/bin/../lib/gcc/arm-none-eabi/10.3.1/../../../../arm-none-eabi/lib/thumb/v8-m.main+fp/hard/librdimon_nano.a(rdimon-syscalls.o)
                0x00000000000040f6                _lseek
 .text._swiwrite
                0x00000000000040fa       0x20 /home/cdr/.local/share/renesas/e2_studio/toolchains/gcc_arm/10_3_2021_10/gcc-arm-none-eabi-10.3-2021.10/bin/../lib/gcc/arm-none-eabi/10.3.1/../../../../arm-none-eabi/lib/thumb/v8-m.main+fp/hard/librdimon_nano.a(rdimon-syscalls.o)
                0x00000000000040fa                _swiwrite
 .text._write   0x000000000000411a       0x48 /home/cdr/.local/share/renesas/e2_studio/toolchains/gcc_arm/10_3_2021_10/gcc-arm-none-eabi-10.3-2021.10/bin/../lib/gcc/arm-none-eabi/10.3.1/../../../../arm-none-eabi/lib/thumb/v8-m.main+fp/hard/librdimon_nano.a(rdimon-syscalls.o)
                0x000000000000411a                _write
 .text._swiclose
                0x0000000000004162       0x1a /home/cdr/.local/share/renesas/e2_studio/toolchains/gcc_arm/10_3_2021_10/gcc-arm-none-eabi-10.3-2021.10/bin/../lib/gcc/arm-none-eabi/10.3.1/../../../../arm-none-eabi/lib/thumb/v8-m.main+fp/hard/librdimon_nano.a(rdimon-syscalls.o)
                0x0000000000004162                _swiclose
 .text._close   0x000000000000417c       0x4c /home/cdr/.local/share/renesas/e2_studio/toolchains/gcc_arm/10_3_2021_10/gcc-arm-none-eabi-10.3-2021.10/bin/../lib/gcc/arm-none-eabi/10.3.1/../../../../arm-none-eabi/lib/thumb/v8-m.main+fp/hard/librdimon_nano.a(rdimon-syscalls.o)
                0x000000000000417c                _close
 .text._getpid  0x00000000000041c8        0x4 /home/cdr/.local/share/renesas/e2_studio/toolchains/gcc_arm/10_3_2021_10/gcc-arm-none-eabi-10.3-2021.10/bin/../lib/gcc/arm-none-eabi/10.3.1/../../../../arm-none-eabi/lib/thumb/v8-m.main+fp/hard/librdimon_nano.a(rdimon-syscalls.o)
                0x00000000000041c8                _getpid
 .text._swistat
                0x00000000000041cc       0x42 /home/cdr/.local/share/renesas/e2_studio/toolchains/gcc_arm/10_3_2021_10/gcc-arm-none-eabi-10.3-2021.10/bin/../lib/gcc/arm-none-eabi/10.3.1/../../../../arm-none-eabi/lib/thumb/v8-m.main+fp/hard/librdimon_nano.a(rdimon-syscalls.o)
                0x00000000000041cc                _swistat
 .text._stat    0x000000000000420e       0x3a /home/cdr/.local/share/renesas/e2_studio/toolchains/gcc_arm/10_3_2021_10/gcc-arm-none-eabi-10.3-2021.10/bin/../lib/gcc/arm-none-eabi/10.3.1/../../../../arm-none-eabi/lib/thumb/v8-m.main+fp/hard/librdimon_nano.a(rdimon-syscalls.o)
                0x000000000000420e                _stat
 .text._swiopen
                0x0000000000004248       0xb4 /home/cdr/.local/share/renesas/e2_studio/toolchains/gcc_arm/10_3_2021_10/gcc-arm-none-eabi-10.3-2021.10/bin/../lib/gcc/arm-none-eabi/10.3.1/../../../../arm-none-eabi/lib/thumb/v8-m.main+fp/hard/librdimon_nano.a(rdimon-syscalls.o)
                0x0000000000004248                _swiopen
 .text._get_semihosting_exts
                0x00000000000042fc       0xb8 /home/cdr/.local/share/renesas/e2_studio/toolchains/gcc_arm/10_3_2021_10/gcc-arm-none-eabi-10.3-2021.10/bin/../lib/gcc/arm-none-eabi/10.3.1/../../../../arm-none-eabi/lib/thumb/v8-m.main+fp/hard/librdimon_nano.a(rdimon-syscalls.o)
                0x00000000000042fc                _get_semihosting_exts
 .text.initialise_semihosting_exts
                0x00000000000043b4       0x34 /home/cdr/.local/share/renesas/e2_studio/toolchains/gcc_arm/10_3_2021_10/gcc-arm-none-eabi-10.3-2021.10/bin/../lib/gcc/arm-none-eabi/10.3.1/../../../../arm-none-eabi/lib/thumb/v8-m.main+fp/hard/librdimon_nano.a(rdimon-syscalls.o)
 .text._has_ext_exit_extended
                0x00000000000043e8       0x18 /home/cdr/.local/share/renesas/e2_studio/toolchains/gcc_arm/10_3_2021_10/gcc-arm-none-eabi-10.3-2021.10/bin/../lib/gcc/arm-none-eabi/10.3.1/../../../../arm-none-eabi/lib/thumb/v8-m.main+fp/hard/librdimon_nano.a(rdimon-syscalls.o)
                0x00000000000043e8                _has_ext_exit_extended
 .text._exit    0x0000000000004400       0x14 /home/cdr/.local/share/renesas/e2_studio/toolchains/gcc_arm/10_3_2021_10/gcc-arm-none-eabi-10.3-2021.10/bin/../lib/gcc/arm-none-eabi/10.3.1/../../../../arm-none-eabi/lib/thumb/v8-m.main+fp/hard/librdimon_nano.a(rdimon-_exit.o)
                0x0000000000004400                _exit
 .text._kill_shared
                0x0000000000004414       0x26 /home/cdr/.local/share/renesas/e2_studio/toolchains/gcc_arm/10_3_2021_10/gcc-arm-none-eabi-10.3-2021.10/bin/../lib/gcc/arm-none-eabi/10.3.1/../../../../arm-none-eabi/lib/thumb/v8-m.main+fp/hard/librdimon_nano.a(rdimon-_kill.o)
                0x0000000000004414                _kill_shared
 *fill*         0x000000000000443a        0x2 ff
 .text._kill    0x000000000000443c       0x18 /home/cdr/.local/share/renesas/e2_studio/toolchains/gcc_arm/10_3_2021_10/gcc-arm-none-eabi-10.3-2021.10/bin/../lib/gcc/arm-none-eabi/10.3.1/../../../../arm-none-eabi/lib/thumb/v8-m.main+fp/hard/librdimon_nano.a(rdimon-_kill.o)
                0x000000000000443c                _kill
 .text.std      0x0000000000004454       0x48 /home/cdr/.local/share/renesas/e2_studio/toolchains/gcc_arm/10_3_2021_10/gcc-arm-none-eabi-10.3-2021.10/bin/../lib/gcc/arm-none-eabi/10.3.1/../../../../arm-none-eabi/lib/thumb/v8-m.main+fp/hard/libc_nano.a(lib_a-findfp.o)
 .text._cleanup_r
                0x000000000000449c        0xc /home/cdr/.local/share/renesas/e2_studio/toolchains/gcc_arm/10_3_2021_10/gcc-arm-none-eabi-10.3-2021.10/bin/../lib/gcc/arm-none-eabi/10.3.1/../../../../arm-none-eabi/lib/thumb/v8-m.main+fp/hard/libc_nano.a(lib_a-findfp.o)
                0x000000000000449c                _cleanup_r
 .text.__sfmoreglue
                0x00000000000044a8       0x2c /home/cdr/.local/share/renesas/e2_studio/toolchains/gcc_arm/10_3_2021_10/gcc-arm-none-eabi-10.3-2021.10/bin/../lib/gcc/arm-none-eabi/10.3.1/../../../../arm-none-eabi/lib/thumb/v8-m.main+fp/hard/libc_nano.a(lib_a-findfp.o)
                0x00000000000044a8                __sfmoreglue
 .text.__sfp_lock_acquire
                0x00000000000044d4        0xc /home/cdr/.local/share/renesas/e2_studio/toolchains/gcc_arm/10_3_2021_10/gcc-arm-none-eabi-10.3-2021.10/bin/../lib/gcc/arm-none-eabi/10.3.1/../../../../arm-none-eabi/lib/thumb/v8-m.main+fp/hard/libc_nano.a(lib_a-findfp.o)
                0x00000000000044d4                __sfp_lock_acquire
 .text.__sfp_lock_release
                0x00000000000044e0        0xc /home/cdr/.local/share/renesas/e2_studio/toolchains/gcc_arm/10_3_2021_10/gcc-arm-none-eabi-10.3-2021.10/bin/../lib/gcc/arm-none-eabi/10.3.1/../../../../arm-none-eabi/lib/thumb/v8-m.main+fp/hard/libc_nano.a(lib_a-findfp.o)
                0x00000000000044e0                __sfp_lock_release
 .text.__sinit_lock_acquire
                0x00000000000044ec        0xc /home/cdr/.local/share/renesas/e2_studio/toolchains/gcc_arm/10_3_2021_10/gcc-arm-none-eabi-10.3-2021.10/bin/../lib/gcc/arm-none-eabi/10.3.1/../../../../arm-none-eabi/lib/thumb/v8-m.main+fp/hard/libc_nano.a(lib_a-findfp.o)
                0x00000000000044ec                __sinit_lock_acquire
 .text.__sinit_lock_release
                0x00000000000044f8        0xc /home/cdr/.local/share/renesas/e2_studio/toolchains/gcc_arm/10_3_2021_10/gcc-arm-none-eabi-10.3-2021.10/bin/../lib/gcc/arm-none-eabi/10.3.1/../../../../arm-none-eabi/lib/thumb/v8-m.main+fp/hard/libc_nano.a(lib_a-findfp.o)
                0x00000000000044f8                __sinit_lock_release
 .text.__sinit  0x0000000000004504       0x70 /home/cdr/.local/share/renesas/e2_studio/toolchains/gcc_arm/10_3_2021_10/gcc-arm-none-eabi-10.3-2021.10/bin/../lib/gcc/arm-none-eabi/10.3.1/../../../../arm-none-eabi/lib/thumb/v8-m.main+fp/hard/libc_nano.a(lib_a-findfp.o)
                0x0000000000004504                __sinit
 .text.__sfp    0x0000000000004574       0x8c /home/cdr/.local/share/renesas/e2_studio/toolchains/gcc_arm/10_3_2021_10/gcc-arm-none-eabi-10.3-2021.10/bin/../lib/gcc/arm-none-eabi/10.3.1/../../../../arm-none-eabi/lib/thumb/v8-m.main+fp/hard/libc_nano.a(lib_a-findfp.o)
                0x0000000000004574                __sfp
 .text._fwalk_reent
                0x0000000000004600       0x3e /home/cdr/.local/share/renesas/e2_studio/toolchains/gcc_arm/10_3_2021_10/gcc-arm-none-eabi-10.3-2021.10/bin/../lib/gcc/arm-none-eabi/10.3.1/../../../../arm-none-eabi/lib/thumb/v8-m.main+fp/hard/libc_nano.a(lib_a-fwalk.o)
                0x0000000000004600                _fwalk_reent
 .text.__sread  0x000000000000463e       0x22 /home/cdr/.local/share/renesas/e2_studio/toolchains/gcc_arm/10_3_2021_10/gcc-arm-none-eabi-10.3-2021.10/bin/../lib/gcc/arm-none-eabi/10.3.1/../../../../arm-none-eabi/lib/thumb/v8-m.main+fp/hard/libc_nano.a(lib_a-stdio.o)
                0x000000000000463e                __sread
 .text.__swrite
                0x0000000000004660       0x38 /home/cdr/.local/share/renesas/e2_studio/toolchains/gcc_arm/10_3_2021_10/gcc-arm-none-eabi-10.3-2021.10/bin/../lib/gcc/arm-none-eabi/10.3.1/../../../../arm-none-eabi/lib/thumb/v8-m.main+fp/hard/libc_nano.a(lib_a-stdio.o)
                0x0000000000004660                __swrite
 .text.__sseek  0x0000000000004698       0x24 /home/cdr/.local/share/renesas/e2_studio/toolchains/gcc_arm/10_3_2021_10/gcc-arm-none-eabi-10.3-2021.10/bin/../lib/gcc/arm-none-eabi/10.3.1/../../../../arm-none-eabi/lib/thumb/v8-m.main+fp/hard/libc_nano.a(lib_a-stdio.o)
                0x0000000000004698                __sseek
 .text.__sclose
                0x00000000000046bc        0x8 /home/cdr/.local/share/renesas/e2_studio/toolchains/gcc_arm/10_3_2021_10/gcc-arm-none-eabi-10.3-2021.10/bin/../lib/gcc/arm-none-eabi/10.3.1/../../../../arm-none-eabi/lib/thumb/v8-m.main+fp/hard/libc_nano.a(lib_a-stdio.o)
                0x00000000000046bc                __sclose
 .text          0x00000000000046c4       0x10 /home/cdr/.local/share/renesas/e2_studio/toolchains/gcc_arm/10_3_2021_10/gcc-arm-none-eabi-10.3-2021.10/bin/../lib/gcc/arm-none-eabi/10.3.1/../../../../arm-none-eabi/lib/thumb/v8-m.main+fp/hard/libc_nano.a(lib_a-strlen.o)
                0x00000000000046c4                strlen
 .text._write_r
                0x00000000000046d4       0x24 /home/cdr/.local/share/renesas/e2_studio/toolchains/gcc_arm/10_3_2021_10/gcc-arm-none-eabi-10.3-2021.10/bin/../lib/gcc/arm-none-eabi/10.3.1/../../../../arm-none-eabi/lib/thumb/v8-m.main+fp/hard/libc_nano.a(lib_a-writer.o)
                0x00000000000046d4                _write_r
 .text._close_r
                0x00000000000046f8       0x20 /home/cdr/.local/share/renesas/e2_studio/toolchains/gcc_arm/10_3_2021_10/gcc-arm-none-eabi-10.3-2021.10/bin/../lib/gcc/arm-none-eabi/10.3.1/../../../../arm-none-eabi/lib/thumb/v8-m.main+fp/hard/libc_nano.a(lib_a-closer.o)
                0x00000000000046f8                _close_r
 .text.__sflush_r
                0x0000000000004718      0x108 /home/cdr/.local/share/renesas/e2_studio/toolchains/gcc_arm/10_3_2021_10/gcc-arm-none-eabi-10.3-2021.10/bin/../lib/gcc/arm-none-eabi/10.3.1/../../../../arm-none-eabi/lib/thumb/v8-m.main+fp/hard/libc_nano.a(lib_a-fflush.o)
                0x0000000000004718                __sflush_r
 .text._fflush_r
                0x0000000000004820       0x78 /home/cdr/.local/share/renesas/e2_studio/toolchains/gcc_arm/10_3_2021_10/gcc-arm-none-eabi-10.3-2021.10/bin/../lib/gcc/arm-none-eabi/10.3.1/../../../../arm-none-eabi/lib/thumb/v8-m.main+fp/hard/libc_nano.a(lib_a-fflush.o)
                0x0000000000004820                _fflush_r
 .text._lseek_r
                0x0000000000004898       0x24 /home/cdr/.local/share/renesas/e2_studio/toolchains/gcc_arm/10_3_2021_10/gcc-arm-none-eabi-10.3-2021.10/bin/../lib/gcc/arm-none-eabi/10.3.1/../../../../arm-none-eabi/lib/thumb/v8-m.main+fp/hard/libc_nano.a(lib_a-lseekr.o)
                0x0000000000004898                _lseek_r
 .text._read_r  0x00000000000048bc       0x24 /home/cdr/.local/share/renesas/e2_studio/toolchains/gcc_arm/10_3_2021_10/gcc-arm-none-eabi-10.3-2021.10/bin/../lib/gcc/arm-none-eabi/10.3.1/../../../../arm-none-eabi/lib/thumb/v8-m.main+fp/hard/libc_nano.a(lib_a-readr.o)
                0x00000000000048bc                _read_r
 *(.version)
 .version       0x00000000000048e0       0x50 ./ra/fsp/src/bsp/mcu/all/bsp_common.o
 *(.init)
 .init          0x0000000000004930        0x4 /home/cdr/.local/share/renesas/e2_studio/toolchains/gcc_arm/10_3_2021_10/gcc-arm-none-eabi-10.3-2021.10/bin/../lib/gcc/arm-none-eabi/10.3.1/thumb/v8-m.main+fp/hard/crti.o
                0x0000000000004930                _init
 .init          0x0000000000004934        0x8 /home/cdr/.local/share/renesas/e2_studio/toolchains/gcc_arm/10_3_2021_10/gcc-arm-none-eabi-10.3-2021.10/bin/../lib/gcc/arm-none-eabi/10.3.1/thumb/v8-m.main+fp/hard/crtn.o
 *(.fini)
 .fini          0x000000000000493c        0x4 /home/cdr/.local/share/renesas/e2_studio/toolchains/gcc_arm/10_3_2021_10/gcc-arm-none-eabi-10.3-2021.10/bin/../lib/gcc/arm-none-eabi/10.3.1/thumb/v8-m.main+fp/hard/crti.o
                0x000000000000493c                _fini
 .fini          0x0000000000004940        0x8 /home/cdr/.local/share/renesas/e2_studio/toolchains/gcc_arm/10_3_2021_10/gcc-arm-none-eabi-10.3-2021.10/bin/../lib/gcc/arm-none-eabi/10.3.1/thumb/v8-m.main+fp/hard/crtn.o
 *crtbegin.o(.ctors)
 *crtbegin?.o(.ctors)
 *(EXCLUDE_FILE(*crtend.o *crtend?.o) .ctors)
 *(SORT_BY_NAME(.ctors.*))
 *(.ctors)
 *crtbegin.o(.dtors)
 *crtbegin?.o(.dtors)
 *(EXCLUDE_FILE(*crtend.o *crtend?.o) .dtors)
 *(SORT_BY_NAME(.dtors.*))
 *(.dtors)
 *(.rodata*)
 .rodata.g_ioport
                0x0000000000004948        0xc ./ra_gen/common_data.o
                0x0000000000004948                g_ioport
 .rodata.main_thread_create.str1.4
                0x0000000000004954        0xc ./ra_gen/main_thread.o
 .rodata.main_thread_parameters
                0x0000000000004960        0x4 ./ra_gen/main_thread.o
                0x0000000000004960                main_thread_parameters
 .rodata.g_bsp_pin_cfg
                0x0000000000004964        0x8 ./ra_gen/pin_data.o
                0x0000000000004964                g_bsp_pin_cfg
 .rodata.g_bsp_pin_cfg_data
                0x000000000000496c       0x30 ./ra_gen/pin_data.o
                0x000000000000496c                g_bsp_pin_cfg_data
 .rodata.g_interrupt_event_link_select
                0x000000000000499c       0xc0 ./ra_gen/vector_data.o
                0x000000000000499c                g_interrupt_event_link_select
 .rodata.vPortSVCHandler_C.str1.4
                0x0000000000004a5c       0x3a ./ra/fsp/src/rm_freertos_port/port.o
 *fill*         0x0000000000004a96        0x2 ff
 .rodata.vPortEnterCritical.str1.4
                0x0000000000004a98       0x46 ./ra/fsp/src/rm_freertos_port/port.o
 *fill*         0x0000000000004ade        0x2 ff
 .rodata.vPortExitCritical.str1.4
                0x0000000000004ae0       0x12 ./ra/fsp/src/rm_freertos_port/port.o
 *fill*         0x0000000000004af2        0x2 ff
 .rodata.__func__.1
                0x0000000000004af4       0x12 ./ra/fsp/src/rm_freertos_port/port.o
 *fill*         0x0000000000004b06        0x2 ff
 .rodata.__func__.2
                0x0000000000004b08       0x13 ./ra/fsp/src/rm_freertos_port/port.o
 *fill*         0x0000000000004b1b        0x1 ff
 .rodata.__func__.3
                0x0000000000004b1c       0x12 ./ra/fsp/src/rm_freertos_port/port.o
 *fill*         0x0000000000004b2e        0x2 ff
 .rodata.g_ioport_on_ioport
                0x0000000000004b30       0x34 ./ra/fsp/src/r_ioport/r_ioport.o
                0x0000000000004b30                g_ioport_on_ioport
 .rodata.g_prcr_masks
                0x0000000000004b64        0x8 ./ra/fsp/src/bsp/mcu/all/bsp_register_protection.o
 .rodata.pvPortMalloc.str1.4
                0x0000000000004b6c       0xad ./ra/aws/FreeRTOS/FreeRTOS/Source/portable/MemMang/heap_4.o
 *fill*         0x0000000000004c19        0x3 ff
 .rodata.vPortFree.str1.4
                0x0000000000004c1c       0x5b ./ra/aws/FreeRTOS/FreeRTOS/Source/portable/MemMang/heap_4.o
 *fill*         0x0000000000004c77        0x1 ff
 .rodata.__func__.0
                0x0000000000004c78        0xa ./ra/aws/FreeRTOS/FreeRTOS/Source/portable/MemMang/heap_4.o
 *fill*         0x0000000000004c82        0x2 ff
 .rodata.__func__.1
                0x0000000000004c84        0xd ./ra/aws/FreeRTOS/FreeRTOS/Source/portable/MemMang/heap_4.o
 *fill*         0x0000000000004c91        0x3 ff
 .rodata.vQueueUnregisterQueue.part.0.str1.4
                0x0000000000004c94       0x33 ./ra/aws/FreeRTOS/FreeRTOS/Source/queue.o
 *fill*         0x0000000000004cc7        0x1 ff
 .rodata.xQueueGenericReset.str1.4
                0x0000000000004cc8       0x2c ./ra/aws/FreeRTOS/FreeRTOS/Source/queue.o
 .rodata.xQueueGenericCreateStatic.str1.4
                0x0000000000004cf4       0x37 ./ra/aws/FreeRTOS/FreeRTOS/Source/queue.o
 *fill*         0x0000000000004d2b        0x1 ff
 .rodata.xQueueCreateCountingSemaphoreStatic.str1.4
                0x0000000000004d2c        0x8 ./ra/aws/FreeRTOS/FreeRTOS/Source/queue.o
 .rodata.xQueueGenericSend.str1.4
                0x0000000000004d34       0xfb ./ra/aws/FreeRTOS/FreeRTOS/Source/queue.o
 *fill*         0x0000000000004e2f        0x1 ff
 .rodata.xQueueGenericSendFromISR.str1.4
                0x0000000000004e30       0x1e ./ra/aws/FreeRTOS/FreeRTOS/Source/queue.o
 *fill*         0x0000000000004e4e        0x2 ff
 .rodata.xQueueGiveFromISR.str1.4
                0x0000000000004e50       0x7d ./ra/aws/FreeRTOS/FreeRTOS/Source/queue.o
 *fill*         0x0000000000004ecd        0x3 ff
 .rodata.xQueueReceive.str1.4
                0x0000000000004ed0       0x66 ./ra/aws/FreeRTOS/FreeRTOS/Source/queue.o
 *fill*         0x0000000000004f36        0x2 ff
 .rodata.__func__.12
                0x0000000000004f38       0x14 ./ra/aws/FreeRTOS/FreeRTOS/Source/queue.o
 .rodata.__func__.13
                0x0000000000004f4c        0xe ./ra/aws/FreeRTOS/FreeRTOS/Source/queue.o
 *fill*         0x0000000000004f5a        0x2 ff
 .rodata.__func__.15
                0x0000000000004f5c       0x19 ./ra/aws/FreeRTOS/FreeRTOS/Source/queue.o
 *fill*         0x0000000000004f75        0x3 ff
 .rodata.__func__.16
                0x0000000000004f78       0x12 ./ra/aws/FreeRTOS/FreeRTOS/Source/queue.o
 *fill*         0x0000000000004f8a        0x2 ff
 .rodata.__func__.18
                0x0000000000004f8c       0x24 ./ra/aws/FreeRTOS/FreeRTOS/Source/queue.o
 .rodata.__func__.2
                0x0000000000004fb0       0x14 ./ra/aws/FreeRTOS/FreeRTOS/Source/queue.o
 .rodata.__func__.20
                0x0000000000004fc4       0x1a ./ra/aws/FreeRTOS/FreeRTOS/Source/queue.o
 *fill*         0x0000000000004fde        0x2 ff
 .rodata.__func__.21
                0x0000000000004fe0       0x13 ./ra/aws/FreeRTOS/FreeRTOS/Source/queue.o
 *fill*         0x0000000000004ff3        0x1 ff
 .rodata.prvTaskIsTaskSuspended.part.0.str1.4
                0x0000000000004ff4       0x33 ./ra/aws/FreeRTOS/FreeRTOS/Source/tasks.o
 *fill*         0x0000000000005027        0x1 ff
 .rodata.prvInitialiseNewTask.constprop.0.str1.4
                0x0000000000005028       0x11 ./ra/aws/FreeRTOS/FreeRTOS/Source/tasks.o
 *fill*         0x0000000000005039        0x3 ff
 .rodata.prvIdleTask.str1.4
                0x000000000000503c       0x32 ./ra/aws/FreeRTOS/FreeRTOS/Source/tasks.o
 *fill*         0x000000000000506e        0x2 ff
 .rodata.xTaskIncrementTick.part.0.str1.4
                0x0000000000005070       0x76 ./ra/aws/FreeRTOS/FreeRTOS/Source/tasks.o
 *fill*         0x00000000000050e6        0x2 ff
 .rodata.xTaskCreateStatic.str1.4
                0x00000000000050e8       0x55 ./ra/aws/FreeRTOS/FreeRTOS/Source/tasks.o
 *fill*         0x000000000000513d        0x3 ff
 .rodata.vTaskDelete.str1.4
                0x0000000000005140       0x1a ./ra/aws/FreeRTOS/FreeRTOS/Source/tasks.o
 *fill*         0x000000000000515a        0x2 ff
 .rodata.vTaskStartScheduler.str1.4
                0x000000000000515c       0x1a ./ra/aws/FreeRTOS/FreeRTOS/Source/tasks.o
 *fill*         0x0000000000005176        0x2 ff
 .rodata.xTaskResumeAll.str1.4
                0x0000000000005178       0x15 ./ra/aws/FreeRTOS/FreeRTOS/Source/tasks.o
 *fill*         0x000000000000518d        0x3 ff
 .rodata.vTaskSwitchContext.str1.4
                0x0000000000005190        0xe ./ra/aws/FreeRTOS/FreeRTOS/Source/tasks.o
 *fill*         0x000000000000519e        0x2 ff
 .rodata.vTaskPlaceOnEventList.str1.4
                0x00000000000051a0        0xc ./ra/aws/FreeRTOS/FreeRTOS/Source/tasks.o
 .rodata.xTaskRemoveFromEventList.str1.4
                0x00000000000051ac        0xf ./ra/aws/FreeRTOS/FreeRTOS/Source/tasks.o
 *fill*         0x00000000000051bb        0x1 ff
 .rodata.vTaskSetTimeOutState.str1.4
                0x00000000000051bc        0xa ./ra/aws/FreeRTOS/FreeRTOS/Source/tasks.o
 *fill*         0x00000000000051c6        0x2 ff
 .rodata.xTaskCheckForTimeOut.str1.4
                0x00000000000051c8        0xe ./ra/aws/FreeRTOS/FreeRTOS/Source/tasks.o
 *fill*         0x00000000000051d6        0x2 ff
 .rodata.__func__.10
                0x00000000000051d8       0x19 ./ra/aws/FreeRTOS/FreeRTOS/Source/tasks.o
 *fill*         0x00000000000051f1        0x3 ff
 .rodata.__func__.11
                0x00000000000051f4       0x20 ./ra/aws/FreeRTOS/FreeRTOS/Source/tasks.o
 .rodata.__func__.13
                0x0000000000005214       0x16 ./ra/aws/FreeRTOS/FreeRTOS/Source/tasks.o
 *fill*         0x000000000000522a        0x2 ff
 .rodata.__func__.14
                0x000000000000522c       0x13 ./ra/aws/FreeRTOS/FreeRTOS/Source/tasks.o
 *fill*         0x000000000000523f        0x1 ff
 .rodata.__func__.15
                0x0000000000005240       0x13 ./ra/aws/FreeRTOS/FreeRTOS/Source/tasks.o
 *fill*         0x0000000000005253        0x1 ff
 .rodata.__func__.18
                0x0000000000005254        0xf ./ra/aws/FreeRTOS/FreeRTOS/Source/tasks.o
 *fill*         0x0000000000005263        0x1 ff
 .rodata.__func__.19
                0x0000000000005264       0x14 ./ra/aws/FreeRTOS/FreeRTOS/Source/tasks.o
 .rodata.__func__.25
                0x0000000000005278        0xb ./ra/aws/FreeRTOS/FreeRTOS/Source/tasks.o
 *fill*         0x0000000000005283        0x1 ff
 .rodata.__func__.27
                0x0000000000005284        0xd ./ra/aws/FreeRTOS/FreeRTOS/Source/tasks.o
 *fill*         0x0000000000005291        0x3 ff
 .rodata.__func__.29
                0x0000000000005294       0x15 ./ra/aws/FreeRTOS/FreeRTOS/Source/tasks.o
 *fill*         0x00000000000052a9        0x3 ff
 .rodata.__func__.30
                0x00000000000052ac       0x12 ./ra/aws/FreeRTOS/FreeRTOS/Source/tasks.o
 *fill*         0x00000000000052be        0x2 ff
 .rodata.__func__.7
                0x00000000000052c0       0x15 ./ra/aws/FreeRTOS/FreeRTOS/Source/tasks.o
 *fill*         0x00000000000052d5        0x3 ff
 .rodata.prvCheckForValidListAndQueue.str1.4
                0x00000000000052d8        0x5 ./ra/aws/FreeRTOS/FreeRTOS/Source/timers.o
 *fill*         0x00000000000052dd        0x3 ff
 .rodata.prvInitialiseNewTimer.part.0.str1.4
                0x00000000000052e0       0x48 ./ra/aws/FreeRTOS/FreeRTOS/Source/timers.o
 .rodata.prvTimerTask.str1.4
                0x0000000000005328       0x25 ./ra/aws/FreeRTOS/FreeRTOS/Source/timers.o
 *fill*         0x000000000000534d        0x3 ff
 .rodata.xTimerCreateTimerTask.str1.4
                0x0000000000005350       0x10 ./ra/aws/FreeRTOS/FreeRTOS/Source/timers.o
 .rodata.__func__.14
                0x0000000000005360       0x1b ./ra/aws/FreeRTOS/FreeRTOS/Source/timers.o
 *fill*         0x000000000000537b        0x1 ff
 .rodata.__func__.16
                0x000000000000537c       0x16 ./ra/aws/FreeRTOS/FreeRTOS/Source/timers.o
 *fill*         0x0000000000005392        0x2 ff
 .rodata._global_impure_ptr
                0x0000000000005394        0x4 /home/cdr/.local/share/renesas/e2_studio/toolchains/gcc_arm/10_3_2021_10/gcc-arm-none-eabi-10.3-2021.10/bin/../lib/gcc/arm-none-eabi/10.3.1/../../../../arm-none-eabi/lib/thumb/v8-m.main+fp/hard/libg_nano.a(lib_a-impure.o)
                0x0000000000005394                _global_impure_ptr
 .rodata._get_semihosting_exts.str1.1
                0x0000000000005398       0x16 /home/cdr/.local/share/renesas/e2_studio/toolchains/gcc_arm/10_3_2021_10/gcc-arm-none-eabi-10.3-2021.10/bin/../lib/gcc/arm-none-eabi/10.3.1/../../../../arm-none-eabi/lib/thumb/v8-m.main+fp/hard/librdimon_nano.a(rdimon-syscalls.o)
 *fill*         0x00000000000053ae        0x2 ff
 .rodata.__sf_fake_stderr
                0x00000000000053b0       0x20 /home/cdr/.local/share/renesas/e2_studio/toolchains/gcc_arm/10_3_2021_10/gcc-arm-none-eabi-10.3-2021.10/bin/../lib/gcc/arm-none-eabi/10.3.1/../../../../arm-none-eabi/lib/thumb/v8-m.main+fp/hard/libc_nano.a(lib_a-findfp.o)
                0x00000000000053b0                __sf_fake_stderr
 .rodata.__sf_fake_stdin
                0x00000000000053d0       0x20 /home/cdr/.local/share/renesas/e2_studio/toolchains/gcc_arm/10_3_2021_10/gcc-arm-none-eabi-10.3-2021.10/bin/../lib/gcc/arm-none-eabi/10.3.1/../../../../arm-none-eabi/lib/thumb/v8-m.main+fp/hard/libc_nano.a(lib_a-findfp.o)
                0x00000000000053d0                __sf_fake_stdin
 .rodata.__sf_fake_stdout
                0x00000000000053f0       0x20 /home/cdr/.local/share/renesas/e2_studio/toolchains/gcc_arm/10_3_2021_10/gcc-arm-none-eabi-10.3-2021.10/bin/../lib/gcc/arm-none-eabi/10.3.1/../../../../arm-none-eabi/lib/thumb/v8-m.main+fp/hard/libc_nano.a(lib_a-findfp.o)
                0x00000000000053f0                __sf_fake_stdout
                0x0000000000005410                __usb_dev_descriptor_start_fs = .
 *(.usb_device_desc_fs*)
                0x0000000000005410                __usb_cfg_descriptor_start_fs = .
 *(.usb_config_desc_fs*)
                0x0000000000005410                __usb_interface_descriptor_start_fs = .
 *(.usb_interface_desc_fs*)
                0x0000000000005410                __usb_descriptor_end_fs = .
                0x0000000000005410                __usb_dev_descriptor_start_hs = .
 *(.usb_device_desc_hs*)
                0x0000000000005410                __usb_cfg_descriptor_start_hs = .
 *(.usb_config_desc_hs*)
                0x0000000000005410                __usb_interface_descriptor_start_hs = .
 *(.usb_interface_desc_hs*)
                0x0000000000005410                __usb_descriptor_end_hs = .
 *(.eh_frame*)
 .eh_frame      0x0000000000005410        0x0 /home/cdr/.local/share/renesas/e2_studio/toolchains/gcc_arm/10_3_2021_10/gcc-arm-none-eabi-10.3-2021.10/bin/../lib/gcc/arm-none-eabi/10.3.1/thumb/v8-m.main+fp/hard/crtbegin.o
 .eh_frame      0x0000000000005410        0x4 /home/cdr/.local/share/renesas/e2_studio/toolchains/gcc_arm/10_3_2021_10/gcc-arm-none-eabi-10.3-2021.10/bin/../lib/gcc/arm-none-eabi/10.3.1/thumb/v8-m.main+fp/hard/crtend.o
                0x0000000000005414                __ROM_End = .
                0x00000000000001c0                __Vectors_Size = (__Vectors_End - __Vectors)

.glue_7         0x0000000000005414        0x0
 .glue_7        0x0000000000005414        0x0 linker stubs

.glue_7t        0x0000000000005414        0x0
 .glue_7t       0x0000000000005414        0x0 linker stubs

.vfp11_veneer   0x0000000000005414        0x0
 .vfp11_veneer  0x0000000000005414        0x0 linker stubs

.v4_bx          0x0000000000005414        0x0
 .v4_bx         0x0000000000005414        0x0 linker stubs

.iplt           0x0000000000005414        0x0
 .iplt          0x0000000000005414        0x0 /home/cdr/.local/share/renesas/e2_studio/toolchains/gcc_arm/10_3_2021_10/gcc-arm-none-eabi-10.3-2021.10/bin/../lib/gcc/arm-none-eabi/10.3.1/thumb/v8-m.main+fp/hard/crtbegin.o

.ARM.extab      0x0000000000005414       0x18
 *(.ARM.extab* .gnu.linkonce.armextab.*)
 .ARM.extab     0x0000000000005414       0x18 /home/cdr/.local/share/renesas/e2_studio/toolchains/gcc_arm/10_3_2021_10/gcc-arm-none-eabi-10.3-2021.10/bin/../lib/gcc/arm-none-eabi/10.3.1/thumb/v8-m.main+fp/hard/libgcc.a(pr-support.o)
                0x000000000000542c                __exidx_start = .

.ARM.exidx      0x000000000000542c       0xc8
 *(.ARM.exidx* .gnu.linkonce.armexidx.*)
 .ARM.exidx.text.R_BSP_WarmStart
                0x000000000000542c        0x8 ./src/hal_entry.o
 .ARM.exidx.text.main_thread_entry
                0x0000000000005434       0x10 ./src/main_thread_entry.o
                                          0x8 (size before relaxing)
 .ARM.exidx     0x0000000000005444       0x78 /home/cdr/.local/share/renesas/e2_studio/toolchains/gcc_arm/10_3_2021_10/gcc-arm-none-eabi-10.3-2021.10/bin/../lib/gcc/arm-none-eabi/10.3.1/thumb/v8-m.main+fp/hard/libgcc.a(unwind-arm.o)
                                         0xd8 (size before relaxing)
 .ARM.exidx     0x00000000000054bc       0x38 /home/cdr/.local/share/renesas/e2_studio/toolchains/gcc_arm/10_3_2021_10/gcc-arm-none-eabi-10.3-2021.10/bin/../lib/gcc/arm-none-eabi/10.3.1/thumb/v8-m.main+fp/hard/libgcc.a(pr-support.o)
                0x00000000000054f4                __exidx_end = .
                0x00000000000054f4                __etext = .
                0x0000000020000000                __tz_RAM_S = ORIGIN (RAM)

.fsp_dtc_vector_table
                0x0000000020000000        0x0
                0x0000000020000000                . = ORIGIN (RAM)
 *(.fsp_dtc_vector_table)

.data           0x0000000020000000       0xa8 load address 0x00000000000054f4
                0x0000000020000000                __data_start__ = .
                0x0000000020000000                . = ALIGN (0x4)
                0x0000000020000000                __Code_In_RAM_Start = .
 *(.code_in_ram*)
                0x0000000020000000                __Code_In_RAM_End = .
 *(vtable)
 *(.data.*)
 .data.g_mbx_table
                0x0000000020000000       0x30 ./ra/fsp/src/r_usb_basic/src/driver/r_usb_cstd_rtos.o
                0x0000000020000000                g_mbx_table
 .data.uxTopUsedPriority
                0x0000000020000030        0x4 ./ra/aws/FreeRTOS/FreeRTOS/Source/tasks.o
                0x0000000020000030                uxTopUsedPriority
 .data._impure_ptr
                0x0000000020000034        0x4 /home/cdr/.local/share/renesas/e2_studio/toolchains/gcc_arm/10_3_2021_10/gcc-arm-none-eabi-10.3-2021.10/bin/../lib/gcc/arm-none-eabi/10.3.1/../../../../arm-none-eabi/lib/thumb/v8-m.main+fp/hard/libg_nano.a(lib_a-impure.o)
                0x0000000020000034                _impure_ptr
 .data.impure_data
                0x0000000020000038       0x60 /home/cdr/.local/share/renesas/e2_studio/toolchains/gcc_arm/10_3_2021_10/gcc-arm-none-eabi-10.3-2021.10/bin/../lib/gcc/arm-none-eabi/10.3.1/../../../../arm-none-eabi/lib/thumb/v8-m.main+fp/hard/libg_nano.a(lib_a-impure.o)
 .data.supports_ext_exit_extended
                0x0000000020000098        0x4 /home/cdr/.local/share/renesas/e2_studio/toolchains/gcc_arm/10_3_2021_10/gcc-arm-none-eabi-10.3-2021.10/bin/../lib/gcc/arm-none-eabi/10.3.1/../../../../arm-none-eabi/lib/thumb/v8-m.main+fp/hard/librdimon_nano.a(rdimon-syscalls.o)
 .data.supports_ext_stdout_stderr
                0x000000002000009c        0x4 /home/cdr/.local/share/renesas/e2_studio/toolchains/gcc_arm/10_3_2021_10/gcc-arm-none-eabi-10.3-2021.10/bin/../lib/gcc/arm-none-eabi/10.3.1/../../../../arm-none-eabi/lib/thumb/v8-m.main+fp/hard/librdimon_nano.a(rdimon-syscalls.o)
 *(.data)
                0x00000000200000a0                . = ALIGN (0x4)
                0x00000000200000a0                PROVIDE (__preinit_array_start = .)
 *(.preinit_array)
                0x00000000200000a0                PROVIDE (__preinit_array_end = .)
                0x00000000200000a0                . = ALIGN (0x4)
                0x00000000200000a0                PROVIDE (__init_array_start = .)
 *(SORT_BY_NAME(.init_array.*))
 *(.init_array)
 .init_array    0x00000000200000a0        0x4 /home/cdr/.local/share/renesas/e2_studio/toolchains/gcc_arm/10_3_2021_10/gcc-arm-none-eabi-10.3-2021.10/bin/../lib/gcc/arm-none-eabi/10.3.1/thumb/v8-m.main+fp/hard/crtbegin.o
                0x00000000200000a4                PROVIDE (__init_array_end = .)
                0x00000000200000a4                . = ALIGN (0x4)
                [!provide]                        PROVIDE (__fini_array_start = .)
 *(SORT_BY_NAME(.fini_array.*))
 *(.fini_array)
 .fini_array    0x00000000200000a4        0x4 /home/cdr/.local/share/renesas/e2_studio/toolchains/gcc_arm/10_3_2021_10/gcc-arm-none-eabi-10.3-2021.10/bin/../lib/gcc/arm-none-eabi/10.3.1/thumb/v8-m.main+fp/hard/crtbegin.o
                [!provide]                        PROVIDE (__fini_array_end = .)
 *(.jcr*)
                0x00000000200000a8                . = ALIGN (0x4)
                0x00000000200000a8                __data_end__ = .
                0x000000000000559c                DATA_END = (LOADADDR (.data) + SIZEOF (.data))
                0x0000000000005800                SGSTUBS_LOC = (DEFINED (PROJECT_SECURE) && DEFINED (FLASH_NSC_START))?ABSOLUTE (FLASH_NSC_START):ALIGN (DATA_END, 0x400)

.igot.plt       0x00000000200000a8        0x0 load address 0x000000000000559c
 .igot.plt      0x00000000200000a8        0x0 /home/cdr/.local/share/renesas/e2_studio/toolchains/gcc_arm/10_3_2021_10/gcc-arm-none-eabi-10.3-2021.10/bin/../lib/gcc/arm-none-eabi/10.3.1/thumb/v8-m.main+fp/hard/crtbegin.o

.gnu.sgstubs    0x0000000000005800        0x0
                0x0000000000005800                __tz_FLASH_C = DEFINED (FLASH_NSC_START)?ABSOLUTE (FLASH_NSC_START):__RESERVE_NS_RAM?ABSOLUTE ((FLASH_START + FLASH_LENGTH)):ALIGN (0x400)
                0x0000000000005800                _start_sg = .
 *(.gnu.sgstubs*)
                0x0000000000005800                . = ALIGN (0x20)
                0x0000000000005800                _end_sg = .
                0x0000000000008000                __tz_FLASH_N = DEFINED (FLASH_NS_START)?ABSOLUTE (FLASH_NS_START):__RESERVE_NS_RAM?ABSOLUTE ((FLASH_START + FLASH_LENGTH)):(FLASH_LENGTH < 0x8000)?FLASH_LENGTH:ALIGN (0x8000)
                0x0000000000008000                FLASH_NS_IMAGE_START = DEFINED (FLASH_NS_IMAGE_START)?FLASH_NS_IMAGE_START:__tz_FLASH_N
                0x0000000060000000                __tz_QSPI_FLASH_S = ORIGIN (QSPI_FLASH)

.qspi_flash     0x0000000060000000        0x0
                0x0000000060000000                __qspi_flash_start__ = .
 *(.qspi_flash*)
 *(.code_in_qspi*)
                0x0000000060000000                __qspi_flash_end__ = .
                0x0000000000000000                __qspi_flash_code_size__ = (__qspi_flash_end__ - __qspi_flash_start__)
                0x000000000000559c                __qspi_flash_code_addr__ = (__etext + (__data_end__ - __data_start__))

.qspi_non_retentive
                0x0000000060000000        0x0 load address 0x000000000000559c
                0x0000000060000000                __qspi_non_retentive_start__ = .
 *(.qspi_non_retentive*)
                0x0000000060000000                __qspi_non_retentive_end__ = .
                0x0000000000000000                __qspi_non_retentive_size__ = (__qspi_non_retentive_end__ - __qspi_non_retentive_start__)
                0x0000000004000000                __qspi_region_max_size__ = 0x4000000
                0x0000000060000000                __qspi_region_start_address__ = __qspi_flash_start__
                0x0000000064000000                __qspi_region_end_address__ = (__qspi_flash_start__ + __qspi_region_max_size__)
                0x0000000060000000                __tz_QSPI_FLASH_N = __qspi_non_retentive_end__

.OSPI_DEVICE_0_NO_LOAD
                0x0000000068000000        0x0
                0x0000000068000000                . = ALIGN (0x4)
                0x0000000068000000                __ospi_device_0_start__ = .
 *(.ospi_device_0_no_load*)
                0x0000000068000000                . = ALIGN (0x4)
                0x0000000068000000                __ospi_device_0_end__ = .

.OSPI_DEVICE_1_NO_LOAD
                0x0000000070000000        0x0
                0x0000000070000000                . = ALIGN (0x4)
                0x0000000070000000                __ospi_device_1_start__ = .
 *(.ospi_device_1_no_load*)
                0x0000000070000000                . = ALIGN (0x4)
                0x0000000070000000                __ospi_device_1_end__ = .
                0x0000000068000000                __tz_OSPI_DEVICE_0_S = ORIGIN (OSPI_DEVICE_0)

.OSPI_DEVICE_0  0x0000000068000000        0x0
                0x0000000068000000                __ospi_device_0_start__ = .
 *(.ospi_device_0*)
 *(.code_in_ospi_device_0*)
                0x0000000068000000                __ospi_device_0_end__ = .
                0x0000000000000000                __ospi_device_0_code_size__ = (__ospi_device_0_end__ - __ospi_device_0_start__)
                0x000000000000559c                __ospi_device_0_code_addr__ = (__etext + (__data_end__ - __data_start__))

.ospi_device_0_non_retentive
                0x0000000068000000        0x0 load address 0x000000000000559c
                0x0000000068000000                __ospi_device_0_non_retentive_start__ = .
 *(.ospi_device_0_non_retentive*)
                0x0000000068000000                __ospi_device_0_non_retentive_end__ = .
                0x0000000000000000                __ospi_device_0_non_retentive_size__ = (__ospi_device_0_non_retentive_end__ - __ospi_device_0_non_retentive_start__)
                0x0000000008000000                __ospi_device_0_region_max_size__ = 0x8000000
                0x0000000068000000                __ospi_device_0_region_start_address__ = __ospi_device_0_start__
                0x0000000070000000                __ospi_device_0_region_end_address__ = (__ospi_device_0_start__ + __ospi_device_0_region_max_size__)
                0x0000000068000000                __tz_OSPI_DEVICE_0_N = __ospi_device_0_non_retentive_end__
                0x0000000070000000                __tz_OSPI_DEVICE_1_S = ORIGIN (OSPI_DEVICE_1)

.OSPI_DEVICE_1  0x0000000070000000        0x0
                0x0000000070000000                __ospi_device_1_start__ = .
 *(.ospi_device_1*)
 *(.code_in_ospi_device_1*)
                0x0000000070000000                __ospi_device_1_end__ = .
                0x0000000000000000                __ospi_device_1_code_size__ = (__ospi_device_1_end__ - __ospi_device_1_start__)
                0x000000000000559c                __ospi_device_1_code_addr__ = (__etext + (__data_end__ - __data_start__))

.ospi_device_1_non_retentive
                0x0000000070000000        0x0 load address 0x000000000000559c
                0x0000000070000000                __ospi_device_1_non_retentive_start__ = .
 *(.ospi_device_1_non_retentive*)
                0x0000000070000000                __ospi_device_1_non_retentive_end__ = .
                0x0000000000000000                __ospi_device_1_non_retentive_size__ = (__ospi_device_1_non_retentive_end__ - __ospi_device_1_non_retentive_start__)
                0x0000000010000000                __ospi_device_1_region_max_size__ = 0x10000000
                0x0000000070000000                __ospi_device_1_region_start_address__ = __ospi_device_1_start__
                0x0000000080000000                __ospi_device_1_region_end_address__ = (__ospi_device_1_start__ + __ospi_device_1_region_max_size__)
                0x0000000070000000                __tz_OSPI_DEVICE_1_N = __ospi_device_1_non_retentive_end__

.noinit         0x00000000200000a8       0x20
                0x00000000200000a8                . = ALIGN (0x4)
                0x00000000200000a8                __noinit_start = .
 *(.noinit*)
 .noinit        0x00000000200000a8       0x1c ./ra/fsp/src/bsp/mcu/all/bsp_clocks.o
                0x00000000200000c8                . = ALIGN (0x8)
 *fill*         0x00000000200000c4        0x4 
 *(.heap.*)
                0x00000000200000c8                __noinit_end = .

.bss            0x00000000200000c8     0x92ec
                0x00000000200000c8                . = ALIGN (0x4)
                0x00000000200000c8                __bss_start__ = .
 *(.bss*)
 .bss           0x00000000200000c8       0x1c /home/cdr/.local/share/renesas/e2_studio/toolchains/gcc_arm/10_3_2021_10/gcc-arm-none-eabi-10.3-2021.10/bin/../lib/gcc/arm-none-eabi/10.3.1/thumb/v8-m.main+fp/hard/crtbegin.o
 .bss.g_ioport_ctrl
                0x00000000200000e4        0x8 ./ra_gen/common_data.o
                0x00000000200000e4                g_ioport_ctrl
 .bss.g_fsp_common_initialized
                0x00000000200000ec        0x1 ./ra_gen/main.o
                0x00000000200000ec                g_fsp_common_initialized
 *fill*         0x00000000200000ed        0x3 
 .bss.g_fsp_common_initialized_semaphore
                0x00000000200000f0        0x4 ./ra_gen/main.o
                0x00000000200000f0                g_fsp_common_initialized_semaphore
 .bss.g_fsp_common_initialized_semaphore_memory
                0x00000000200000f4       0x48 ./ra_gen/main.o
                0x00000000200000f4                g_fsp_common_initialized_semaphore_memory
 .bss.g_fsp_common_thread_count
                0x000000002000013c        0x4 ./ra_gen/main.o
                0x000000002000013c                g_fsp_common_thread_count
 .bss.uxIdleTaskStack.1
                0x0000000020000140      0x200 ./ra_gen/main.o
 .bss.uxTimerTaskStack.3
                0x0000000020000340      0x200 ./ra_gen/main.o
 .bss.xIdleTaskTCB.0
                0x0000000020000540       0x60 ./ra_gen/main.o
 .bss.xTimerTaskTCB.2
                0x00000000200005a0       0x60 ./ra_gen/main.o
 .bss.main_thread
                0x0000000020000600        0x4 ./ra_gen/main_thread.o
                0x0000000020000600                main_thread
 .bss.g_mask_level_before_disable
                0x0000000020000604        0x4 ./ra/fsp/src/rm_freertos_port/port.o
 .bss.uxCriticalNesting
                0x0000000020000608        0x4 ./ra/fsp/src/rm_freertos_port/port.o
 .bss.g_usb_cstd_suspend_mode
                0x000000002000060c        0x2 ./ra/fsp/src/r_usb_basic/src/hw/r_usb_preg_abs.o
                0x000000002000060c                g_usb_cstd_suspend_mode
 *fill*         0x000000002000060e        0x2 
 .bss.g_cls_mbx_hdl
                0x0000000020000610        0x4 ./ra/fsp/src/r_usb_basic/src/driver/r_usb_cstd_rtos.o
 .bss.g_hcd_mbx_hdl
                0x0000000020000614        0x4 ./ra/fsp/src/r_usb_basic/src/driver/r_usb_cstd_rtos.o
 .bss.g_hcdc_mbx_hdl
                0x0000000020000618        0x4 ./ra/fsp/src/r_usb_basic/src/driver/r_usb_cstd_rtos.o
 .bss.g_hhid_mbx_hdl
                0x000000002000061c        0x4 ./ra/fsp/src/r_usb_basic/src/driver/r_usb_cstd_rtos.o
 .bss.g_hmsc_mbx_hdl
                0x0000000020000620        0x4 ./ra/fsp/src/r_usb_basic/src/driver/r_usb_cstd_rtos.o
 .bss.g_hmsc_req_mbx_hdl
                0x0000000020000624        0x4 ./ra/fsp/src/r_usb_basic/src/driver/r_usb_cstd_rtos.o
 .bss.g_hprn_mbx_hdl
                0x0000000020000628        0x4 ./ra/fsp/src/r_usb_basic/src/driver/r_usb_cstd_rtos.o
 .bss.g_hub_mbx_hdl
                0x000000002000062c        0x4 ./ra/fsp/src/r_usb_basic/src/driver/r_usb_cstd_rtos.o
 .bss.g_mgr_mbx_hdl
                0x0000000020000630        0x4 ./ra/fsp/src/r_usb_basic/src/driver/r_usb_cstd_rtos.o
 .bss.g_pcd_mbx_hdl
                0x0000000020000634        0x4 ./ra/fsp/src/r_usb_basic/src/driver/r_usb_cstd_rtos.o
 .bss.g_pmsc_mbx_hdl
                0x0000000020000638        0x4 ./ra/fsp/src/r_usb_basic/src/driver/r_usb_cstd_rtos.o
 .bss.count.0   0x000000002000063c        0x2 ./ra/fsp/src/r_usb_basic/src/driver/r_usb_pinthandler_usbip0.o
 *fill*         0x000000002000063e        0x2 
 .bss.g_usb_pstd_int
                0x0000000020000640      0x880 ./ra/fsp/src/r_usb_basic/src/driver/r_usb_pinthandler_usbip0.o
 .bss.g_usb_usbmode
                0x0000000020000ec0        0x4 ./ra/fsp/src/r_usb_basic/r_usb_basic.o
                0x0000000020000ec0                g_usb_usbmode
 .bss.g_bsp_group_irq_sources
                0x0000000020000ec4       0x40 ./ra/fsp/src/bsp/mcu/all/bsp_group_irq.o
                0x0000000020000ec4                g_bsp_group_irq_sources
 .bss.g_protect_pfswe_counter
                0x0000000020000f04        0x4 ./ra/fsp/src/bsp/mcu/all/bsp_io.o
                0x0000000020000f04                g_protect_pfswe_counter
 .bss.gp_renesas_isr_context
                0x0000000020000f08      0x180 ./ra/fsp/src/bsp/mcu/all/bsp_irq.o
                0x0000000020000f08                gp_renesas_isr_context
 .bss.g_protect_counters
                0x0000000020001088        0x8 ./ra/fsp/src/bsp/mcu/all/bsp_register_protection.o
                0x0000000020001088                g_protect_counters
 .bss.current_heap_end.0
                0x0000000020001090        0x4 ./ra/fsp/src/bsp/mcu/all/bsp_sbrk.o
 .bss.SystemCoreClock
                0x0000000020001094        0x4 ./ra/fsp/src/bsp/cmsis/Device/RENESAS/Source/system.o
                0x0000000020001094                SystemCoreClock
 .bss.pxEnd     0x0000000020001098        0x4 ./ra/aws/FreeRTOS/FreeRTOS/Source/portable/MemMang/heap_4.o
 .bss.ucHeap    0x000000002000109c     0x8000 ./ra/aws/FreeRTOS/FreeRTOS/Source/portable/MemMang/heap_4.o
 .bss.xBlockAllocatedBit
                0x000000002000909c        0x4 ./ra/aws/FreeRTOS/FreeRTOS/Source/portable/MemMang/heap_4.o
 .bss.xFreeBytesRemaining
                0x00000000200090a0        0x4 ./ra/aws/FreeRTOS/FreeRTOS/Source/portable/MemMang/heap_4.o
 .bss.xMinimumEverFreeBytesRemaining
                0x00000000200090a4        0x4 ./ra/aws/FreeRTOS/FreeRTOS/Source/portable/MemMang/heap_4.o
 .bss.xNumberOfSuccessfulAllocations
                0x00000000200090a8        0x4 ./ra/aws/FreeRTOS/FreeRTOS/Source/portable/MemMang/heap_4.o
 .bss.xNumberOfSuccessfulFrees
                0x00000000200090ac        0x4 ./ra/aws/FreeRTOS/FreeRTOS/Source/portable/MemMang/heap_4.o
 .bss.xStart    0x00000000200090b0        0x8 ./ra/aws/FreeRTOS/FreeRTOS/Source/portable/MemMang/heap_4.o
 .bss.xQueueRegistry
                0x00000000200090b8       0x50 ./ra/aws/FreeRTOS/FreeRTOS/Source/queue.o
                0x00000000200090b8                xQueueRegistry
 .bss.pxCurrentTCB
                0x0000000020009108        0x4 ./ra/aws/FreeRTOS/FreeRTOS/Source/tasks.o
                0x0000000020009108                pxCurrentTCB
 .bss.pxDelayedTaskList
                0x000000002000910c        0x4 ./ra/aws/FreeRTOS/FreeRTOS/Source/tasks.o
 .bss.pxOverflowDelayedTaskList
                0x0000000020009110        0x4 ./ra/aws/FreeRTOS/FreeRTOS/Source/tasks.o
 .bss.pxReadyTasksLists
                0x0000000020009114       0x64 ./ra/aws/FreeRTOS/FreeRTOS/Source/tasks.o
 .bss.uxCurrentNumberOfTasks
                0x0000000020009178        0x4 ./ra/aws/FreeRTOS/FreeRTOS/Source/tasks.o
 .bss.uxDeletedTasksWaitingCleanUp
                0x000000002000917c        0x4 ./ra/aws/FreeRTOS/FreeRTOS/Source/tasks.o
 .bss.uxSchedulerSuspended
                0x0000000020009180        0x4 ./ra/aws/FreeRTOS/FreeRTOS/Source/tasks.o
 .bss.uxTaskNumber