Archive member included to satisfy reference by file (symbol)

/home/cdr/.local/share/renesas/e2_studio/toolchains/gcc_arm/10_3_2021_10/gcc-arm-none-eabi-10.3-2021.10/bin/../lib/gcc/arm-none-eabi/10.3.1/thumb/v8-m.main+fp/hard/libgcc.a(_aeabi_ldivmod.o)
                              ./ra/fsp/src/r_sci_uart/r_sci_uart.o (__aeabi_ldivmod)
/home/cdr/.local/share/renesas/e2_studio/toolchains/gcc_arm/10_3_2021_10/gcc-arm-none-eabi-10.3-2021.10/bin/../lib/gcc/arm-none-eabi/10.3.1/thumb/v8-m.main+fp/hard/libgcc.a(_udivmoddi4.o)
                              /home/cdr/.local/share/renesas/e2_studio/toolchains/gcc_arm/10_3_2021_10/gcc-arm-none-eabi-10.3-2021.10/bin/../lib/gcc/arm-none-eabi/10.3.1/thumb/v8-m.main+fp/hard/libgcc.a(_aeabi_ldivmod.o) (__udivmoddi4)
/home/cdr/.local/share/renesas/e2_studio/toolchains/gcc_arm/10_3_2021_10/gcc-arm-none-eabi-10.3-2021.10/bin/../lib/gcc/arm-none-eabi/10.3.1/thumb/v8-m.main+fp/hard/libgcc.a(unwind-arm.o)
                              ./src/main_thread_entry.o (__aeabi_unwind_cpp_pr0)
/home/cdr/.local/share/renesas/e2_studio/toolchains/gcc_arm/10_3_2021_10/gcc-arm-none-eabi-10.3-2021.10/bin/../lib/gcc/arm-none-eabi/10.3.1/thumb/v8-m.main+fp/hard/libgcc.a(libunwind.o)
                              /home/cdr/.local/share/renesas/e2_studio/toolchains/gcc_arm/10_3_2021_10/gcc-arm-none-eabi-10.3-2021.10/bin/../lib/gcc/arm-none-eabi/10.3.1/thumb/v8-m.main+fp/hard/libgcc.a(unwind-arm.o) (restore_core_regs)
/home/cdr/.local/share/renesas/e2_studio/toolchains/gcc_arm/10_3_2021_10/gcc-arm-none-eabi-10.3-2021.10/bin/../lib/gcc/arm-none-eabi/10.3.1/thumb/v8-m.main+fp/hard/libgcc.a(pr-support.o)
                              /home/cdr/.local/share/renesas/e2_studio/toolchains/gcc_arm/10_3_2021_10/gcc-arm-none-eabi-10.3-2021.10/bin/../lib/gcc/arm-none-eabi/10.3.1/thumb/v8-m.main+fp/hard/libgcc.a(unwind-arm.o) (__gnu_unwind_execute)
/home/cdr/.local/share/renesas/e2_studio/toolchains/gcc_arm/10_3_2021_10/gcc-arm-none-eabi-10.3-2021.10/bin/../lib/gcc/arm-none-eabi/10.3.1/thumb/v8-m.main+fp/hard/libgcc.a(_dvmd_tls.o)
                              /home/cdr/.local/share/renesas/e2_studio/toolchains/gcc_arm/10_3_2021_10/gcc-arm-none-eabi-10.3-2021.10/bin/../lib/gcc/arm-none-eabi/10.3.1/thumb/v8-m.main+fp/hard/libgcc.a(_aeabi_ldivmod.o) (__aeabi_ldiv0)
/home/cdr/.local/share/renesas/e2_studio/toolchains/gcc_arm/10_3_2021_10/gcc-arm-none-eabi-10.3-2021.10/bin/../lib/gcc/arm-none-eabi/10.3.1/../../../../arm-none-eabi/lib/thumb/v8-m.main+fp/hard/libg_nano.a(lib_a-abort.o)
                              /home/cdr/.local/share/renesas/e2_studio/toolchains/gcc_arm/10_3_2021_10/gcc-arm-none-eabi-10.3-2021.10/bin/../lib/gcc/arm-none-eabi/10.3.1/thumb/v8-m.main+fp/hard/libgcc.a(unwind-arm.o) (abort)
/home/cdr/.local/share/renesas/e2_studio/toolchains/gcc_arm/10_3_2021_10/gcc-arm-none-eabi-10.3-2021.10/bin/../lib/gcc/arm-none-eabi/10.3.1/../../../../arm-none-eabi/lib/thumb/v8-m.main+fp/hard/libg_nano.a(lib_a-errno.o)
                              ./ra/fsp/src/bsp/mcu/all/bsp_sbrk.o (__errno)
/home/cdr/.local/share/renesas/e2_studio/toolchains/gcc_arm/10_3_2021_10/gcc-arm-none-eabi-10.3-2021.10/bin/../lib/gcc/arm-none-eabi/10.3.1/../../../../arm-none-eabi/lib/thumb/v8-m.main+fp/hard/libg_nano.a(lib_a-exit.o)
                              /home/cdr/.local/share/renesas/e2_studio/toolchains/gcc_arm/10_3_2021_10/gcc-arm-none-eabi-10.3-2021.10/bin/../lib/gcc/arm-none-eabi/10.3.1/../../../../arm-none-eabi/lib/thumb/v8-m.main+fp/hard/rdimon-crt0.o (exit)
/home/cdr/.local/share/renesas/e2_studio/toolchains/gcc_arm/10_3_2021_10/gcc-arm-none-eabi-10.3-2021.10/bin/../lib/gcc/arm-none-eabi/10.3.1/../../../../arm-none-eabi/lib/thumb/v8-m.main+fp/hard/libg_nano.a(lib_a-impure.o)
                              /home/cdr/.local/share/renesas/e2_studio/toolchains/gcc_arm/10_3_2021_10/gcc-arm-none-eabi-10.3-2021.10/bin/../lib/gcc/arm-none-eabi/10.3.1/../../../../arm-none-eabi/lib/thumb/v8-m.main+fp/hard/libg_nano.a(lib_a-exit.o) (_global_impure_ptr)
/home/cdr/.local/share/renesas/e2_studio/toolchains/gcc_arm/10_3_2021_10/gcc-arm-none-eabi-10.3-2021.10/bin/../lib/gcc/arm-none-eabi/10.3.1/../../../../arm-none-eabi/lib/thumb/v8-m.main+fp/hard/libg_nano.a(lib_a-init.o)
                              /home/cdr/.local/share/renesas/e2_studio/toolchains/gcc_arm/10_3_2021_10/gcc-arm-none-eabi-10.3-2021.10/bin/../lib/gcc/arm-none-eabi/10.3.1/../../../../arm-none-eabi/lib/thumb/v8-m.main+fp/hard/rdimon-crt0.o (__libc_init_array)
/home/cdr/.local/share/renesas/e2_studio/toolchains/gcc_arm/10_3_2021_10/gcc-arm-none-eabi-10.3-2021.10/bin/../lib/gcc/arm-none-eabi/10.3.1/../../../../arm-none-eabi/lib/thumb/v8-m.main+fp/hard/libg_nano.a(lib_a-memcpy-stub.o)
                              ./ra/fsp/src/r_usb_basic/src/driver/r_usb_pdriver.o (memcpy)
[...]
Memory Configuration

Name             Origin             Length             Attributes
FLASH            0x0000000000000000 0x0000000000100000 xr
RAM              0x0000000020000000 0x0000000000080000 xrw
DATA_FLASH       0x0000000008000000 0x0000000000002000 xr
QSPI_FLASH       0x0000000060000000 0x0000000004000000 xr
OSPI_DEVICE_0    0x0000000068000000 0x0000000008000000 xr
OSPI_DEVICE_1    0x0000000070000000 0x0000000010000000 xr
OSPI_DEVICE_0_RAM 0x0000000068000000 0x0000000008000000 xrw
OSPI_DEVICE_1_RAM 0x0000000070000000 0x0000000010000000 xrw
SDRAM            0x0000000090000000 0x0000000000000000 xrw
OPTION_SETTING   0x000000000100a100 0x0000000000000100 r
OPTION_SETTING_S 0x000000000100a200 0x0000000000000100 r
ID_CODE          0x0000000000000000 0x0000000000000000 xr
*default*        0x0000000000000000 0xffffffffffffffff

Linker script and memory map

LOAD /home/cdr/.local/share/renesas/e2_studio/toolchains/gcc_arm/10_3_2021_10/gcc-arm-none-eabi-10.3-2021.10/bin/../lib/gcc/arm-none-eabi/10.3.1/thumb/v8-m.main+fp/hard/crti.o
LOAD /home/cdr/.local/share/renesas/e2_studio/toolchains/gcc_arm/10_3_2021_10/gcc-arm-none-eabi-10.3-2021.10/bin/../lib/gcc/arm-none-eabi/10.3.1/thumb/v8-m.main+fp/hard/crtbegin.o
LOAD /home/cdr/.local/share/renesas/e2_studio/toolchains/gcc_arm/10_3_2021_10/gcc-arm-none-eabi-10.3-2021.10/bin/../lib/gcc/arm-none-eabi/10.3.1/../../../../arm-none-eabi/lib/thumb/v8-m.main+fp/hard/rdimon-crt0.o
START GROUP
LOAD ./src/serial/comms/usb/r_usb_pcdc_descriptor.o
LOAD ./src/serial/comms/usb/usb_comms.o
LOAD ./src/serial/comms/uart/comms.o
LOAD ./src/serial/serial.o
LOAD ./src/hal_entry.o
LOAD ./src/main_thread_entry.o
LOAD ./ra_gen/common_data.o
LOAD ./ra_gen/hal_data.o
LOAD ./ra_gen/main.o
LOAD ./ra_gen/main_thread.o
LOAD ./ra_gen/pin_data.o
LOAD ./ra_gen/vector_data.o
LOAD ./ra/fsp/src/rm_freertos_port/port.o
LOAD ./ra/fsp/src/r_usb_pcdc/src/r_usb_pcdc_driver.o
LOAD ./ra/fsp/src/r_usb_basic/src/hw/r_usb_creg_abs.o
LOAD ./ra/fsp/src/r_usb_basic/src/hw/r_usb_creg_access.o
LOAD ./ra/fsp/src/r_usb_basic/src/hw/r_usb_dma.o
LOAD ./ra/fsp/src/r_usb_basic/src/hw/r_usb_hostelectrical.o
LOAD ./ra/fsp/src/r_usb_basic/src/hw/r_usb_hreg_abs.o
LOAD ./ra/fsp/src/r_usb_basic/src/hw/r_usb_hreg_access.o
LOAD ./ra/fsp/src/r_usb_basic/src/hw/r_usb_mcu.o
LOAD ./ra/fsp/src/r_usb_basic/src/hw/r_usb_preg_abs.o
LOAD ./ra/fsp/src/r_usb_basic/src/hw/r_usb_preg_access.o
LOAD ./ra/fsp/src/r_usb_basic/src/driver/r_usb_cdataio.o
LOAD ./ra/fsp/src/r_usb_basic/src/driver/r_usb_clibusbip.o
LOAD ./ra/fsp/src/r_usb_basic/src/driver/r_usb_cstd_rtos.o
LOAD ./ra/fsp/src/r_usb_basic/src/driver/r_usb_hbc.o
LOAD ./ra/fsp/src/r_usb_basic/src/driver/r_usb_hcontrolrw.o
LOAD ./ra/fsp/src/r_usb_basic/src/driver/r_usb_hdriver.o
LOAD ./ra/fsp/src/r_usb_basic/src/driver/r_usb_hhubsys.o
LOAD ./ra/fsp/src/r_usb_basic/src/driver/r_usb_hintfifo.o
LOAD ./ra/fsp/src/r_usb_basic/src/driver/r_usb_hinthandler_usbip0.o
LOAD ./ra/fsp/src/r_usb_basic/src/driver/r_usb_hinthandler_usbip1.o
LOAD ./ra/fsp/src/r_usb_basic/src/driver/r_usb_hlibusbip.o
LOAD ./ra/fsp/src/r_usb_basic/src/driver/r_usb_hmanager.o
LOAD ./ra/fsp/src/r_usb_basic/src/driver/r_usb_hscheduler.o
LOAD ./ra/fsp/src/r_usb_basic/src/driver/r_usb_hsignal.o
LOAD ./ra/fsp/src/r_usb_basic/src/driver/r_usb_hstdfunction.o
LOAD ./ra/fsp/src/r_usb_basic/src/driver/r_usb_pbc.o
LOAD ./ra/fsp/src/r_usb_basic/src/driver/r_usb_pcontrolrw.o
LOAD ./ra/fsp/src/r_usb_basic/src/driver/r_usb_pdriver.o
LOAD ./ra/fsp/src/r_usb_basic/src/driver/r_usb_pintfifo.o
LOAD ./ra/fsp/src/r_usb_basic/src/driver/r_usb_pinthandler_usbip0.o
LOAD ./ra/fsp/src/r_usb_basic/src/driver/r_usb_plibusbip.o
LOAD ./ra/fsp/src/r_usb_basic/src/driver/r_usb_psignal.o
LOAD ./ra/fsp/src/r_usb_basic/src/driver/r_usb_pstdfunction.o
LOAD ./ra/fsp/src/r_usb_basic/src/driver/r_usb_pstdrequest.o
LOAD ./ra/fsp/src/r_usb_basic/r_usb_basic.o
LOAD ./ra/fsp/src/r_sci_uart/r_sci_uart.o
LOAD ./ra/fsp/src/r_ioport/r_ioport.o
LOAD ./ra/fsp/src/r_crc/r_crc.o
LOAD ./ra/fsp/src/bsp/mcu/all/bsp_clocks.o
LOAD ./ra/fsp/src/bsp/mcu/all/bsp_common.o
LOAD ./ra/fsp/src/bsp/mcu/all/bsp_delay.o
LOAD ./ra/fsp/src/bsp/mcu/all/bsp_group_irq.o
LOAD ./ra/fsp/src/bsp/mcu/all/bsp_guard.o
LOAD ./ra/fsp/src/bsp/mcu/all/bsp_io.o
LOAD ./ra/fsp/src/bsp/mcu/all/bsp_irq.o
LOAD ./ra/fsp/src/bsp/mcu/all/bsp_register_protection.o
LOAD ./ra/fsp/src/bsp/mcu/all/bsp_rom_registers.o
LOAD ./ra/fsp/src/bsp/mcu/all/bsp_sbrk.o
LOAD ./ra/fsp/src/bsp/mcu/all/bsp_security.o
LOAD ./ra/fsp/src/bsp/cmsis/Device/RENESAS/Source/startup.o
LOAD ./ra/fsp/src/bsp/cmsis/Device/RENESAS/Source/system.o
LOAD ./ra/aws/FreeRTOS/FreeRTOS/Source/portable/MemMang/heap_4.o
LOAD ./ra/aws/FreeRTOS/FreeRTOS/Source/event_groups.o
LOAD ./ra/aws/FreeRTOS/FreeRTOS/Source/list.o
LOAD ./ra/aws/FreeRTOS/FreeRTOS/Source/queue.o
LOAD ./ra/aws/FreeRTOS/FreeRTOS/Source/stream_buffer.o
LOAD ./ra/aws/FreeRTOS/FreeRTOS/Source/tasks.o
LOAD ./ra/aws/FreeRTOS/FreeRTOS/Source/timers.o
END GROUP
LOAD /home/cdr/.local/share/renesas/e2_studio/toolchains/gcc_arm/10_3_2021_10/gcc-arm-none-eabi-10.3-2021.10/bin/../lib/gcc/arm-none-eabi/10.3.1/../../../../arm-none-eabi/lib/thumb/v8-m.main+fp/hard/libstdc++_nano.a
LOAD /home/cdr/.local/share/renesas/e2_studio/toolchains/gcc_arm/10_3_2021_10/gcc-arm-none-eabi-10.3-2021.10/bin/../lib/gcc/arm-none-eabi/10.3.1/../../../../arm-none-eabi/lib/thumb/v8-m.main+fp/hard/libm.a
START GROUP
LOAD /home/cdr/.local/share/renesas/e2_studio/toolchains/gcc_arm/10_3_2021_10/gcc-arm-none-eabi-10.3-2021.10/bin/../lib/gcc/arm-none-eabi/10.3.1/thumb/v8-m.main+fp/hard/libgcc.a
LOAD /home/cdr/.local/share/renesas/e2_studio/toolchains/gcc_arm/10_3_2021_10/gcc-arm-none-eabi-10.3-2021.10/bin/../lib/gcc/arm-none-eabi/10.3.1/../../../../arm-none-eabi/lib/thumb/v8-m.main+fp/hard/libg_nano.a
LOAD /home/cdr/.local/share/renesas/e2_studio/toolchains/gcc_arm/10_3_2021_10/gcc-arm-none-eabi-10.3-2021.10/bin/../lib/gcc/arm-none-eabi/10.3.1/../../../../arm-none-eabi/lib/thumb/v8-m.main+fp/hard/libc_nano.a
END GROUP
START GROUP
LOAD /home/cdr/.local/share/renesas/e2_studio/toolchains/gcc_arm/10_3_2021_10/gcc-arm-none-eabi-10.3-2021.10/bin/../lib/gcc/arm-none-eabi/10.3.1/thumb/v8-m.main+fp/hard/libgcc.a
LOAD /home/cdr/.local/share/renesas/e2_studio/toolchains/gcc_arm/10_3_2021_10/gcc-arm-none-eabi-10.3-2021.10/bin/../lib/gcc/arm-none-eabi/10.3.1/../../../../arm-none-eabi/lib/thumb/v8-m.main+fp/hard/libc_nano.a
LOAD /home/cdr/.local/share/renesas/e2_studio/toolchains/gcc_arm/10_3_2021_10/gcc-arm-none-eabi-10.3-2021.10/bin/../lib/gcc/arm-none-eabi/10.3.1/../../../../arm-none-eabi/lib/thumb/v8-m.main+fp/hard/librdimon_nano.a
END GROUP
START GROUP
LOAD /home/cdr/.local/share/renesas/e2_studio/toolchains/gcc_arm/10_3_2021_10/gcc-arm-none-eabi-10.3-2021.10/bin/../lib/gcc/arm-none-eabi/10.3.1/thumb/v8-m.main+fp/hard/libgcc.a
LOAD /home/cdr/.local/share/renesas/e2_studio/toolchains/gcc_arm/10_3_2021_10/gcc-arm-none-eabi-10.3-2021.10/bin/../lib/gcc/arm-none-eabi/10.3.1/../../../../arm-none-eabi/lib/thumb/v8-m.main+fp/hard/libc_nano.a
LOAD /home/cdr/.local/share/renesas/e2_studio/toolchains/gcc_arm/10_3_2021_10/gcc-arm-none-eabi-10.3-2021.10/bin/../lib/gcc/arm-none-eabi/10.3.1/../../../../arm-none-eabi/lib/thumb/v8-m.main+fp/hard/librdimon_nano.a
END GROUP
LOAD /home/cdr/.local/share/renesas/e2_studio/toolchains/gcc_arm/10_3_2021_10/gcc-arm-none-eabi-10.3-2021.10/bin/../lib/gcc/arm-none-eabi/10.3.1/thumb/v8-m.main+fp/hard/crtend.o
LOAD /home/cdr/.local/share/renesas/e2_studio/toolchains/gcc_arm/10_3_2021_10/gcc-arm-none-eabi-10.3-2021.10/bin/../lib/gcc/arm-none-eabi/10.3.1/thumb/v8-m.main+fp/hard/crtn.o
                0x0000000020000000                RAM_START = 0x20000000
                0x0000000000080000                RAM_LENGTH = 0x80000
                0x0000000000000000                FLASH_START = 0x0
                0x0000000000100000                FLASH_LENGTH = 0x100000
                0x0000000008000000                DATA_FLASH_START = 0x8000000
                0x0000000000002000                DATA_FLASH_LENGTH = 0x2000
                0x000000000100a100                OPTION_SETTING_START = 0x100a100
                0x0000000000000100                OPTION_SETTING_LENGTH = 0x100
                0x000000000100a200                OPTION_SETTING_S_START = 0x100a200
                0x0000000000000100                OPTION_SETTING_S_LENGTH = 0x100
                0x0000000000000000                ID_CODE_START = 0x0
                0x0000000000000000                ID_CODE_LENGTH = 0x0
                0x0000000090000000                SDRAM_START = 0x90000000
                0x0000000000000000                SDRAM_LENGTH = 0x0
                0x0000000060000000                QSPI_FLASH_START = 0x60000000
                0x0000000004000000                QSPI_FLASH_LENGTH = 0x4000000
                0x0000000068000000                OSPI_DEVICE_0_START = 0x68000000
                0x0000000008000000                OSPI_DEVICE_0_LENGTH = 0x8000000
                0x0000000070000000                OSPI_DEVICE_1_START = 0x70000000
                0x0000000010000000                OSPI_DEVICE_1_LENGTH = 0x10000000
                0x0000000004000000                QSPI_FLASH_PRV_LENGTH = DEFINED (QSPI_FLASH_SIZE)?ABSOLUTE (QSPI_FLASH_SIZE):ABSOLUTE (QSPI_FLASH_LENGTH)
                0x0000000008000000                OSPI_DEVICE_0_PRV_LENGTH = DEFINED (OSPI_DEVICE_0_SIZE)?ABSOLUTE (OSPI_DEVICE_0_SIZE):ABSOLUTE (OSPI_DEVICE_0_LENGTH)
                0x0000000010000000                OSPI_DEVICE_1_PRV_LENGTH = DEFINED (OSPI_DEVICE_1_SIZE)?ABSOLUTE (OSPI_DEVICE_1_SIZE):ABSOLUTE (OSPI_DEVICE_1_LENGTH)
                0x0000000000000000                __RESERVE_NS_RAM = ((! (DEFINED (PROJECT_NONSECURE)) && DEFINED (RAM_NS_BUFFER_LENGTH)) && (OPTION_SETTING_S_LENGTH != 0x0))
                0x0000000000000000                RAM_NS_BUFFER_BLOCK_LENGTH = DEFINED (RAM_NS_BUFFER_LENGTH)?ALIGN (RAM_NS_BUFFER_LENGTH, 0x2000):0x0
                0x0000000000000000                RAM_NS_BUFFER_LENGTH = DEFINED (RAM_NS_BUFFER_LENGTH)?RAM_NS_BUFFER_LENGTH:0x0
                0x0000000020080000                RAM_NS_BUFFER_START = ((RAM_START + RAM_LENGTH) - RAM_NS_BUFFER_LENGTH)
                0x0000000020080000                RAM_NS_BUFFER_BLOCK_START = ((RAM_START + RAM_LENGTH) - RAM_NS_BUFFER_BLOCK_LENGTH)
                0x000000000100a180                OPTION_SETTING_START_NS = 0x100a180
                0x0000000000000001                __bl_FSP_BOOTABLE_IMAGE = 0x1
                0x0000000000000001                __bln_FSP_BOOTABLE_IMAGE = 0x1
                0x0000000000000001                PROJECT_SECURE_OR_FLAT = ((! (DEFINED (PROJECT_NONSECURE)) && OPTION_SETTING_LENGTH) && ! (DEFINED (FSP_BOOTABLE_IMAGE)))
                0x0000000000000000                USE_OPTION_SETTING_NS = (DEFINED (PROJECT_NONSECURE) && ! (DEFINED (FSP_BOOTABLE_IMAGE)))
                0x0000000000000000                __bl_FLASH_IMAGE_START = ! (DEFINED (FLASH_BOOTLOADER_LENGTH))?0x0:(FLASH_APPLICATION_IMAGE_NUMBER == 0x1)?(FLASH_BOOTLOADER_LENGTH + FLASH_BOOTLOADER_HEADER_LENGTH):(((FLASH_BOOTLOADER_LENGTH + FLASH_BOOTLOADER_SCRATCH_LENGTH) + FLASH_APPLICATION_S_LENGTH) + FLASH_BOOTLOADER_HEADER_LENGTH)
                0x0000000000000000                __bl_FLASH_IMAGE_LENGTH = ! (DEFINED (FLASH_BOOTLOADER_LENGTH))?0x0:(FLASH_APPLICATION_S_LENGTH - FLASH_BOOTLOADER_HEADER_LENGTH)
                0x0000000000000000                __bl_FLASH_IMAGE_END = (__bl_FLASH_IMAGE_START + __bl_FLASH_IMAGE_LENGTH)
                0x0000000000000000                __bl_XIP_SECONDARY_FLASH_IMAGE_START = ! (DEFINED (FLASH_BOOTLOADER_LENGTH))?0x0:((FLASH_BOOTLOADER_LENGTH + FLASH_APPLICATION_S_LENGTH) + FLASH_BOOTLOADER_HEADER_LENGTH)
                0x0000000000000000                __bl_XIP_SECONDARY_FLASH_IMAGE_END = (__bl_XIP_SECONDARY_FLASH_IMAGE_START + __bl_FLASH_IMAGE_LENGTH)
                0x0000000000000000                __bl_FLASH_NS_START = ! (DEFINED (FLASH_BOOTLOADER_LENGTH))?0x0:(FLASH_APPLICATION_NS_LENGTH == 0x0)?__bl_FLASH_IMAGE_END:((__bl_FLASH_IMAGE_START - FLASH_BOOTLOADER_HEADER_LENGTH) + FLASH_APPLICATION_S_LENGTH)
                0x0000000000000000                __bl_FLASH_NSC_START = ! (DEFINED (FLASH_BOOTLOADER_LENGTH))?0x0:(FLASH_APPLICATION_NS_LENGTH == 0x0)?__bl_FLASH_IMAGE_END:(__bl_FLASH_NS_START - FLASH_APPLICATION_NSC_LENGTH)
                0x0000000000000000                __bl_RAM_NS_START = ! (DEFINED (FLASH_BOOTLOADER_LENGTH))?0x0:(FLASH_APPLICATION_NS_LENGTH == 0x0)?(RAM_START + RAM_LENGTH):((RAM_START + RAM_LENGTH) - RAM_APPLICATION_NS_LENGTH)
                0x0000000000000000                __bl_RAM_NSC_START = ! (DEFINED (FLASH_BOOTLOADER_LENGTH))?0x0:(FLASH_APPLICATION_NS_LENGTH == 0x0)?(RAM_START + RAM_LENGTH):(__bl_RAM_NS_START - RAM_APPLICATION_NSC_LENGTH)
                0x0000000000000000                __bl_FLASH_NS_IMAGE_START = ! (DEFINED (FLASH_BOOTLOADER_LENGTH))?0x0:(FLASH_APPLICATION_NS_LENGTH == 0x0)?__bl_FLASH_IMAGE_END:(__bl_FLASH_NS_START + FLASH_BOOTLOADER_HEADER_LENGTH_2)
                0x0000000000000000                __bln_FLASH_IMAGE_START = __bl_FLASH_NS_IMAGE_START
                0x0000000000000000                __bln_FLASH_IMAGE_LENGTH = ! (DEFINED (FLASH_BOOTLOADER_LENGTH))?0x0:(FLASH_APPLICATION_NS_LENGTH == 0x0)?__bl_FLASH_IMAGE_END:(FLASH_APPLICATION_NS_LENGTH - FLASH_BOOTLOADER_HEADER_LENGTH_2)
                0x0000000000000000                XIP_SECONDARY_SLOT_IMAGE = DEFINED (XIP_SECONDARY_SLOT_IMAGE)?XIP_SECONDARY_SLOT_IMAGE:0x0
                0x0000000000000000                FLASH_ORIGIN = ! (DEFINED (FLASH_IMAGE_START))?FLASH_START:(XIP_SECONDARY_SLOT_IMAGE == 0x1)?XIP_SECONDARY_FLASH_IMAGE_START:FLASH_IMAGE_START
                0x0000000000100000                LIMITED_FLASH_LENGTH = DEFINED (FLASH_IMAGE_LENGTH)?FLASH_IMAGE_LENGTH:DEFINED (FLASH_BOOTLOADER_LENGTH)?FLASH_BOOTLOADER_LENGTH:FLASH_LENGTH
START GROUP
LOAD /home/cdr/.local/share/renesas/e2_studio/toolchains/gcc_arm/10_3_2021_10/gcc-arm-none-eabi-10.3-2021.10/bin/../lib/gcc/arm-none-eabi/10.3.1/thumb/v8-m.main+fp/hard/libgcc.a
LOAD /home/cdr/.local/share/renesas/e2_studio/toolchains/gcc_arm/10_3_2021_10/gcc-arm-none-eabi-10.3-2021.10/bin/../lib/gcc/arm-none-eabi/10.3.1/../../../../arm-none-eabi/lib/thumb/v8-m.main+fp/hard/libc.a
LOAD /home/cdr/.local/share/renesas/e2_studio/toolchains/gcc_arm/10_3_2021_10/gcc-arm-none-eabi-10.3-2021.10/bin/../lib/gcc/arm-none-eabi/10.3.1/../../../../arm-none-eabi/lib/thumb/v8-m.main+fp/hard/libm.a
LOAD /home/cdr/.local/share/renesas/e2_studio/toolchains/gcc_arm/10_3_2021_10/gcc-arm-none-eabi-10.3-2021.10/bin/../lib/gcc/arm-none-eabi/10.3.1/../../../../arm-none-eabi/lib/thumb/v8-m.main+fp/hard/libnosys.a
END GROUP

.text           0x0000000000000000     0xb7c4
                0x0000000000000000                __tz_FLASH_S = ABSOLUTE (FLASH_START)
                0x0000000000000000                __ROM_Start = .
 *(.fixed_vectors*)
 .fixed_vectors
                0x0000000000000000       0x40 ./ra/fsp/src/bsp/cmsis/Device/RENESAS/Source/startup.o
                0x0000000000000000                __Vectors
 *(.application_vectors*)
 .application_vectors
                0x0000000000000040      0x180 ./ra_gen/vector_data.o
                0x0000000000000040                g_vector_table
                0x00000000000001c0                __Vectors_End = .
                0x00000000000001c0                . = (OPTION_SETTING_LENGTH > 0x0)?.:(__ROM_Start + 0x400)
 *(.rom_registers*)
                0x00000000000001c0                . = (OPTION_SETTING_LENGTH > 0x0)?.:(__ROM_Start + 0x500)
                0x0000000000000200                . = ALIGN (0x80)
 *fill*         0x00000000000001c0       0x40 ff
 *(.mcuboot_sce9_key*)
 *(.text*)
 .text          0x0000000000000200       0x40 /home/cdr/.local/share/renesas/e2_studio/toolchains/gcc_arm/10_3_2021_10/gcc-arm-none-eabi-10.3-2021.10/bin/../lib/gcc/arm-none-eabi/10.3.1/thumb/v8-m.main+fp/hard/crtbegin.o
 .text.usb_cdc_rtos_callback
                0x0000000000000240       0xe4 ./src/serial/comms/usb/usb_comms.o
                0x0000000000000240                usb_cdc_rtos_callback
 .text.comms_open
                0x0000000000000324       0x44 ./src/serial/comms/usb/usb_comms.o
                0x0000000000000324                comms_open
 .text.comms_send_low
                0x0000000000000368       0x60 ./src/serial/comms/usb/usb_comms.o
                0x0000000000000368                comms_send_low
 .text.comms_send
                0x00000000000003c8       0x90 ./src/serial/comms/usb/usb_comms.o
                0x00000000000003c8                comms_send
 .text.setupUART
                0x0000000000000458       0x34 ./src/serial/serial.o
                0x0000000000000458                setupUART
 .text.setupUSB
                0x000000000000048c       0x24 ./src/serial/serial.o
                0x000000000000048c                setupUSB
 .text.write    0x00000000000004b0       0x70 ./src/serial/serial.o
                0x00000000000004b0                write
 .text._printf  0x0000000000000520       0x44 ./src/serial/serial.o
                0x0000000000000520                _printf
 .text.R_BSP_WarmStart
                0x0000000000000564       0x18 ./src/hal_entry.o
                0x0000000000000564                R_BSP_WarmStart
 .text.main_thread_entry
                0x000000000000057c       0x44 ./src/main_thread_entry.o
                0x000000000000057c                main_thread_entry
 .text.g_common_init
                0x00000000000005c0       0x5c ./ra_gen/common_data.o
                0x00000000000005c0                g_common_init
 .text.g_hal_init
                0x000000000000061c        0x4 ./ra_gen/hal_data.o
                0x000000000000061c                g_hal_init
 .text.rtos_startup_err_callback_internal
                0x0000000000000620        0x4 ./ra_gen/main.o
                0x0000000000000620                rtos_startup_err_callback_internal
                0x0000000000000620                rtos_startup_err_callback
 .text.rtos_startup_common_init
                0x0000000000000624       0x68 ./ra_gen/main.o
                0x0000000000000624                rtos_startup_common_init
 .text.startup.main
                0x000000000000068c       0x44 ./ra_gen/main.o
                0x000000000000068c                main
 .text.vApplicationGetIdleTaskMemory
                0x00000000000006d0       0x1c ./ra_gen/main.o
                0x00000000000006d0                vApplicationGetIdleTaskMemory
 .text.vApplicationGetTimerTaskMemory
                0x00000000000006ec       0x1c ./ra_gen/main.o
                0x00000000000006ec                vApplicationGetTimerTaskMemory
 .text.main_thread_func
                0x0000000000000708       0x18 ./ra_gen/main_thread.o
 .text.main_thread_create
                0x0000000000000720       0x58 ./ra_gen/main_thread.o
                0x0000000000000720                main_thread_create
 .text.prvTaskExitError
                0x0000000000000778        0x4 ./ra/fsp/src/rm_freertos_port/port.o
 .text.SVC_Handler
                0x000000000000077c       0x18 ./ra/fsp/src/rm_freertos_port/port.o
                0x000000000000077c                SVC_Handler
 .text.PendSV_Handler
                0x0000000000000794       0x44 ./ra/fsp/src/rm_freertos_port/port.o
                0x0000000000000794                PendSV_Handler
 .text.rm_freertos_port_restore_task_stackless
                0x00000000000007d8       0x24 ./ra/fsp/src/rm_freertos_port/port.o
                0x00000000000007d8                rm_freertos_port_restore_task_stackless
 .text.SysTick_Handler
                0x00000000000007fc       0x24 ./ra/fsp/src/rm_freertos_port/port.o
                0x00000000000007fc                SysTick_Handler
 .text.vPortSVCHandler_C
                0x0000000000000820       0x34 ./ra/fsp/src/rm_freertos_port/port.o
                0x0000000000000820                vPortSVCHandler_C
 .text.pxPortInitialiseStack
                0x0000000000000854       0x38 ./ra/fsp/src/rm_freertos_port/port.o
                0x0000000000000854                pxPortInitialiseStack
 .text.vPortEnterCritical
                0x000000000000088c       0x50 ./ra/fsp/src/rm_freertos_port/port.o
                0x000000000000088c                vPortEnterCritical
 .text.vPortExitCritical
                0x00000000000008dc       0x3c ./ra/fsp/src/rm_freertos_port/port.o
                0x00000000000008dc                vPortExitCritical
 .text.rm_freertos_port_sleep_preserving_lpm
                0x0000000000000918       0x6c ./ra/fsp/src/rm_freertos_port/port.o
                0x0000000000000918                rm_freertos_port_sleep_preserving_lpm
 .text.vApplicationIdleHook
                0x0000000000000984       0x18 ./ra/fsp/src/rm_freertos_port/port.o
                0x0000000000000984                vApplicationIdleHook
 .text.vPortSetupTimerInterrupt
                0x000000000000099c       0x44 ./ra/fsp/src/rm_freertos_port/port.o
                0x000000000000099c                vPortSetupTimerInterrupt
 .text.xPortStartScheduler
                0x00000000000009e0       0x3c ./ra/fsp/src/rm_freertos_port/port.o
                0x00000000000009e0                xPortStartScheduler
 .text.vPortValidateInterruptPriority
                0x0000000000000a1c       0x1c ./ra/fsp/src/rm_freertos_port/port.o
                0x0000000000000a1c                vPortValidateInterruptPriority
 .text.usb_pcdc_read_complete
                0x0000000000000a38       0x78 ./ra/fsp/src/r_usb_pcdc/src/r_usb_pcdc_driver.o
                0x0000000000000a38                usb_pcdc_read_complete
 .text.usb_pcdc_write_complete
                0x0000000000000ab0       0x60 ./ra/fsp/src/r_usb_pcdc/src/r_usb_pcdc_driver.o
                0x0000000000000ab0                usb_pcdc_write_complete
 .text.usb_cstd_get_buf_size
                0x0000000000000b10       0x4c ./ra/fsp/src/r_usb_basic/src/hw/r_usb_creg_abs.o
                0x0000000000000b10                usb_cstd_get_buf_size
 .text.usb_cstd_pipe_init
                0x0000000000000b5c      0x178 ./ra/fsp/src/r_usb_basic/src/hw/r_usb_creg_abs.o
                0x0000000000000b5c                usb_cstd_pipe_init
 .text.usb_cstd_clr_pipe_cnfg
                0x0000000000000cd4       0xe4 ./ra/fsp/src/r_usb_basic/src/hw/r_usb_creg_abs.o
                0x0000000000000cd4                usb_cstd_clr_pipe_cnfg
 .text.usb_cstd_set_nak
                0x0000000000000db8       0x28 ./ra/fsp/src/r_usb_basic/src/hw/r_usb_creg_abs.o
                0x0000000000000db8                usb_cstd_set_nak
 .text.usb_cstd_is_set_frdy
                0x0000000000000de0       0x5c ./ra/fsp/src/r_usb_basic/src/hw/r_usb_creg_abs.o
                0x0000000000000de0                usb_cstd_is_set_frdy
 .text.usb_cstd_chg_curpipe
                0x0000000000000e3c       0x2c ./ra/fsp/src/r_usb_basic/src/hw/r_usb_creg_abs.o
                0x0000000000000e3c                usb_cstd_chg_curpipe
 .text.usb_cstd_set_transaction_counter
                0x0000000000000e68       0x28 ./ra/fsp/src/r_usb_basic/src/hw/r_usb_creg_abs.o
                0x0000000000000e68                usb_cstd_set_transaction_counter
 .text.usb_cstd_clr_transaction_counter
                0x0000000000000e90       0x18 ./ra/fsp/src/r_usb_basic/src/hw/r_usb_creg_abs.o
                0x0000000000000e90                usb_cstd_clr_transaction_counter
 .text.hw_usb_read_syscfg
                0x0000000000000ea8       0x34 ./ra/fsp/src/r_usb_basic/src/hw/r_usb_creg_access.o
                0x0000000000000ea8                hw_usb_read_syscfg
 .text.hw_usb_set_cnen
                0x0000000000000edc       0x18 ./ra/fsp/src/r_usb_basic/src/hw/r_usb_creg_access.o
                0x0000000000000edc                hw_usb_set_cnen
 .text.hw_usb_clear_cnen
                0x0000000000000ef4       0x30 ./ra/fsp/src/r_usb_basic/src/hw/r_usb_creg_access.o
                0x0000000000000ef4                hw_usb_clear_cnen
 .text.hw_usb_set_hse
                0x0000000000000f24       0x2c ./ra/fsp/src/r_usb_basic/src/hw/r_usb_creg_access.o
                0x0000000000000f24                hw_usb_set_hse
 .text.hw_usb_read_syssts
                0x0000000000000f50       0x34 ./ra/fsp/src/r_usb_basic/src/hw/r_usb_creg_access.o
                0x0000000000000f50                hw_usb_read_syssts
 .text.hw_usb_read_dvstctr
                0x0000000000000f84       0x34 ./ra/fsp/src/r_usb_basic/src/hw/r_usb_creg_access.o
                0x0000000000000f84                hw_usb_read_dvstctr
 .text.hw_usb_set_utst
                0x0000000000000fb8       0x24 ./ra/fsp/src/r_usb_basic/src/hw/r_usb_creg_access.o
                0x0000000000000fb8                hw_usb_set_utst
 .text.hw_usb_read_fifo32
                0x0000000000000fdc       0x2c ./ra/fsp/src/r_usb_basic/src/hw/r_usb_creg_access.o
                0x0000000000000fdc                hw_usb_read_fifo32
 .text.hw_usb_write_fifo32
                0x0000000000001008       0x28 ./ra/fsp/src/r_usb_basic/src/hw/r_usb_creg_access.o
                0x0000000000001008                hw_usb_write_fifo32
 .text.hw_usb_read_fifo16
                0x0000000000001030       0x34 ./ra/fsp/src/r_usb_basic/src/hw/r_usb_creg_access.o
                0x0000000000001030                hw_usb_read_fifo16
 .text.hw_usb_write_fifo16
                0x0000000000001064       0x5c ./ra/fsp/src/r_usb_basic/src/hw/r_usb_creg_access.o
                0x0000000000001064                hw_usb_write_fifo16
 .text.hw_usb_write_fifo8
                0x00000000000010c0       0x5c ./ra/fsp/src/r_usb_basic/src/hw/r_usb_creg_access.o
                0x00000000000010c0                hw_usb_write_fifo8
 .text.hw_usb_read_fifosel
                0x000000000000111c       0x6c ./ra/fsp/src/r_usb_basic/src/hw/r_usb_creg_access.o
                0x000000000000111c                hw_usb_read_fifosel
 .text.hw_usb_rmw_fifosel
                0x0000000000001188       0x84 ./ra/fsp/src/r_usb_basic/src/hw/r_usb_creg_access.o
                0x0000000000001188                hw_usb_rmw_fifosel
 .text.hw_usb_set_mbw
                0x000000000000120c       0x8c ./ra/fsp/src/r_usb_basic/src/hw/r_usb_creg_access.o
                0x000000000000120c                hw_usb_set_mbw
 .text.hw_usb_read_fifoctr
                0x0000000000001298       0x74 ./ra/fsp/src/r_usb_basic/src/hw/r_usb_creg_access.o
                0x0000000000001298                hw_usb_read_fifoctr
 .text.hw_usb_set_bval
                0x000000000000130c       0x70 ./ra/fsp/src/r_usb_basic/src/hw/r_usb_creg_access.o
                0x000000000000130c                hw_usb_set_bval
 .text.hw_usb_set_bclr
                0x000000000000137c       0x78 ./ra/fsp/src/r_usb_basic/src/hw/r_usb_creg_access.o
                0x000000000000137c                hw_usb_set_bclr
 .text.hw_usb_set_brdyenb
                0x00000000000013f4       0x38 ./ra/fsp/src/r_usb_basic/src/hw/r_usb_creg_access.o
                0x00000000000013f4                hw_usb_set_brdyenb
 .text.hw_usb_clear_brdyenb
                0x000000000000142c       0x3c ./ra/fsp/src/r_usb_basic/src/hw/r_usb_creg_access.o
                0x000000000000142c                hw_usb_clear_brdyenb
 .text.hw_usb_set_nrdyenb
                0x0000000000001468       0x38 ./ra/fsp/src/r_usb_basic/src/hw/r_usb_creg_access.o
                0x0000000000001468                hw_usb_set_nrdyenb
 .text.hw_usb_clear_nrdyenb
                0x00000000000014a0       0x3c ./ra/fsp/src/r_usb_basic/src/hw/r_usb_creg_access.o
                0x00000000000014a0                hw_usb_clear_nrdyenb
 .text.hw_usb_set_bempenb
                0x00000000000014dc       0x60 ./ra/fsp/src/r_usb_basic/src/hw/r_usb_creg_access.o
                0x00000000000014dc                hw_usb_set_bempenb
 .text.hw_usb_clear_bempenb
                0x000000000000153c       0x3c ./ra/fsp/src/r_usb_basic/src/hw/r_usb_creg_access.o
                0x000000000000153c                hw_usb_clear_bempenb
 .text.hw_usb_read_intsts
                0x0000000000001578       0x20 ./ra/fsp/src/r_usb_basic/src/hw/r_usb_creg_access.o
                0x0000000000001578                hw_usb_read_intsts
 .text.hw_usb_clear_sts_brdy
                0x0000000000001598       0x48 ./ra/fsp/src/r_usb_basic/src/hw/r_usb_creg_access.o
                0x0000000000001598                hw_usb_clear_sts_brdy
 .text.hw_usb_clear_status_nrdy
                0x00000000000015e0       0x48 ./ra/fsp/src/r_usb_basic/src/hw/r_usb_creg_access.o
                0x00000000000015e0                hw_usb_clear_status_nrdy
 .text.hw_usb_clear_status_bemp
                0x0000000000001628       0x48 ./ra/fsp/src/r_usb_basic/src/hw/r_usb_creg_access.o
                0x0000000000001628                hw_usb_clear_status_bemp
 .text.hw_usb_read_frmnum
                0x0000000000001670       0x38 ./ra/fsp/src/r_usb_basic/src/hw/r_usb_creg_access.o
                0x0000000000001670                hw_usb_read_frmnum
 .text.hw_usb_read_usbreq
                0x00000000000016a8       0x20 ./ra/fsp/src/r_usb_basic/src/hw/r_usb_creg_access.o
                0x00000000000016a8                hw_usb_read_usbreq
 .text.hw_usb_read_usbval
                0x00000000000016c8       0x20 ./ra/fsp/src/r_usb_basic/src/hw/r_usb_creg_access.o
                0x00000000000016c8                hw_usb_read_usbval
 .text.hw_usb_read_usbindx
                0x00000000000016e8       0x20 ./ra/fsp/src/r_usb_basic/src/hw/r_usb_creg_access.o
                0x00000000000016e8                hw_usb_read_usbindx
 .text.hw_usb_read_usbleng
                0x0000000000001708       0x20 ./ra/fsp/src/r_usb_basic/src/hw/r_usb_creg_access.o
                0x0000000000001708                hw_usb_read_usbleng
 .text.hw_usb_read_dcpcfg
                0x0000000000001728       0x38 ./ra/fsp/src/r_usb_basic/src/hw/r_usb_creg_access.o
                0x0000000000001728                hw_usb_read_dcpcfg
 .text.hw_usb_write_dcpcfg
                0x0000000000001760       0x30 ./ra/fsp/src/r_usb_basic/src/hw/r_usb_creg_access.o
                0x0000000000001760                hw_usb_write_dcpcfg
 .text.hw_usb_read_dcpmaxp
                0x0000000000001790       0x38 ./ra/fsp/src/r_usb_basic/src/hw/r_usb_creg_access.o
                0x0000000000001790                hw_usb_read_dcpmaxp
 .text.hw_usb_write_dcpmxps
                0x00000000000017c8       0x30 ./ra/fsp/src/r_usb_basic/src/hw/r_usb_creg_access.o
                0x00000000000017c8                hw_usb_write_dcpmxps
 .text.hw_usb_read_dcpctr
                0x00000000000017f8       0x20 ./ra/fsp/src/r_usb_basic/src/hw/r_usb_creg_access.o
                0x00000000000017f8                hw_usb_read_dcpctr
 .text.hw_usb_write_pipesel
                0x0000000000001818       0x30 ./ra/fsp/src/r_usb_basic/src/hw/r_usb_creg_access.o
                0x0000000000001818                hw_usb_write_pipesel
 .text.hw_usb_read_pipecfg
                0x0000000000001848       0x38 ./ra/fsp/src/r_usb_basic/src/hw/r_usb_creg_access.o
                0x0000000000001848                hw_usb_read_pipecfg
 .text.hw_usb_write_pipecfg
                0x0000000000001880       0x30 ./ra/fsp/src/r_usb_basic/src/hw/r_usb_creg_access.o
                0x0000000000001880                hw_usb_write_pipecfg
 .text.hw_usb_write_pipebuf
                0x00000000000018b0       0x24 ./ra/fsp/src/r_usb_basic/src/hw/r_usb_creg_access.o
                0x00000000000018b0                hw_usb_write_pipebuf
 .text.hw_usb_read_pipebuf
                0x00000000000018d4       0x2c ./ra/fsp/src/r_usb_basic/src/hw/r_usb_creg_access.o
                0x00000000000018d4                hw_usb_read_pipebuf
 .text.hw_usb_read_pipemaxp
                0x0000000000001900       0x38 ./ra/fsp/src/r_usb_basic/src/hw/r_usb_creg_access.o
                0x0000000000001900                hw_usb_read_pipemaxp
 .text.hw_usb_write_pipemaxp
                0x0000000000001938       0x30 ./ra/fsp/src/r_usb_basic/src/hw/r_usb_creg_access.o
                0x0000000000001938                hw_usb_write_pipemaxp
 .text.hw_usb_write_pipeperi
                0x0000000000001968       0x30 ./ra/fsp/src/r_usb_basic/src/hw/r_usb_creg_access.o
                0x0000000000001968                hw_usb_write_pipeperi
 .text.hw_usb_read_pipectr
                0x0000000000001998       0x68 ./ra/fsp/src/r_usb_basic/src/hw/r_usb_creg_access.o
                0x0000000000001998                hw_usb_read_pipectr
 .text.hw_usb_set_csclr
                0x0000000000001a00       0x3c ./ra/fsp/src/r_usb_basic/src/hw/r_usb_creg_access.o
                0x0000000000001a00                hw_usb_set_csclr
 .text.hw_usb_set_aclrm
                0x0000000000001a3c       0x44 ./ra/fsp/src/r_usb_basic/src/hw/r_usb_creg_access.o
                0x0000000000001a3c                hw_usb_set_aclrm
 .text.hw_usb_clear_aclrm
                0x0000000000001a80       0x3c ./ra/fsp/src/r_usb_basic/src/hw/r_usb_creg_access.o
                0x0000000000001a80                hw_usb_clear_aclrm
 .text.hw_usb_set_sqclr
                0x0000000000001abc       0x74 ./ra/fsp/src/r_usb_basic/src/hw/r_usb_creg_access.o
                0x0000000000001abc                hw_usb_set_sqclr
 .text.hw_usb_set_pid
                0x0000000000001b30       0x58 ./ra/fsp/src/r_usb_basic/src/hw/r_usb_creg_access.o
                0x0000000000001b30                hw_usb_set_pid
 .text.hw_usb_clear_pid
                0x0000000000001b88       0x50 ./ra/fsp/src/r_usb_basic/src/hw/r_usb_creg_access.o
                0x0000000000001b88                hw_usb_clear_pid
 .text.hw_usb_set_trenb
                0x0000000000001bd8       0x3c ./ra/fsp/src/r_usb_basic/src/hw/r_usb_creg_access.o
                0x0000000000001bd8                hw_usb_set_trenb
 .text.hw_usb_clear_trenb
                0x0000000000001c14       0x3c ./ra/fsp/src/r_usb_basic/src/hw/r_usb_creg_access.o
                0x0000000000001c14                hw_usb_clear_trenb
 .text.hw_usb_set_trclr
                0x0000000000001c50       0x3c ./ra/fsp/src/r_usb_basic/src/hw/r_usb_creg_access.o
                0x0000000000001c50                hw_usb_set_trclr
 .text.hw_usb_write_pipetrn
                0x0000000000001c8c       0x34 ./ra/fsp/src/r_usb_basic/src/hw/r_usb_creg_access.o
                0x0000000000001c8c                hw_usb_write_pipetrn
 .text.hw_usb_set_suspendm
                0x0000000000001cc0       0x1c ./ra/fsp/src/r_usb_basic/src/hw/r_usb_creg_access.o
                0x0000000000001cc0                hw_usb_set_suspendm
 .text.hw_usb_clear_suspm
                0x0000000000001cdc       0x1c ./ra/fsp/src/r_usb_basic/src/hw/r_usb_creg_access.o
                0x0000000000001cdc                hw_usb_clear_suspm
 .text.usb_module_start
                0x0000000000001cf8       0x50 ./ra/fsp/src/r_usb_basic/src/hw/r_usb_mcu.o
                0x0000000000001cf8                usb_module_start
 .text.usb_module_register_clear
                0x0000000000001d48      0x100 ./ra/fsp/src/r_usb_basic/src/hw/r_usb_mcu.o
                0x0000000000001d48                usb_module_register_clear
 .text.usb_module_stop
                0x0000000000001e48       0x7c ./ra/fsp/src/r_usb_basic/src/hw/r_usb_mcu.o
                0x0000000000001e48                usb_module_stop
 .text.usb_cpu_usbint_init
                0x0000000000001ec4       0xf8 ./ra/fsp/src/r_usb_basic/src/hw/r_usb_mcu.o
                0x0000000000001ec4                usb_cpu_usbint_init
 .text.usb_cpu_delay_1us
                0x0000000000001fbc        0x8 ./ra/fsp/src/r_usb_basic/src/hw/r_usb_mcu.o
                0x0000000000001fbc                usb_cpu_delay_1us
 .text.usb_cpu_delay_xms
                0x0000000000001fc4        0x4 ./ra/fsp/src/r_usb_basic/src/hw/r_usb_mcu.o
                0x0000000000001fc4                usb_cpu_delay_xms
 .text.usbfs_interrupt_handler
                0x0000000000001fc8       0x30 ./ra/fsp/src/r_usb_basic/src/hw/r_usb_mcu.o
                0x0000000000001fc8                usbfs_interrupt_handler
 .text.usbfs_resume_handler
                0x0000000000001ff8       0x34 ./ra/fsp/src/r_usb_basic/src/hw/r_usb_mcu.o
                0x0000000000001ff8                usbfs_resume_handler
 .text.usbfs_d0fifo_handler
                0x000000000000202c       0x20 ./ra/fsp/src/r_usb_basic/src/hw/r_usb_mcu.o
                0x000000000000202c                usbfs_d0fifo_handler
 .text.usbfs_d1fifo_handler
                0x000000000000204c       0x20 ./ra/fsp/src/r_usb_basic/src/hw/r_usb_mcu.o
                0x000000000000204c                usbfs_d1fifo_handler
 .text.usbhs_interrupt_handler
                0x000000000000206c       0x30 ./ra/fsp/src/r_usb_basic/src/hw/r_usb_mcu.o
                0x000000000000206c                usbhs_interrupt_handler
 .text.usb_pstd_interrupt_handler
                0x000000000000209c      0x1f4 ./ra/fsp/src/r_usb_basic/src/hw/r_usb_preg_abs.o
                0x000000000000209c                usb_pstd_interrupt_handler
 .text.usb_pstd_save_request
                0x0000000000002290       0x48 ./ra/fsp/src/r_usb_basic/src/hw/r_usb_preg_abs.o
                0x0000000000002290                usb_pstd_save_request
 .text.usb_pstd_chk_configured
                0x00000000000022d8       0x1c ./ra/fsp/src/r_usb_basic/src/hw/r_usb_preg_abs.o
                0x00000000000022d8                usb_pstd_chk_configured
 .text.usb_pstd_remote_wakeup
                0x00000000000022f4       0x48 ./ra/fsp/src/r_usb_basic/src/hw/r_usb_preg_abs.o
                0x00000000000022f4                usb_pstd_remote_wakeup
 .text.usb_pstd_test_mode
                0x000000000000233c       0x44 ./ra/fsp/src/r_usb_basic/src/hw/r_usb_preg_abs.o
                0x000000000000233c                usb_pstd_test_mode
 .text.usb_pstd_resume_process
                0x0000000000002380       0x18 ./ra/fsp/src/r_usb_basic/src/hw/r_usb_preg_abs.o
                0x0000000000002380                usb_pstd_resume_process
 .text.usb_pstd_set_stall
                0x0000000000002398        0xc ./ra/fsp/src/r_usb_basic/src/hw/r_usb_preg_abs.o
                0x0000000000002398                usb_pstd_set_stall
 .text.usb_pstd_set_stall_pipe0
                0x00000000000023a4        0x8 ./ra/fsp/src/r_usb_basic/src/hw/r_usb_preg_abs.o
                0x00000000000023a4                usb_pstd_set_stall_pipe0
 .text.usb_pstd_write_fifo
                0x00000000000023ac       0xc8 ./ra/fsp/src/r_usb_basic/src/hw/r_usb_preg_abs.o
                0x00000000000023ac                usb_pstd_write_fifo
 .text.usb_pstd_read_fifo
                0x0000000000002474       0x94 ./ra/fsp/src/r_usb_basic/src/hw/r_usb_preg_abs.o
                0x0000000000002474                usb_pstd_read_fifo
 .text.usb_pstd_forced_termination
                0x0000000000002508       0xb4 ./ra/fsp/src/r_usb_basic/src/hw/r_usb_preg_abs.o
                0x0000000000002508                usb_pstd_forced_termination
 .text.usb_pstd_interrupt_clock
                0x00000000000025bc       0x20 ./ra/fsp/src/r_usb_basic/src/hw/r_usb_preg_abs.o
                0x00000000000025bc                usb_pstd_interrupt_clock
 .text.usb_pstd_self_clock
                0x00000000000025dc       0x20 ./ra/fsp/src/r_usb_basic/src/hw/r_usb_preg_abs.o
                0x00000000000025dc                usb_pstd_self_clock
 .text.usb_pstd_stop_clock
                0x00000000000025fc       0x10 ./ra/fsp/src/r_usb_basic/src/hw/r_usb_preg_abs.o
                0x00000000000025fc                usb_pstd_stop_clock
 .text.hw_usb_pset_dprpu
                0x000000000000260c       0x28 ./ra/fsp/src/r_usb_basic/src/hw/r_usb_preg_access.o
                0x000000000000260c                hw_usb_pset_dprpu
 .text.hw_usb_pclear_dprpu
                0x0000000000002634       0x20 ./ra/fsp/src/r_usb_basic/src/hw/r_usb_preg_access.o
                0x0000000000002634                hw_usb_pclear_dprpu
 .text.hw_usb_pset_wkup
                0x0000000000002654       0x28 ./ra/fsp/src/r_usb_basic/src/hw/r_usb_preg_access.o
                0x0000000000002654                hw_usb_pset_wkup
 .text.hw_usb_pset_enb_rsme
                0x000000000000267c       0x28 ./ra/fsp/src/r_usb_basic/src/hw/r_usb_preg_access.o
                0x000000000000267c                hw_usb_pset_enb_rsme
 .text.hw_usb_pclear_enb_rsme
                0x00000000000026a4       0x20 ./ra/fsp/src/r_usb_basic/src/hw/r_usb_preg_access.o
                0x00000000000026a4                hw_usb_pclear_enb_rsme
 .text.hw_usb_pclear_sts_resm
                0x00000000000026c4       0x20 ./ra/fsp/src/r_usb_basic/src/hw/r_usb_preg_access.o
                0x00000000000026c4                hw_usb_pclear_sts_resm
 .text.hw_usb_pclear_sts_valid
                0x00000000000026e4       0x20 ./ra/fsp/src/r_usb_basic/src/hw/r_usb_preg_access.o
                0x00000000000026e4                hw_usb_pclear_sts_valid
 .text.hw_usb_pset_ccpl
                0x0000000000002704       0x30 ./ra/fsp/src/r_usb_basic/src/hw/r_usb_preg_access.o
                0x0000000000002704                hw_usb_pset_ccpl
 .text.hw_usb_pmodule_init
                0x0000000000002734       0xc4 ./ra/fsp/src/r_usb_basic/src/hw/r_usb_preg_access.o
                0x0000000000002734                hw_usb_pmodule_init
 .text.hw_usb_pcontrol_dprpu
                0x00000000000027f8       0x30 ./ra/fsp/src/r_usb_basic/src/hw/r_usb_preg_access.o
                0x00000000000027f8                hw_usb_pcontrol_dprpu
 .text.hw_usb_pcontrol_dcpctr_pid
                0x0000000000002828       0x3c ./ra/fsp/src/r_usb_basic/src/hw/r_usb_preg_access.o
                0x0000000000002828                hw_usb_pcontrol_dcpctr_pid
 .text.usb_ctrl_read
                0x0000000000002864       0x50 ./ra/fsp/src/r_usb_basic/src/driver/r_usb_cdataio.o
                0x0000000000002864                usb_ctrl_read
 .text.usb_ctrl_write
                0x00000000000028b4       0x98 ./ra/fsp/src/r_usb_basic/src/driver/r_usb_cdataio.o
                0x00000000000028b4                usb_ctrl_write
 .text.usb_data_read
                0x000000000000294c       0x44 ./ra/fsp/src/r_usb_basic/src/driver/r_usb_cdataio.o
                0x000000000000294c                usb_data_read
 .text.usb_data_write
                0x0000000000002990       0x6c ./ra/fsp/src/r_usb_basic/src/driver/r_usb_cdataio.o
                0x0000000000002990                usb_data_write
 .text.usb_data_stop
                0x00000000000029fc       0x30 ./ra/fsp/src/r_usb_basic/src/driver/r_usb_cdataio.o
                0x00000000000029fc                usb_data_stop
 .text.usb_cstd_nrdy_enable
                0x0000000000002a2c        0xc ./ra/fsp/src/r_usb_basic/src/driver/r_usb_clibusbip.o
                0x0000000000002a2c                usb_cstd_nrdy_enable
 .text.usb_cstd_get_pid
                0x0000000000002a38       0x14 ./ra/fsp/src/r_usb_basic/src/driver/r_usb_clibusbip.o
                0x0000000000002a38                usb_cstd_get_pid
 .text.usb_cstd_get_maxpacket_size
                0x0000000000002a4c       0x28 ./ra/fsp/src/r_usb_basic/src/driver/r_usb_clibusbip.o
                0x0000000000002a4c                usb_cstd_get_maxpacket_size
 .text.usb_cstd_get_pipe_dir
                0x0000000000002a74       0x1c ./ra/fsp/src/r_usb_basic/src/driver/r_usb_clibusbip.o
                0x0000000000002a74                usb_cstd_get_pipe_dir
 .text.usb_cstd_get_pipe_type
                0x0000000000002a90       0x1c ./ra/fsp/src/r_usb_basic/src/driver/r_usb_clibusbip.o
                0x0000000000002a90                usb_cstd_get_pipe_type
 .text.usb_cstd_do_aclrm
                0x0000000000002aac       0x1c ./ra/fsp/src/r_usb_basic/src/driver/r_usb_clibusbip.o
                0x0000000000002aac                usb_cstd_do_aclrm
 .text.usb_cstd_set_buf
                0x0000000000002ac8        0xc ./ra/fsp/src/r_usb_basic/src/driver/r_usb_clibusbip.o
                0x0000000000002ac8                usb_cstd_set_buf
 .text.usb_cstd_clr_stall
                0x0000000000002ad4       0x20 ./ra/fsp/src/r_usb_basic/src/driver/r_usb_clibusbip.o
                0x0000000000002ad4                usb_cstd_clr_stall
 .text.usb_cstd_port_speed
                0x0000000000002af4       0x20 ./ra/fsp/src/r_usb_basic/src/driver/r_usb_clibusbip.o
                0x0000000000002af4                usb_cstd_port_speed
 .text.usb_set_event
                0x0000000000002b14       0xf8 ./ra/fsp/src/r_usb_basic/src/driver/r_usb_clibusbip.o
                0x0000000000002b14                usb_set_event
 .text.usb_cstd_remote_wakeup
                0x0000000000002c0c       0x30 ./ra/fsp/src/r_usb_basic/src/driver/r_usb_clibusbip.o
                0x0000000000002c0c                usb_cstd_remote_wakeup
 .text.usb_rtos_configuration
                0x0000000000002c3c       0xbc ./ra/fsp/src/r_usb_basic/src/driver/r_usb_cstd_rtos.o
                0x0000000000002c3c                usb_rtos_configuration
 .text.usb_rtos_delete
                0x0000000000002cf8       0x90 ./ra/fsp/src/r_usb_basic/src/driver/r_usb_cstd_rtos.o
                0x0000000000002cf8                usb_rtos_delete
 .text.usb_cstd_rec_msg
                0x0000000000002d88       0x3c ./ra/fsp/src/r_usb_basic/src/driver/r_usb_cstd_rtos.o
                0x0000000000002d88                usb_cstd_rec_msg
 .text.usb_cstd_snd_msg
                0x0000000000002dc4       0x34 ./ra/fsp/src/r_usb_basic/src/driver/r_usb_cstd_rtos.o
                0x0000000000002dc4                usb_cstd_snd_msg
 .text.usb_cstd_isnd_msg
                0x0000000000002df8       0x4c ./ra/fsp/src/r_usb_basic/src/driver/r_usb_cstd_rtos.o
                0x0000000000002df8                usb_cstd_isnd_msg
 .text.usb_cstd_pipe_msg_clear
                0x0000000000002e44       0x40 ./ra/fsp/src/r_usb_basic/src/driver/r_usb_cstd_rtos.o
                0x0000000000002e44                usb_cstd_pipe_msg_clear
 .text.usb_cstd_pipe0_msg_clear
                0x0000000000002e84       0x40 ./ra/fsp/src/r_usb_basic/src/driver/r_usb_cstd_rtos.o
                0x0000000000002e84                usb_cstd_pipe0_msg_clear
 .text.usb_cstd_pipe_msg_re_forward
                0x0000000000002ec4       0x64 ./ra/fsp/src/r_usb_basic/src/driver/r_usb_cstd_rtos.o
                0x0000000000002ec4                usb_cstd_pipe_msg_re_forward
 .text.usb_cstd_pipe_msg_forward
                0x0000000000002f28       0x34 ./ra/fsp/src/r_usb_basic/src/driver/r_usb_cstd_rtos.o
                0x0000000000002f28                usb_cstd_pipe_msg_forward
 .text.usb_pstd_ctrl_read
                0x0000000000002f5c       0x88 ./ra/fsp/src/r_usb_basic/src/driver/r_usb_pcontrolrw.o
                0x0000000000002f5c                usb_pstd_ctrl_read
 .text.usb_pstd_ctrl_write
                0x0000000000002fe4       0x50 ./ra/fsp/src/r_usb_basic/src/driver/r_usb_pcontrolrw.o
                0x0000000000002fe4                usb_pstd_ctrl_write
 .text.usb_pstd_ctrl_end
                0x0000000000003034       0x74 ./ra/fsp/src/r_usb_basic/src/driver/r_usb_pcontrolrw.o
                0x0000000000003034                usb_pstd_ctrl_end
 .text.usb_pstd_dummy_function
                0x00000000000030a8        0x4 ./ra/fsp/src/r_usb_basic/src/driver/r_usb_pdriver.o
                0x00000000000030a8                usb_pstd_dummy_function
 .text.usb_pstd_dummy_trn
                0x00000000000030ac        0x4 ./ra/fsp/src/r_usb_basic/src/driver/r_usb_pdriver.o
                0x00000000000030ac                usb_pstd_dummy_trn
 .text.usb_peri_configured
                0x00000000000030b0       0x2c ./ra/fsp/src/r_usb_basic/src/driver/r_usb_pdriver.o
                0x00000000000030b0                usb_peri_configured
 .text.usb_peri_suspended
                0x00000000000030dc       0x1c ./ra/fsp/src/r_usb_basic/src/driver/r_usb_pdriver.o
                0x00000000000030dc                usb_peri_suspended
 .text.usb_peri_resume
                0x00000000000030f8       0x20 ./ra/fsp/src/r_usb_basic/src/driver/r_usb_pdriver.o
                0x00000000000030f8                usb_peri_resume
 .text.usb_peri_interface
                0x0000000000003118        0x4 ./ra/fsp/src/r_usb_basic/src/driver/r_usb_pdriver.o
                0x0000000000003118                usb_peri_interface
 .text.usb_peri_detach
                0x000000000000311c       0x2c ./ra/fsp/src/r_usb_basic/src/driver/r_usb_pdriver.o
                0x000000000000311c                usb_peri_detach
 .text.usb_pstd_set_submitutr
                0x0000000000003148       0x58 ./ra/fsp/src/r_usb_basic/src/driver/r_usb_pdriver.o
                0x0000000000003148                usb_pstd_set_submitutr
 .text.usb_pstd_pcd_task
                0x00000000000031a0      0x228 ./ra/fsp/src/r_usb_basic/src/driver/r_usb_pdriver.o
                0x00000000000031a0                usb_pstd_pcd_task
 .text.usb_pstd_clr_mem
                0x00000000000033c8       0x28 ./ra/fsp/src/r_usb_basic/src/driver/r_usb_pdriver.o
                0x00000000000033c8                usb_pstd_clr_mem
 .text.usb_pstd_set_config_num
                0x00000000000033f0       0x1c ./ra/fsp/src/r_usb_basic/src/driver/r_usb_pdriver.o
                0x00000000000033f0                usb_pstd_set_config_num
 .text.usb_pstd_clr_eptbl_index
                0x000000000000340c       0x18 ./ra/fsp/src/r_usb_basic/src/driver/r_usb_pdriver.o
                0x000000000000340c                usb_pstd_clr_eptbl_index
 .text.usb_pstd_get_interface_num
                0x0000000000003424        0xc ./ra/fsp/src/r_usb_basic/src/driver/r_usb_pdriver.o
                0x0000000000003424                usb_pstd_get_interface_num
 .text.usb_pstd_get_alternate_num
                0x0000000000003430       0x54 ./ra/fsp/src/r_usb_basic/src/driver/r_usb_pdriver.o
                0x0000000000003430                usb_pstd_get_alternate_num
 .text.usb_pstd_set_eptbl_index
                0x0000000000003484       0xa0 ./ra/fsp/src/r_usb_basic/src/driver/r_usb_pdriver.o
                0x0000000000003484                usb_pstd_set_eptbl_index
 .text.usb_pstd_chk_remote
                0x0000000000003524       0x1c ./ra/fsp/src/r_usb_basic/src/driver/r_usb_pdriver.o
                0x0000000000003524                usb_pstd_chk_remote
 .text.usb_pstd_get_current_power
                0x0000000000003540       0x10 ./ra/fsp/src/r_usb_basic/src/driver/r_usb_pdriver.o
                0x0000000000003540                usb_pstd_get_current_power
 .text.usb_pstd_fifo_to_buf
                0x0000000000003550       0x70 ./ra/fsp/src/r_usb_basic/src/driver/r_usb_pdriver.o
                0x0000000000003550                usb_pstd_fifo_to_buf
 .text.usb_pstd_buf_to_fifo
                0x00000000000035c0       0x70 ./ra/fsp/src/r_usb_basic/src/driver/r_usb_pdriver.o
                0x00000000000035c0                usb_pstd_buf_to_fifo
 .text.usb_pstd_transfer_start
                0x0000000000003630       0x4c ./ra/fsp/src/r_usb_basic/src/driver/r_usb_pdriver.o
                0x0000000000003630                usb_pstd_transfer_start
 .text.usb_pstd_transfer_end
                0x000000000000367c       0x40 ./ra/fsp/src/r_usb_basic/src/driver/r_usb_pdriver.o
                0x000000000000367c                usb_pstd_transfer_end
 .text.usb_pstd_change_device_state
                0x00000000000036bc       0x8c ./ra/fsp/src/r_usb_basic/src/driver/r_usb_pdriver.o
                0x00000000000036bc                usb_pstd_change_device_state
 .text.usb_pstd_driver_release
                0x0000000000003748       0x30 ./ra/fsp/src/r_usb_basic/src/driver/r_usb_pdriver.o
                0x0000000000003748                usb_pstd_driver_release
 .text.usb_peri_registration
                0x0000000000003778       0x68 ./ra/fsp/src/r_usb_basic/src/driver/r_usb_pdriver.o
                0x0000000000003778                usb_peri_registration
 .text.usb_peri_pipe_info
                0x00000000000037e0       0x6c ./ra/fsp/src/r_usb_basic/src/driver/r_usb_pdriver.o
                0x00000000000037e0                usb_peri_pipe_info
 .text.usb_peri_devdefault
                0x000000000000384c       0xa8 ./ra/fsp/src/r_usb_basic/src/driver/r_usb_pdriver.o
                0x000000000000384c                usb_peri_devdefault
 .text.usb_pstd_brdy_pipe
                0x00000000000038f4       0x60 ./ra/fsp/src/r_usb_basic/src/driver/r_usb_pintfifo.o
                0x00000000000038f4                usb_pstd_brdy_pipe
 .text.usb_pstd_nrdy_pipe
                0x0000000000003954        0xc ./ra/fsp/src/r_usb_basic/src/driver/r_usb_pintfifo.o
                0x0000000000003954                usb_pstd_nrdy_pipe
 .text.usb_pstd_bemp_pipe
                0x0000000000003960       0x48 ./ra/fsp/src/r_usb_basic/src/driver/r_usb_pintfifo.o
                0x0000000000003960                usb_pstd_bemp_pipe
 .text.usb_pstd_usb_handler
                0x00000000000039a8       0x68 ./ra/fsp/src/r_usb_basic/src/driver/r_usb_pinthandler_usbip0.o
                0x00000000000039a8                usb_pstd_usb_handler
 .text.usb_pstd_data_end.part.0
                0x0000000000003a10       0x84 ./ra/fsp/src/r_usb_basic/src/driver/r_usb_plibusbip.o
 .text.usb_pstd_epadr2pipe
                0x0000000000003a94       0x50 ./ra/fsp/src/r_usb_basic/src/driver/r_usb_plibusbip.o
                0x0000000000003a94                usb_pstd_epadr2pipe
 .text.usb_pstd_pipe2fport
                0x0000000000003ae4        0x4 ./ra/fsp/src/r_usb_basic/src/driver/r_usb_plibusbip.o
                0x0000000000003ae4                usb_pstd_pipe2fport
 .text.usb_pstd_hi_speed_enable
                0x0000000000003ae8        0xc ./ra/fsp/src/r_usb_basic/src/driver/r_usb_plibusbip.o
                0x0000000000003ae8                usb_pstd_hi_speed_enable
 .text.usb_pstd_send_start
                0x0000000000003af4       0x5c ./ra/fsp/src/r_usb_basic/src/driver/r_usb_plibusbip.o
                0x0000000000003af4                usb_pstd_send_start
 .text.usb_pstd_write_data
                0x0000000000003b50      0x118 ./ra/fsp/src/r_usb_basic/src/driver/r_usb_plibusbip.o
                0x0000000000003b50                usb_pstd_write_data
 .text.usb_pstd_receive_start
                0x0000000000003c68       0x80 ./ra/fsp/src/r_usb_basic/src/driver/r_usb_plibusbip.o
                0x0000000000003c68                usb_pstd_receive_start
 .text.usb_pstd_read_data
                0x0000000000003ce8       0xf0 ./ra/fsp/src/r_usb_basic/src/driver/r_usb_plibusbip.o
                0x0000000000003ce8                usb_pstd_read_data
 .text.usb_pstd_data_end
                0x0000000000003dd8        0xc ./ra/fsp/src/r_usb_basic/src/driver/r_usb_plibusbip.o
                0x0000000000003dd8                usb_pstd_data_end
 .text.usb_pstd_brdy_pipe_process
                0x0000000000003de4       0x64 ./ra/fsp/src/r_usb_basic/src/driver/r_usb_plibusbip.o
                0x0000000000003de4                usb_pstd_brdy_pipe_process
 .text.usb_pstd_nrdy_pipe_process
                0x0000000000003e48       0x58 ./ra/fsp/src/r_usb_basic/src/driver/r_usb_plibusbip.o
                0x0000000000003e48                usb_pstd_nrdy_pipe_process
 .text.usb_pstd_bemp_pipe_process
                0x0000000000003ea0       0xe0 ./ra/fsp/src/r_usb_basic/src/driver/r_usb_plibusbip.o
                0x0000000000003ea0                usb_pstd_bemp_pipe_process
 .text.usb_pstd_set_pipe_table
                0x0000000000003f80      0x10c ./ra/fsp/src/r_usb_basic/src/driver/r_usb_plibusbip.o
                0x0000000000003f80                usb_pstd_set_pipe_table
 .text.usb_pstd_clr_pipe_table
                0x000000000000408c       0x4c ./ra/fsp/src/r_usb_basic/src/driver/r_usb_plibusbip.o
                0x000000000000408c                usb_pstd_clr_pipe_table
 .text.usb_pstd_set_pipe_reg
                0x00000000000040d8       0xa0 ./ra/fsp/src/r_usb_basic/src/driver/r_usb_plibusbip.o
                0x00000000000040d8                usb_pstd_set_pipe_reg
 .text.usb_pstd_clr_pipe_reg
                0x0000000000004178       0x3c ./ra/fsp/src/r_usb_basic/src/driver/r_usb_plibusbip.o
                0x0000000000004178                usb_pstd_clr_pipe_reg
 .text.usb_pstd_bus_reset
                0x00000000000041b4       0x3c ./ra/fsp/src/r_usb_basic/src/driver/r_usb_psignal.o
                0x00000000000041b4                usb_pstd_bus_reset
 .text.usb_pstd_attach_process
                0x00000000000041f0       0x18 ./ra/fsp/src/r_usb_basic/src/driver/r_usb_psignal.o
                0x00000000000041f0                usb_pstd_attach_process
 .text.usb_pstd_detach_process
                0x0000000000004208       0x88 ./ra/fsp/src/r_usb_basic/src/driver/r_usb_psignal.o
                0x0000000000004208                usb_pstd_detach_process
 .text.usb_pstd_suspend_process
                0x0000000000004290       0x68 ./ra/fsp/src/r_usb_basic/src/driver/r_usb_psignal.o
                0x0000000000004290                usb_pstd_suspend_process
 .text.usb_pstd_set_feature_function
                0x00000000000042f8        0x4 ./ra/fsp/src/r_usb_basic/src/driver/r_usb_pstdfunction.o
                0x00000000000042f8                usb_pstd_set_feature_function
 .text.usb_pstd_chk_vbsts
                0x00000000000042fc       0x40 ./ra/fsp/src/r_usb_basic/src/driver/r_usb_pstdfunction.o
                0x00000000000042fc                usb_pstd_chk_vbsts
 .text.usb_pstd_busreset_function
                0x000000000000433c        0x4 ./ra/fsp/src/r_usb_basic/src/driver/r_usb_pstdfunction.o
                0x000000000000433c                usb_pstd_busreset_function
 .text.usb_pstd_suspend_function
                0x0000000000004340        0x4 ./ra/fsp/src/r_usb_basic/src/driver/r_usb_pstdfunction.o
                0x0000000000004340                usb_pstd_suspend_function
 .text.usb_pdriver_init
                0x0000000000004344       0xf4 ./ra/fsp/src/r_usb_basic/src/driver/r_usb_pstdfunction.o
                0x0000000000004344                usb_pdriver_init
 .text.usb_pstd_stand_req0
                0x0000000000004438       0x80 ./ra/fsp/src/r_usb_basic/src/driver/r_usb_pstdrequest.o
                0x0000000000004438                usb_pstd_stand_req0
 .text.usb_pstd_stand_req1
                0x00000000000044b8      0x29c ./ra/fsp/src/r_usb_basic/src/driver/r_usb_pstdrequest.o
                0x00000000000044b8                usb_pstd_stand_req1
 .text.usb_pstd_stand_req2
                0x0000000000004754        0x4 ./ra/fsp/src/r_usb_basic/src/driver/r_usb_pstdrequest.o
                0x0000000000004754                usb_pstd_stand_req2
 .text.usb_pstd_stand_req3
                0x0000000000004758      0x33c ./ra/fsp/src/r_usb_basic/src/driver/r_usb_pstdrequest.o
                0x0000000000004758                usb_pstd_stand_req3
 .text.usb_pstd_stand_req4
                0x0000000000004a94       0xbc ./ra/fsp/src/r_usb_basic/src/driver/r_usb_pstdrequest.o
                0x0000000000004a94                usb_pstd_stand_req4
 .text.usb_pstd_stand_req5
                0x0000000000004b50       0xa0 ./ra/fsp/src/r_usb_basic/src/driver/r_usb_pstdrequest.o
                0x0000000000004b50                usb_pstd_stand_req5
 .text.usb_peri_class_request_rss
                0x0000000000004bf0       0x54 ./ra/fsp/src/r_usb_basic/src/driver/r_usb_pstdrequest.o
                0x0000000000004bf0                usb_peri_class_request_rss
 .text.usb_peri_class_request_wss
                0x0000000000004c44       0x60 ./ra/fsp/src/r_usb_basic/src/driver/r_usb_pstdrequest.o
                0x0000000000004c44                usb_peri_class_request_wss
 .text.usb_peri_class_request
                0x0000000000004ca4       0xf0 ./ra/fsp/src/r_usb_basic/src/driver/r_usb_pstdrequest.o
                0x0000000000004ca4                usb_peri_class_request
 .text.R_USB_EventGet
                0x0000000000004d94        0x8 ./ra/fsp/src/r_usb_basic/r_usb_basic.o
                0x0000000000004d94                R_USB_EventGet
 .text.R_USB_Callback
                0x0000000000004d9c       0x10 ./ra/fsp/src/r_usb_basic/r_usb_basic.o
                0x0000000000004d9c                R_USB_Callback
 .text.R_USB_Suspend
                0x0000000000004dac        0x8 ./ra/fsp/src/r_usb_basic/r_usb_basic.o
                0x0000000000004dac                R_USB_Suspend
 .text.R_USB_VbusSet
                0x0000000000004db4        0x8 ./ra/fsp/src/r_usb_basic/r_usb_basic.o
                0x0000000000004db4                R_USB_VbusSet
 .text.R_USB_PipeRead
                0x0000000000004dbc        0x8 ./ra/fsp/src/r_usb_basic/r_usb_basic.o
                0x0000000000004dbc                R_USB_PipeRead
 .text.R_USB_PipeStop
                0x0000000000004dc4        0x8 ./ra/fsp/src/r_usb_basic/r_usb_basic.o
                0x0000000000004dc4                R_USB_PipeStop
 .text.R_USB_ModuleNumberGet
                0x0000000000004dcc        0xc ./ra/fsp/src/r_usb_basic/r_usb_basic.o
                0x0000000000004dcc                R_USB_ModuleNumberGet
 .text.R_USB_ClassTypeGet
                0x0000000000004dd8        0xc ./ra/fsp/src/r_usb_basic/r_usb_basic.o
                0x0000000000004dd8                R_USB_ClassTypeGet
 .text.R_USB_DeviceAddressGet
                0x0000000000004de4        0xc ./ra/fsp/src/r_usb_basic/r_usb_basic.o
                0x0000000000004de4                R_USB_DeviceAddressGet
 .text.R_USB_PipeNumberGet
                0x0000000000004df0        0xc ./ra/fsp/src/r_usb_basic/r_usb_basic.o
                0x0000000000004df0                R_USB_PipeNumberGet
 .text.R_USB_DataSizeGet
                0x0000000000004dfc        0xc ./ra/fsp/src/r_usb_basic/r_usb_basic.o
                0x0000000000004dfc                R_USB_DataSizeGet
 .text.R_USB_SetupGet
                0x0000000000004e08       0x10 ./ra/fsp/src/r_usb_basic/r_usb_basic.o
                0x0000000000004e08                R_USB_SetupGet
 .text.R_USB_OtgCallbackSet
                0x0000000000004e18       0x14 ./ra/fsp/src/r_usb_basic/r_usb_basic.o
                0x0000000000004e18                R_USB_OtgCallbackSet
 .text.R_USB_OtgSRP
                0x0000000000004e2c       0x10 ./ra/fsp/src/r_usb_basic/r_usb_basic.o
                0x0000000000004e2c                R_USB_OtgSRP
 .text.R_USB_Open
                0x0000000000004e3c      0x128 ./ra/fsp/src/r_usb_basic/r_usb_basic.o
                0x0000000000004e3c                R_USB_Open
 .text.R_USB_InfoGet
                0x0000000000004f64       0xc4 ./ra/fsp/src/r_usb_basic/r_usb_basic.o
                0x0000000000004f64                R_USB_InfoGet
 .text.R_USB_DeviceStateGet
                0x0000000000005028       0x70 ./ra/fsp/src/r_usb_basic/r_usb_basic.o
                0x0000000000005028                R_USB_DeviceStateGet
 .text.R_USB_PipeInfoGet
                0x0000000000005098       0xa8 ./ra/fsp/src/r_usb_basic/r_usb_basic.o
                0x0000000000005098                R_USB_PipeInfoGet
 .text.R_USB_PullUp
                0x0000000000005140       0x24 ./ra/fsp/src/r_usb_basic/r_usb_basic.o
                0x0000000000005140                R_USB_PullUp
 .text.R_USB_RemoteWakeup
                0x0000000000005164       0x48 ./ra/fsp/src/r_usb_basic/r_usb_basic.o
                0x0000000000005164                R_USB_RemoteWakeup
 .text.R_USB_Close
                0x00000000000051ac       0x6c ./ra/fsp/src/r_usb_basic/r_usb_basic.o
                0x00000000000051ac                R_USB_Close
 .text.R_USB_Read
                0x0000000000005218       0x54 ./ra/fsp/src/r_usb_basic/r_usb_basic.o
                0x0000000000005218                R_USB_Read
 .text.R_USB_Write
                0x000000000000526c       0x54 ./ra/fsp/src/r_usb_basic/r_usb_basic.o
                0x000000000000526c                R_USB_Write
 .text.R_USB_Stop
                0x00000000000052c0       0x58 ./ra/fsp/src/r_usb_basic/r_usb_basic.o
                0x00000000000052c0                R_USB_Stop
 .text.R_USB_UsedPipesGet
                0x0000000000005318       0x70 ./ra/fsp/src/r_usb_basic/r_usb_basic.o
                0x0000000000005318                R_USB_UsedPipesGet
 .text.R_USB_PeriControlDataGet
                0x0000000000005388       0x48 ./ra/fsp/src/r_usb_basic/r_usb_basic.o
                0x0000000000005388                R_USB_PeriControlDataGet
 .text.R_USB_PeriControlDataSet
                0x00000000000053d0       0x48 ./ra/fsp/src/r_usb_basic/r_usb_basic.o
                0x00000000000053d0                R_USB_PeriControlDataSet
 .text.R_USB_PeriControlStatusSet
                0x0000000000005418       0x38 ./ra/fsp/src/r_usb_basic/r_usb_basic.o
                0x0000000000005418                R_USB_PeriControlStatusSet
 .text.R_USB_PipeWrite
                0x0000000000005450        0x8 ./ra/fsp/src/r_usb_basic/r_usb_basic.o
                0x0000000000005450                R_USB_PipeWrite
 .text.R_USB_HostControlTransfer
                0x0000000000005458       0x6c ./ra/fsp/src/r_usb_basic/r_usb_basic.o
                0x0000000000005458                R_USB_HostControlTransfer
 .text.R_USB_Resume
                0x00000000000054c4        0x8 ./ra/fsp/src/r_usb_basic/r_usb_basic.o
                0x00000000000054c4                R_USB_Resume
 .text.R_SCI_UART_Close
                0x00000000000054cc       0xcc ./ra/fsp/src/r_sci_uart/r_sci_uart.o
                0x00000000000054cc                R_SCI_UART_Close
 .text.R_SCI_UART_Read
                0x0000000000005598        0xc ./ra/fsp/src/r_sci_uart/r_sci_uart.o
                0x0000000000005598                R_SCI_UART_Read
 .text.R_SCI_UART_Write
                0x00000000000055a4       0x48 ./ra/fsp/src/r_sci_uart/r_sci_uart.o
                0x00000000000055a4                R_SCI_UART_Write
 .text.R_SCI_UART_CallbackSet
                0x00000000000055ec       0x10 ./ra/fsp/src/r_sci_uart/r_sci_uart.o
                0x00000000000055ec                R_SCI_UART_CallbackSet
 .text.R_SCI_UART_BaudSet
                0x00000000000055fc       0x4c ./ra/fsp/src/r_sci_uart/r_sci_uart.o
                0x00000000000055fc                R_SCI_UART_BaudSet
 .text.R_SCI_UART_InfoGet
                0x0000000000005648        0xc ./ra/fsp/src/r_sci_uart/r_sci_uart.o
                0x0000000000005648                R_SCI_UART_InfoGet
 .text.R_SCI_UART_Abort
                0x0000000000005654       0x3c ./ra/fsp/src/r_sci_uart/r_sci_uart.o
                0x0000000000005654                R_SCI_UART_Abort
 .text.R_SCI_UART_ReadStop
                0x0000000000005690       0x14 ./ra/fsp/src/r_sci_uart/r_sci_uart.o
                0x0000000000005690                R_SCI_UART_ReadStop
 .text.r_sci_uart_call_callback
                0x00000000000056a4       0x44 ./ra/fsp/src/r_sci_uart/r_sci_uart.o
 .text.R_SCI_UART_Open
                0x00000000000056e8      0x33c ./ra/fsp/src/r_sci_uart/r_sci_uart.o
                0x00000000000056e8                R_SCI_UART_Open
 .text.sci_uart_txi_isr
                0x0000000000005a24       0x8c ./ra/fsp/src/r_sci_uart/r_sci_uart.o
                0x0000000000005a24                sci_uart_txi_isr
 .text.sci_uart_rxi_isr
                0x0000000000005ab0       0x8c ./ra/fsp/src/r_sci_uart/r_sci_uart.o
                0x0000000000005ab0                sci_uart_rxi_isr
 .text.sci_uart_tei_isr
                0x0000000000005b3c       0x40 ./ra/fsp/src/r_sci_uart/r_sci_uart.o
                0x0000000000005b3c                sci_uart_tei_isr
 .text.sci_uart_eri_isr
                0x0000000000005b7c       0x74 ./ra/fsp/src/r_sci_uart/r_sci_uart.o
                0x0000000000005b7c                sci_uart_eri_isr
 .text.R_IOPORT_Close
                0x0000000000005bf0        0xc ./ra/fsp/src/r_ioport/r_ioport.o
                0x0000000000005bf0                R_IOPORT_Close
 .text.R_IOPORT_PinRead
                0x0000000000005bfc       0x24 ./ra/fsp/src/r_ioport/r_ioport.o
                0x0000000000005bfc                R_IOPORT_PinRead
 .text.R_IOPORT_PortRead
                0x0000000000005c20       0x14 ./ra/fsp/src/r_ioport/r_ioport.o
                0x0000000000005c20                R_IOPORT_PortRead
 .text.R_IOPORT_PortWrite
                0x0000000000005c34       0x1c ./ra/fsp/src/r_ioport/r_ioport.o
                0x0000000000005c34                R_IOPORT_PortWrite
 .text.R_IOPORT_PinWrite
                0x0000000000005c50       0x20 ./ra/fsp/src/r_ioport/r_ioport.o
                0x0000000000005c50                R_IOPORT_PinWrite
 .text.R_IOPORT_PortDirectionSet
                0x0000000000005c70       0x2c ./ra/fsp/src/r_ioport/r_ioport.o
                0x0000000000005c70                R_IOPORT_PortDirectionSet
 .text.R_IOPORT_PortEventInputRead
                0x0000000000005c9c       0x18 ./ra/fsp/src/r_ioport/r_ioport.o
                0x0000000000005c9c                R_IOPORT_PortEventInputRead
 .text.R_IOPORT_PinEventInputRead
                0x0000000000005cb4       0x38 ./ra/fsp/src/r_ioport/r_ioport.o
                0x0000000000005cb4                R_IOPORT_PinEventInputRead
 .text.R_IOPORT_PortEventOutputWrite
                0x0000000000005cec       0x1c ./ra/fsp/src/r_ioport/r_ioport.o
                0x0000000000005cec                R_IOPORT_PortEventOutputWrite
 .text.R_IOPORT_PinEventOutputWrite
                0x0000000000005d08       0x4c ./ra/fsp/src/r_ioport/r_ioport.o
                0x0000000000005d08                R_IOPORT_PinEventOutputWrite
 .text.bsp_vbatt_init
                0x0000000000005d54       0xac ./ra/fsp/src/r_ioport/r_ioport.o
 .text.r_ioport_pins_config
                0x0000000000005e00       0xc0 ./ra/fsp/src/r_ioport/r_ioport.o
 .text.R_IOPORT_Open
                0x0000000000005ec0       0x14 ./ra/fsp/src/r_ioport/r_ioport.o
                0x0000000000005ec0                R_IOPORT_Open
 .text.R_IOPORT_PinsCfg
                0x0000000000005ed4        0xc ./ra/fsp/src/r_ioport/r_ioport.o
                0x0000000000005ed4                R_IOPORT_PinsCfg
 .text.R_IOPORT_PinCfg
                0x0000000000005ee0       0xa8 ./ra/fsp/src/r_ioport/r_ioport.o
                0x0000000000005ee0                R_IOPORT_PinCfg
 .text.SystemCoreClockUpdate
                0x0000000000005f88       0x28 ./ra/fsp/src/bsp/mcu/all/bsp_clocks.o
                0x0000000000005f88                SystemCoreClockUpdate
 .text.bsp_clock_init
                0x0000000000005fb0      0x168 ./ra/fsp/src/bsp/mcu/all/bsp_clocks.o
                0x0000000000005fb0                bsp_clock_init
 .text.bsp_init_internal
                0x0000000000006118        0x4 ./ra/fsp/src/bsp/mcu/all/bsp_common.o
                0x0000000000006118                bsp_init
                0x0000000000006118                bsp_init_internal
 .text.__assert_func
                0x000000000000611c        0x4 ./ra/fsp/src/bsp/mcu/all/bsp_common.o
                0x000000000000611c                __assert_func
 .text.bsp_prv_software_delay_loop
                0x0000000000006120        0xc ./ra/fsp/src/bsp/mcu/all/bsp_delay.o
                0x0000000000006120                bsp_prv_software_delay_loop
 .text.R_BSP_SoftwareDelay
                0x000000000000612c       0x68 ./ra/fsp/src/bsp/mcu/all/bsp_delay.o
                0x000000000000612c                R_BSP_SoftwareDelay
 .text.NMI_Handler
                0x0000000000006194       0x38 ./ra/fsp/src/bsp/mcu/all/bsp_group_irq.o
                0x0000000000006194                NMI_Handler
 .text.bsp_irq_cfg
                0x00000000000061cc       0xa0 ./ra/fsp/src/bsp/mcu/all/bsp_irq.o
                0x00000000000061cc                bsp_irq_cfg
 .text.R_BSP_RegisterProtectEnable
                0x000000000000626c       0x60 ./ra/fsp/src/bsp/mcu/all/bsp_register_protection.o
                0x000000000000626c                R_BSP_RegisterProtectEnable
 .text.R_BSP_RegisterProtectDisable
                0x00000000000062cc       0x54 ./ra/fsp/src/bsp/mcu/all/bsp_register_protection.o
                0x00000000000062cc                R_BSP_RegisterProtectDisable
 .text._sbrk    0x0000000000006320       0x44 ./ra/fsp/src/bsp/mcu/all/bsp_sbrk.o
                0x0000000000006320                _sbrk
 .text.Default_Handler
                0x0000000000006364        0x4 ./ra/fsp/src/bsp/cmsis/Device/RENESAS/Source/startup.o
                0x0000000000006364                DebugMon_Handler
                0x0000000000006364                HardFault_Handler
                0x0000000000006364                UsageFault_Handler
                0x0000000000006364                SecureFault_Handler
                0x0000000000006364                Default_Handler
                0x0000000000006364                MemManage_Handler
                0x0000000000006364                BusFault_Handler
 .text.Reset_Handler
                0x0000000000006368        0xc ./ra/fsp/src/bsp/cmsis/Device/RENESAS/Source/startup.o
                0x0000000000006368                Reset_Handler
 .text.SystemInit
                0x0000000000006374       0xc0 ./ra/fsp/src/bsp/cmsis/Device/RENESAS/Source/system.o
                0x0000000000006374                SystemInit
 .text.prvInsertBlockIntoFreeList
                0x0000000000006434       0x64 ./ra/aws/FreeRTOS/FreeRTOS/Source/portable/MemMang/heap_4.o
 .text.pvPortMalloc
                0x0000000000006498      0x140 ./ra/aws/FreeRTOS/FreeRTOS/Source/portable/MemMang/heap_4.o
                0x0000000000006498                pvPortMalloc
 .text.vPortFree
                0x00000000000065d8       0x84 ./ra/aws/FreeRTOS/FreeRTOS/Source/portable/MemMang/heap_4.o
                0x00000000000065d8                vPortFree
 .text.xEventGroupCreateStatic
                0x000000000000665c       0x50 ./ra/aws/FreeRTOS/FreeRTOS/Source/event_groups.o
                0x000000000000665c                xEventGroupCreateStatic
 .text.xEventGroupWaitBits
                0x00000000000066ac      0x124 ./ra/aws/FreeRTOS/FreeRTOS/Source/event_groups.o
                0x00000000000066ac                xEventGroupWaitBits
 .text.vListInitialise
                0x00000000000067d0       0x18 ./ra/aws/FreeRTOS/FreeRTOS/Source/list.o
                0x00000000000067d0                vListInitialise
 .text.vListInitialiseItem
                0x00000000000067e8        0x8 ./ra/aws/FreeRTOS/FreeRTOS/Source/list.o
                0x00000000000067e8                vListInitialiseItem
 .text.vListInsertEnd
                0x00000000000067f0       0x20 ./ra/aws/FreeRTOS/FreeRTOS/Source/list.o
                0x00000000000067f0                vListInsertEnd
 .text.vListInsert
                0x0000000000006810       0x30 ./ra/aws/FreeRTOS/FreeRTOS/Source/list.o
                0x0000000000006810                vListInsert
 .text.uxListRemove
                0x0000000000006840       0x28 ./ra/aws/FreeRTOS/FreeRTOS/Source/list.o
                0x0000000000006840                uxListRemove
 .text.prvCopyDataToQueue
                0x0000000000006868       0x70 ./ra/aws/FreeRTOS/FreeRTOS/Source/queue.o
 .text.prvUnlockQueue
                0x00000000000068d8       0x8c ./ra/aws/FreeRTOS/FreeRTOS/Source/queue.o
 .text.xQueueGenericReset
                0x0000000000006964       0xbc ./ra/aws/FreeRTOS/FreeRTOS/Source/queue.o
                0x0000000000006964                xQueueGenericReset
 .text.xQueueGenericCreateStatic
                0x0000000000006a20       0x8c ./ra/aws/FreeRTOS/FreeRTOS/Source/queue.o
                0x0000000000006a20                xQueueGenericCreateStatic
 .text.xQueueGenericCreate
                0x0000000000006aac       0x5c ./ra/aws/FreeRTOS/FreeRTOS/Source/queue.o
                0x0000000000006aac                xQueueGenericCreate
 .text.xQueueCreateCountingSemaphoreStatic
                0x0000000000006b08       0x7c ./ra/aws/FreeRTOS/FreeRTOS/Source/queue.o
                0x0000000000006b08                xQueueCreateCountingSemaphoreStatic
 .text.xQueueGenericSend
                0x0000000000006b84      0x198 ./ra/aws/FreeRTOS/FreeRTOS/Source/queue.o
                0x0000000000006b84                xQueueGenericSend
 .text.xQueueCreateMutexStatic
                0x0000000000006d1c       0xa4 ./ra/aws/FreeRTOS/FreeRTOS/Source/queue.o
                0x0000000000006d1c                xQueueCreateMutexStatic
 .text.xQueueGenericSendFromISR
                0x0000000000006dc0       0xe8 ./ra/aws/FreeRTOS/FreeRTOS/Source/queue.o
                0x0000000000006dc0                xQueueGenericSendFromISR
 .text.xQueueGiveFromISR
                0x0000000000006ea8       0xd0 ./ra/aws/FreeRTOS/FreeRTOS/Source/queue.o
                0x0000000000006ea8                xQueueGiveFromISR
 .text.xQueueReceive
                0x0000000000006f78      0x184 ./ra/aws/FreeRTOS/FreeRTOS/Source/queue.o
                0x0000000000006f78                xQueueReceive
 .text.xQueueSemaphoreTake
                0x00000000000070fc      0x1d4 ./ra/aws/FreeRTOS/FreeRTOS/Source/queue.o
                0x00000000000070fc                xQueueSemaphoreTake
 .text.vQueueDelete
                0x00000000000072d0       0x58 ./ra/aws/FreeRTOS/FreeRTOS/Source/queue.o
                0x00000000000072d0                vQueueDelete
 .text.vQueueAddToRegistry
                0x0000000000007328       0x70 ./ra/aws/FreeRTOS/FreeRTOS/Source/queue.o
                0x0000000000007328                vQueueAddToRegistry
 .text.vQueueWaitForMessageRestricted
                0x0000000000007398       0x50 ./ra/aws/FreeRTOS/FreeRTOS/Source/queue.o
                0x0000000000007398                vQueueWaitForMessageRestricted
 .text.prvAddNewTaskToReadyList
                0x00000000000073e8      0x130 ./ra/aws/FreeRTOS/FreeRTOS/Source/tasks.o
 .text.prvAddCurrentTaskToDelayedList
                0x0000000000007518       0x8c ./ra/aws/FreeRTOS/FreeRTOS/Source/tasks.o
 .text.prvInitialiseNewTask.constprop.0
                0x00000000000075a4       0xac ./ra/aws/FreeRTOS/FreeRTOS/Source/tasks.o
 .text.prvIdleTask
                0x0000000000007650       0xa8 ./ra/aws/FreeRTOS/FreeRTOS/Source/tasks.o
 .text.xTaskIncrementTick.part.0
                0x00000000000076f8      0x178 ./ra/aws/FreeRTOS/FreeRTOS/Source/tasks.o
 .text.xTaskCreateStatic
                0x0000000000007870       0x78 ./ra/aws/FreeRTOS/FreeRTOS/Source/tasks.o
                0x0000000000007870                xTaskCreateStatic
 .text.xTaskCreate
                0x00000000000078e8       0x64 ./ra/aws/FreeRTOS/FreeRTOS/Source/tasks.o
                0x00000000000078e8                xTaskCreate
 .text.vTaskDelete
                0x000000000000794c      0x118 ./ra/aws/FreeRTOS/FreeRTOS/Source/tasks.o
                0x000000000000794c                vTaskDelete
 .text.vTaskStartScheduler
                0x0000000000007a64       0x8c ./ra/aws/FreeRTOS/FreeRTOS/Source/tasks.o
                0x0000000000007a64                vTaskStartScheduler
 .text.vTaskSuspendAll
                0x0000000000007af0       0x10 ./ra/aws/FreeRTOS/FreeRTOS/Source/tasks.o
                0x0000000000007af0                vTaskSuspendAll
 .text.xTaskResumeAll
                0x0000000000007b00      0x1a8 ./ra/aws/FreeRTOS/FreeRTOS/Source/tasks.o
                0x0000000000007b00                xTaskResumeAll
 .text.vTaskDelay
                0x0000000000007ca8       0x50 ./ra/aws/FreeRTOS/FreeRTOS/Source/tasks.o
                0x0000000000007ca8                vTaskDelay
 .text.xTaskGetTickCount
                0x0000000000007cf8        0xc ./ra/aws/FreeRTOS/FreeRTOS/Source/tasks.o
                0x0000000000007cf8                xTaskGetTickCount
 .text.xTaskIncrementTick
                0x0000000000007d04       0x20 ./ra/aws/FreeRTOS/FreeRTOS/Source/tasks.o
                0x0000000000007d04                xTaskIncrementTick
 .text.vTaskSwitchContext
                0x0000000000007d24       0x90 ./ra/aws/FreeRTOS/FreeRTOS/Source/tasks.o
                0x0000000000007d24                vTaskSwitchContext
 .text.vTaskPlaceOnEventList
                0x0000000000007db4       0x3c ./ra/aws/FreeRTOS/FreeRTOS/Source/tasks.o
                0x0000000000007db4                vTaskPlaceOnEventList
 .text.vTaskPlaceOnUnorderedEventList
                0x0000000000007df0       0x7c ./ra/aws/FreeRTOS/FreeRTOS/Source/tasks.o
                0x0000000000007df0                vTaskPlaceOnUnorderedEventList
 .text.vTaskPlaceOnEventListRestricted
                0x0000000000007e6c       0x64 ./ra/aws/FreeRTOS/FreeRTOS/Source/tasks.o
                0x0000000000007e6c                vTaskPlaceOnEventListRestricted
 .text.xTaskRemoveFromEventList
                0x0000000000007ed0       0xec ./ra/aws/FreeRTOS/FreeRTOS/Source/tasks.o
                0x0000000000007ed0                xTaskRemoveFromEventList
 .text.vTaskInternalSetTimeOutState
                0x0000000000007fbc       0x18 ./ra/aws/FreeRTOS/FreeRTOS/Source/tasks.o
                0x0000000000007fbc                vTaskInternalSetTimeOutState
 .text.xTaskCheckForTimeOut
                0x0000000000007fd4       0x94 ./ra/aws/FreeRTOS/FreeRTOS/Source/tasks.o
                0x0000000000007fd4                xTaskCheckForTimeOut
 .text.vTaskMissedYield
                0x0000000000008068        0xc ./ra/aws/FreeRTOS/FreeRTOS/Source/tasks.o
                0x0000000000008068                vTaskMissedYield
 .text.xTaskGetCurrentTaskHandle
                0x0000000000008074        0xc ./ra/aws/FreeRTOS/FreeRTOS/Source/tasks.o
                0x0000000000008074                xTaskGetCurrentTaskHandle
 .text.xTaskGetSchedulerState
                0x0000000000008080       0x20 ./ra/aws/FreeRTOS/FreeRTOS/Source/tasks.o
                0x0000000000008080                xTaskGetSchedulerState
 .text.xTaskPriorityInherit
                0x00000000000080a0       0x94 ./ra/aws/FreeRTOS/FreeRTOS/Source/tasks.o
                0x00000000000080a0                xTaskPriorityInherit
 .text.xTaskPriorityDisinherit
                0x0000000000008134       0xac ./ra/aws/FreeRTOS/FreeRTOS/Source/tasks.o
                0x0000000000008134                xTaskPriorityDisinherit
 .text.vTaskPriorityDisinheritAfterTimeout
                0x00000000000081e0       0xb8 ./ra/aws/FreeRTOS/FreeRTOS/Source/tasks.o
                0x00000000000081e0                vTaskPriorityDisinheritAfterTimeout
 .text.uxTaskResetEventItemValue
                0x0000000000008298       0x18 ./ra/aws/FreeRTOS/FreeRTOS/Source/tasks.o
                0x0000000000008298                uxTaskResetEventItemValue
 .text.pvTaskIncrementMutexHeldCount
                0x00000000000082b0       0x18 ./ra/aws/FreeRTOS/FreeRTOS/Source/tasks.o
                0x00000000000082b0                pvTaskIncrementMutexHeldCount
 .text.prvCheckForValidListAndQueue
                0x00000000000082c8       0x6c ./ra/aws/FreeRTOS/FreeRTOS/Source/timers.o
 .text.prvReloadTimer
                0x0000000000008334       0x54 ./ra/aws/FreeRTOS/FreeRTOS/Source/timers.o
 .text.prvProcessExpiredTimer
                0x0000000000008388       0x48 ./ra/aws/FreeRTOS/FreeRTOS/Source/timers.o
 .text.prvTimerTask
                0x00000000000083d0      0x208 ./ra/aws/FreeRTOS/FreeRTOS/Source/timers.o
 .text.xTimerCreateTimerTask
                0x00000000000085d8       0x6c ./ra/aws/FreeRTOS/FreeRTOS/Source/timers.o
                0x00000000000085d8                xTimerCreateTimerTask
 .text          0x0000000000008644      0xa44 /home/cdr/.local/share/renesas/e2_studio/toolchains/gcc_arm/10_3_2021_10/gcc-arm-none-eabi-10.3-2021.10/bin/../lib/gcc/arm-none-eabi/10.3.1/thumb/v8-m.main+fp/hard/libgcc.a(unwind-arm.o)
                0x0000000000008904                _Unwind_GetCFA
                0x0000000000008908                __gnu_Unwind_RaiseException
                0x0000000000008970                __gnu_Unwind_ForcedUnwind
                0x0000000000008984                __gnu_Unwind_Resume
                0x00000000000089c8                __gnu_Unwind_Resume_or_Rethrow
                0x00000000000089dc                _Unwind_Complete
                0x00000000000089e0                _Unwind_DeleteException
                0x00000000000089ec                _Unwind_VRS_Get
                0x0000000000008a38                _Unwind_VRS_Set
                0x0000000000008a84                __gnu_Unwind_Backtrace
                0x0000000000008dc8                __aeabi_unwind_cpp_pr0
                0x0000000000008dcc                __aeabi_unwind_cpp_pr1
                0x0000000000008dd0                __aeabi_unwind_cpp_pr2
                0x0000000000008dd4                _Unwind_VRS_Pop
 .text          0x0000000000009088      0x1ac /home/cdr/.local/share/renesas/e2_studio/toolchains/gcc_arm/10_3_2021_10/gcc-arm-none-eabi-10.3-2021.10/bin/../lib/gcc/arm-none-eabi/10.3.1/thumb/v8-m.main+fp/hard/libgcc.a(libunwind.o)
                0x0000000000009088                __restore_core_regs
                0x0000000000009088                restore_core_regs
                0x00000000000090a0                __gnu_Unwind_Restore_VFP
                0x00000000000090a8                __gnu_Unwind_Save_VFP
                0x00000000000090b0                __gnu_Unwind_Restore_VFP_D
                0x00000000000090b8                __gnu_Unwind_Save_VFP_D
                0x00000000000090c0                __gnu_Unwind_Restore_VFP_D_16_to_31
                0x00000000000090c8                __gnu_Unwind_Save_VFP_D_16_to_31
                0x00000000000090d0                __gnu_Unwind_Restore_WMMXD
                0x0000000000009114                __gnu_Unwind_Save_WMMXD
                0x0000000000009158                __gnu_Unwind_Restore_WMMXC
                0x000000000000916c                __gnu_Unwind_Save_WMMXC
                0x0000000000009180                ___Unwind_RaiseException
                0x0000000000009180                _Unwind_RaiseException
                0x00000000000091a4                ___Unwind_Resume
                0x00000000000091a4                _Unwind_Resume
                0x00000000000091c8                _Unwind_Resume_or_Rethrow
                0x00000000000091c8                ___Unwind_Resume_or_Rethrow
                0x00000000000091ec                ___Unwind_ForcedUnwind
                0x00000000000091ec                _Unwind_ForcedUnwind
                0x0000000000009210                _Unwind_Backtrace
                0x0000000000009210                ___Unwind_Backtrace
 .text          0x0000000000009234      0x374 /home/cdr/.local/share/renesas/e2_studio/toolchains/gcc_arm/10_3_2021_10/gcc-arm-none-eabi-10.3-2021.10/bin/../lib/gcc/arm-none-eabi/10.3.1/thumb/v8-m.main+fp/hard/libgcc.a(pr-support.o)
                0x000000000000928c                __gnu_unwind_execute
                0x0000000000009558                __gnu_unwind_frame
                0x0000000000009588                _Unwind_GetRegionStart
                0x0000000000009594                _Unwind_GetLanguageSpecificData
 .text.abort    0x00000000000095a8        0xe /home/cdr/.local/share/renesas/e2_studio/toolchains/gcc_arm/10_3_2021_10/gcc-arm-none-eabi-10.3-2021.10/bin/../lib/gcc/arm-none-eabi/10.3.1/../../../../arm-none-eabi/lib/thumb/v8-m.main+fp/hard/libg_nano.a(lib_a-abort.o)
                0x00000000000095a8                abort
 *fill*         0x00000000000095b6        0x2 ff
 .text.__errno  0x00000000000095b8        0xc /home/cdr/.local/share/renesas/e2_studio/toolchains/gcc_arm/10_3_2021_10/gcc-arm-none-eabi-10.3-2021.10/bin/../lib/gcc/arm-none-eabi/10.3.1/../../../../arm-none-eabi/lib/thumb/v8-m.main+fp/hard/libg_nano.a(lib_a-errno.o)
                0x00000000000095b8                __errno
 .text.memcpy   0x00000000000095c4       0x1a /home/cdr/.local/share/renesas/e2_studio/toolchains/gcc_arm/10_3_2021_10/gcc-arm-none-eabi-10.3-2021.10/bin/../lib/gcc/arm-none-eabi/10.3.1/../../../../arm-none-eabi/lib/thumb/v8-m.main+fp/hard/libg_nano.a(lib_a-memcpy-stub.o)
                0x00000000000095c4                memcpy
 .text.memset   0x00000000000095de       0x10 /home/cdr/.local/share/renesas/e2_studio/toolchains/gcc_arm/10_3_2021_10/gcc-arm-none-eabi-10.3-2021.10/bin/../lib/gcc/arm-none-eabi/10.3.1/../../../../arm-none-eabi/lib/thumb/v8-m.main+fp/hard/libg_nano.a(lib_a-memset.o)
                0x00000000000095de                memset
 .text._raise_r
                0x00000000000095ee       0x50 /home/cdr/.local/share/renesas/e2_studio/toolchains/gcc_arm/10_3_2021_10/gcc-arm-none-eabi-10.3-2021.10/bin/../lib/gcc/arm-none-eabi/10.3.1/../../../../arm-none-eabi/lib/thumb/v8-m.main+fp/hard/libg_nano.a(lib_a-signal.o)
                0x00000000000095ee                _raise_r
 *fill*         0x000000000000963e        0x2 ff
 .text.raise    0x0000000000009640       0x10 /home/cdr/.local/share/renesas/e2_studio/toolchains/gcc_arm/10_3_2021_10/gcc-arm-none-eabi-10.3-2021.10/bin/../lib/gcc/arm-none-eabi/10.3.1/../../../../arm-none-eabi/lib/thumb/v8-m.main+fp/hard/libg_nano.a(lib_a-signal.o)
                0x0000000000009640                raise
 .text._kill_r  0x0000000000009650       0x24 /home/cdr/.local/share/renesas/e2_studio/toolchains/gcc_arm/10_3_2021_10/gcc-arm-none-eabi-10.3-2021.10/bin/../lib/gcc/arm-none-eabi/10.3.1/../../../../arm-none-eabi/lib/thumb/v8-m.main+fp/hard/libg_nano.a(lib_a-signalr.o)
                0x0000000000009650                _kill_r
 .text._getpid_r
                0x0000000000009674        0x4 /home/cdr/.local/share/renesas/e2_studio/toolchains/gcc_arm/10_3_2021_10/gcc-arm-none-eabi-10.3-2021.10/bin/../lib/gcc/arm-none-eabi/10.3.1/../../../../arm-none-eabi/lib/thumb/v8-m.main+fp/hard/libg_nano.a(lib_a-signalr.o)
                0x0000000000009674                _getpid_r
 .text          0x0000000000009678       0x10 /home/cdr/.local/share/renesas/e2_studio/toolchains/gcc_arm/10_3_2021_10/gcc-arm-none-eabi-10.3-2021.10/bin/../lib/gcc/arm-none-eabi/10.3.1/../../../../arm-none-eabi/lib/thumb/v8-m.main+fp/hard/libg_nano.a(lib_a-strlen.o)
                0x0000000000009678                strlen
 .text._vsnprintf_r
                0x0000000000009688       0x56 /home/cdr/.local/share/renesas/e2_studio/toolchains/gcc_arm/10_3_2021_10/gcc-arm-none-eabi-10.3-2021.10/bin/../lib/gcc/arm-none-eabi/10.3.1/../../../../arm-none-eabi/lib/thumb/v8-m.main+fp/hard/libg_nano.a(lib_a-vsnprintf.o)
                0x0000000000009688                _vsnprintf_r
                0x0000000000009688                _vsniprintf_r
 *fill*         0x00000000000096de        0x2 ff
 .text.vsnprintf
                0x00000000000096e0       0x1c /home/cdr/.local/share/renesas/e2_studio/toolchains/gcc_arm/10_3_2021_10/gcc-arm-none-eabi-10.3-2021.10/bin/../lib/gcc/arm-none-eabi/10.3.1/../../../../arm-none-eabi/lib/thumb/v8-m.main+fp/hard/libg_nano.a(lib_a-vsnprintf.o)
                0x00000000000096e0                vsnprintf
                0x00000000000096e0                vsniprintf
 .text.sbrk_aligned
                0x00000000000096fc       0x40 /home/cdr/.local/share/renesas/e2_studio/toolchains/gcc_arm/10_3_2021_10/gcc-arm-none-eabi-10.3-2021.10/bin/../lib/gcc/arm-none-eabi/10.3.1/../../../../arm-none-eabi/lib/thumb/v8-m.main+fp/hard/libg_nano.a(lib_a-nano-mallocr.o)
 .text._malloc_r
                0x000000000000973c       0xe8 /home/cdr/.local/share/renesas/e2_studio/toolchains/gcc_arm/10_3_2021_10/gcc-arm-none-eabi-10.3-2021.10/bin/../lib/gcc/arm-none-eabi/10.3.1/../../../../arm-none-eabi/lib/thumb/v8-m.main+fp/hard/libg_nano.a(lib_a-nano-mallocr.o)
                0x000000000000973c                _malloc_r
 .text.__ssputs_r
                0x0000000000009824       0xb6 /home/cdr/.local/share/renesas/e2_studio/toolchains/gcc_arm/10_3_2021_10/gcc-arm-none-eabi-10.3-2021.10/bin/../lib/gcc/arm-none-eabi/10.3.1/../../../../arm-none-eabi/lib/thumb/v8-m.main+fp/hard/libg_nano.a(lib_a-nano-svfprintf.o)
                0x0000000000009824                __ssputs_r
 *fill*         0x00000000000098da        0x2 ff
 .text._svfprintf_r
                0x00000000000098dc      0x200 /home/cdr/.local/share/renesas/e2_studio/toolchains/gcc_arm/10_3_2021_10/gcc-arm-none-eabi-10.3-2021.10/bin/../lib/gcc/arm-none-eabi/10.3.1/../../../../arm-none-eabi/lib/thumb/v8-m.main+fp/hard/libg_nano.a(lib_a-nano-svfprintf.o)
                0x00000000000098dc                _svfprintf_r
                0x00000000000098dc                _svfiprintf_r
 .text._printf_common
                0x0000000000009adc       0xe0 /home/cdr/.local/share/renesas/e2_studio/toolchains/gcc_arm/10_3_2021_10/gcc-arm-none-eabi-10.3-2021.10/bin/../lib/gcc/arm-none-eabi/10.3.1/../../../../arm-none-eabi/lib/thumb/v8-m.main+fp/hard/libg_nano.a(lib_a-nano-vfprintf_i.o)
                0x0000000000009adc                _printf_common
 .text._printf_i
                0x0000000000009bbc      0x24c /home/cdr/.local/share/renesas/e2_studio/toolchains/gcc_arm/10_3_2021_10/gcc-arm-none-eabi-10.3-2021.10/bin/../lib/gcc/arm-none-eabi/10.3.1/../../../../arm-none-eabi/lib/thumb/v8-m.main+fp/hard/libg_nano.a(lib_a-nano-vfprintf_i.o)
                0x0000000000009bbc                _printf_i
 .text._sbrk_r  0x0000000000009e08       0x20 /home/cdr/.local/share/renesas/e2_studio/toolchains/gcc_arm/10_3_2021_10/gcc-arm-none-eabi-10.3-2021.10/bin/../lib/gcc/arm-none-eabi/10.3.1/../../../../arm-none-eabi/lib/thumb/v8-m.main+fp/hard/libg_nano.a(lib_a-sbrkr.o)
                0x0000000000009e08                _sbrk_r
 .text.memchr   0x0000000000009e28       0x1c /home/cdr/.local/share/renesas/e2_studio/toolchains/gcc_arm/10_3_2021_10/gcc-arm-none-eabi-10.3-2021.10/bin/../lib/gcc/arm-none-eabi/10.3.1/../../../../arm-none-eabi/lib/thumb/v8-m.main+fp/hard/libg_nano.a(lib_a-memchr-stub.o)
                0x0000000000009e28                memchr
 .text.memmove  0x0000000000009e44       0x34 /home/cdr/.local/share/renesas/e2_studio/toolchains/gcc_arm/10_3_2021_10/gcc-arm-none-eabi-10.3-2021.10/bin/../lib/gcc/arm-none-eabi/10.3.1/../../../../arm-none-eabi/lib/thumb/v8-m.main+fp/hard/libg_nano.a(lib_a-memmove.o)
                0x0000000000009e44                memmove
 .text.__malloc_lock
                0x0000000000009e78        0xc /home/cdr/.local/share/renesas/e2_studio/toolchains/gcc_arm/10_3_2021_10/gcc-arm-none-eabi-10.3-2021.10/bin/../lib/gcc/arm-none-eabi/10.3.1/../../../../arm-none-eabi/lib/thumb/v8-m.main+fp/hard/libg_nano.a(lib_a-mlock.o)
                0x0000000000009e78                __malloc_lock
 .text.__malloc_unlock